Archive member included to satisfy reference by file (symbol)

e:/env-windows-v2.0.0/env-windows/tools/gnu_gcc/arm_gcc/mingw/bin/../lib/gcc/arm-none-eabi/10.3.1/thumb/v6-m/nofp\libgcc.a(_udivsi3.o)
                              CMakeFiles/rtt_Drivers.dir/driver/modules/oled/oled.c.obj (__aeabi_uidiv)
e:/env-windows-v2.0.0/env-windows/tools/gnu_gcc/arm_gcc/mingw/bin/../lib/gcc/arm-none-eabi/10.3.1/thumb/v6-m/nofp\libgcc.a(_divsi3.o)
                              CMakeFiles/rtt_Kernel.dir/rt-thread/src/clock.c.obj (__aeabi_idiv)
e:/env-windows-v2.0.0/env-windows/tools/gnu_gcc/arm_gcc/mingw/bin/../lib/gcc/arm-none-eabi/10.3.1/thumb/v6-m/nofp\libgcc.a(_dvmd_tls.o)
                              e:/env-windows-v2.0.0/env-windows/tools/gnu_gcc/arm_gcc/mingw/bin/../lib/gcc/arm-none-eabi/10.3.1/thumb/v6-m/nofp\libgcc.a(_udivsi3.o) (__aeabi_idiv0)
e:/env-windows-v2.0.0/env-windows/tools/gnu_gcc/arm_gcc/mingw/bin/../lib/gcc/arm-none-eabi/10.3.1/thumb/v6-m/nofp\libgcc.a(_arm_cmpdf2.o)
                              CMakeFiles/rtt_klibc.dir/rt-thread/src/klibc/rt_vsscanf.c.obj (__aeabi_dcmpeq)
e:/env-windows-v2.0.0/env-windows/tools/gnu_gcc/arm_gcc/mingw/bin/../lib/gcc/arm-none-eabi/10.3.1/thumb/v6-m/nofp\libgcc.a(_arm_cmpsf2.o)
                              CMakeFiles/rtt_klibc.dir/rt-thread/src/klibc/rt_vsscanf.c.obj (__aeabi_fcmpeq)
e:/env-windows-v2.0.0/env-windows/tools/gnu_gcc/arm_gcc/mingw/bin/../lib/gcc/arm-none-eabi/10.3.1/thumb/v6-m/nofp\libgcc.a(eqsf2.o)
                              e:/env-windows-v2.0.0/env-windows/tools/gnu_gcc/arm_gcc/mingw/bin/../lib/gcc/arm-none-eabi/10.3.1/thumb/v6-m/nofp\libgcc.a(_arm_cmpsf2.o) (__eqsf2)
e:/env-windows-v2.0.0/env-windows/tools/gnu_gcc/arm_gcc/mingw/bin/../lib/gcc/arm-none-eabi/10.3.1/thumb/v6-m/nofp\libgcc.a(gesf2.o)
                              e:/env-windows-v2.0.0/env-windows/tools/gnu_gcc/arm_gcc/mingw/bin/../lib/gcc/arm-none-eabi/10.3.1/thumb/v6-m/nofp\libgcc.a(_arm_cmpsf2.o) (__gesf2)
e:/env-windows-v2.0.0/env-windows/tools/gnu_gcc/arm_gcc/mingw/bin/../lib/gcc/arm-none-eabi/10.3.1/thumb/v6-m/nofp\libgcc.a(lesf2.o)
                              e:/env-windows-v2.0.0/env-windows/tools/gnu_gcc/arm_gcc/mingw/bin/../lib/gcc/arm-none-eabi/10.3.1/thumb/v6-m/nofp\libgcc.a(_arm_cmpsf2.o) (__lesf2)
e:/env-windows-v2.0.0/env-windows/tools/gnu_gcc/arm_gcc/mingw/bin/../lib/gcc/arm-none-eabi/10.3.1/thumb/v6-m/nofp\libgcc.a(eqdf2.o)
                              e:/env-windows-v2.0.0/env-windows/tools/gnu_gcc/arm_gcc/mingw/bin/../lib/gcc/arm-none-eabi/10.3.1/thumb/v6-m/nofp\libgcc.a(_arm_cmpdf2.o) (__eqdf2)
e:/env-windows-v2.0.0/env-windows/tools/gnu_gcc/arm_gcc/mingw/bin/../lib/gcc/arm-none-eabi/10.3.1/thumb/v6-m/nofp\libgcc.a(gedf2.o)
                              e:/env-windows-v2.0.0/env-windows/tools/gnu_gcc/arm_gcc/mingw/bin/../lib/gcc/arm-none-eabi/10.3.1/thumb/v6-m/nofp\libgcc.a(_arm_cmpdf2.o) (__gedf2)
e:/env-windows-v2.0.0/env-windows/tools/gnu_gcc/arm_gcc/mingw/bin/../lib/gcc/arm-none-eabi/10.3.1/thumb/v6-m/nofp\libgcc.a(ledf2.o)
                              e:/env-windows-v2.0.0/env-windows/tools/gnu_gcc/arm_gcc/mingw/bin/../lib/gcc/arm-none-eabi/10.3.1/thumb/v6-m/nofp\libgcc.a(_arm_cmpdf2.o) (__ledf2)
e:/env-windows-v2.0.0/env-windows/tools/gnu_gcc/arm_gcc/mingw/bin/../lib/gcc/arm-none-eabi/10.3.1/../../../../arm-none-eabi/lib/thumb/v6-m/nofp\libg.a(lib_a-ctype_.o)
                              CMakeFiles/rtt_klibc.dir/rt-thread/src/klibc/rt_vsscanf.c.obj (_ctype_)
e:/env-windows-v2.0.0/env-windows/tools/gnu_gcc/arm_gcc/mingw/bin/../lib/gcc/arm-none-eabi/10.3.1/../../../../arm-none-eabi/lib/thumb/v6-m/nofp\libg.a(lib_a-errno.o)
                              CMakeFiles/rtthread.elf.dir/applications/sysmem.c.obj (__errno)
e:/env-windows-v2.0.0/env-windows/tools/gnu_gcc/arm_gcc/mingw/bin/../lib/gcc/arm-none-eabi/10.3.1/../../../../arm-none-eabi/lib/thumb/v6-m/nofp\libg.a(lib_a-impure.o)
                              e:/env-windows-v2.0.0/env-windows/tools/gnu_gcc/arm_gcc/mingw/bin/../lib/gcc/arm-none-eabi/10.3.1/../../../../arm-none-eabi/lib/thumb/v6-m/nofp\libg.a(lib_a-errno.o) (_impure_ptr)
e:/env-windows-v2.0.0/env-windows/tools/gnu_gcc/arm_gcc/mingw/bin/../lib/gcc/arm-none-eabi/10.3.1/../../../../arm-none-eabi/lib/thumb/v6-m/nofp\libg.a(lib_a-memset.o)
                              CMakeFiles/rtt_klibc.dir/rt-thread/src/klibc/rt_vsnprintf_tiny.c.obj (memset)
e:/env-windows-v2.0.0/env-windows/tools/gnu_gcc/arm_gcc/mingw/bin/../lib/gcc/arm-none-eabi/10.3.1/../../../../arm-none-eabi/lib/thumb/v6-m/nofp\libg.a(lib_a-strtod.o)
                              CMakeFiles/rtt_klibc.dir/rt-thread/src/klibc/rt_vsscanf.c.obj (strtod)
e:/env-windows-v2.0.0/env-windows/tools/gnu_gcc/arm_gcc/mingw/bin/../lib/gcc/arm-none-eabi/10.3.1/../../../../arm-none-eabi/lib/thumb/v6-m/nofp\libg.a(lib_a-strtold.o)
                              CMakeFiles/rtt_klibc.dir/rt-thread/src/klibc/rt_vsscanf.c.obj (strtold)
[...]
Memory Configuration

Name             Origin             Length             Attributes
CODE             0x00000000         0x00008000         xr
DATA             0x10000000         0x00002000         rw
*default*        0x00000000         0xffffffff

Linker script and memory map

LOAD CMakeFiles/rtthread.elf.dir/applications/sysmem.c.obj
LOAD CMakeFiles/rtthread.elf.dir/applications/syscalls.c.obj
LOAD CMakeFiles/rtthread.elf.dir/applications/main.c.obj
LOAD CMakeFiles/rtt_Drivers.dir/driver/drivers/i2c.c.obj
LOAD CMakeFiles/rtt_Drivers.dir/driver/modules/led/led.c.obj
LOAD CMakeFiles/rtt_Drivers.dir/driver/board.c.obj
LOAD CMakeFiles/rtt_Drivers.dir/driver/drivers/gpio.c.obj
LOAD CMakeFiles/rtt_Drivers.dir/driver/startup_gcc.s.obj
LOAD CMakeFiles/rtt_Drivers.dir/driver/modules/key/key.c.obj
LOAD CMakeFiles/rtt_Drivers.dir/driver/modules/oled/oled.c.obj
LOAD CMakeFiles/rtt_Kernel.dir/rt-thread/src/clock.c.obj
LOAD CMakeFiles/rtt_Kernel.dir/rt-thread/src/components.c.obj
LOAD CMakeFiles/rtt_Kernel.dir/rt-thread/src/cpu_up.c.obj
LOAD CMakeFiles/rtt_Kernel.dir/rt-thread/src/defunct.c.obj
LOAD CMakeFiles/rtt_Kernel.dir/rt-thread/src/idle.c.obj
LOAD CMakeFiles/rtt_Kernel.dir/rt-thread/src/ipc.c.obj
LOAD CMakeFiles/rtt_Kernel.dir/rt-thread/src/irq.c.obj
LOAD CMakeFiles/rtt_Kernel.dir/rt-thread/src/kservice.c.obj
LOAD CMakeFiles/rtt_Kernel.dir/rt-thread/src/mem.c.obj
LOAD CMakeFiles/rtt_Kernel.dir/rt-thread/src/mempool.c.obj
LOAD CMakeFiles/rtt_Kernel.dir/rt-thread/src/object.c.obj
LOAD CMakeFiles/rtt_Kernel.dir/rt-thread/src/scheduler_comm.c.obj
LOAD CMakeFiles/rtt_Kernel.dir/rt-thread/src/scheduler_up.c.obj
LOAD CMakeFiles/rtt_Kernel.dir/rt-thread/src/thread.c.obj
LOAD CMakeFiles/rtt_Kernel.dir/rt-thread/src/timer.c.obj
LOAD CMakeFiles/rtt_klibc.dir/rt-thread/src/klibc/kerrno.c.obj
LOAD CMakeFiles/rtt_klibc.dir/rt-thread/src/klibc/rt_vsscanf.c.obj
LOAD CMakeFiles/rtt_klibc.dir/rt-thread/src/klibc/kstring.c.obj
LOAD CMakeFiles/rtt_klibc.dir/rt-thread/src/klibc/kstdio.c.obj
LOAD CMakeFiles/rtt_klibc.dir/rt-thread/src/klibc/rt_vsnprintf_tiny.c.obj
LOAD CMakeFiles/rtt_libcpu.dir/rt-thread/libcpu/arm/common/div0.c.obj
LOAD CMakeFiles/rtt_libcpu.dir/rt-thread/libcpu/arm/common/showmem.c.obj
LOAD CMakeFiles/rtt_libcpu.dir/rt-thread/libcpu/arm/cortex-m0/context_gcc.S.obj
LOAD CMakeFiles/rtt_libcpu.dir/rt-thread/libcpu/arm/cortex-m0/cpuport.c.obj
START GROUP
LOAD e:/env-windows-v2.0.0/env-windows/tools/gnu_gcc/arm_gcc/mingw/bin/../lib/gcc/arm-none-eabi/10.3.1/thumb/v6-m/nofp\libgcc.a
LOAD e:/env-windows-v2.0.0/env-windows/tools/gnu_gcc/arm_gcc/mingw/bin/../lib/gcc/arm-none-eabi/10.3.1/../../../../arm-none-eabi/lib/thumb/v6-m/nofp\libg.a
LOAD e:/env-windows-v2.0.0/env-windows/tools/gnu_gcc/arm_gcc/mingw/bin/../lib/gcc/arm-none-eabi/10.3.1/../../../../arm-none-eabi/lib/thumb/v6-m/nofp\libc.a
END GROUP
                0x00000100                _system_stack_size = 0x100
                0x10002000                _ram_end = (ORIGIN (DATA) + LENGTH (DATA))

.text           0x00000000     0x589c
                0x00000000                . = ALIGN (0x4)
                0x00000000                _stext = .
 *(.isr_vector)
 .isr_vector    0x00000000      0x100 CMakeFiles/rtt_Drivers.dir/driver/startup_gcc.s.obj
                0x00000100                . = ALIGN (0x4)
 *(.text)
 .text          0x00000100       0x44 CMakeFiles/rtt_Drivers.dir/driver/startup_gcc.s.obj
                0x00000100                Reset_Handler
 .text          0x00000144       0xec CMakeFiles/rtt_libcpu.dir/rt-thread/libcpu/arm/cortex-m0/context_gcc.S.obj
                0x00000144                rt_hw_interrupt_disable
                0x0000014c                rt_hw_interrupt_enable
                0x00000152                rt_hw_context_switch_interrupt
                0x00000152                rt_hw_context_switch
                0x0000016e                PendSV_Handler
                0x000001c2                rt_hw_context_switch_to
                0x000001fa                rt_hw_interrupt_thread_switch
                0x000001fe                HardFault_Handler
                0x0000020a                rt_hw_interrupt_check
 .text          0x00000230      0x114 e:/env-windows-v2.0.0/env-windows/tools/gnu_gcc/arm_gcc/mingw/bin/../lib/gcc/arm-none-eabi/10.3.1/thumb/v6-m/nofp\libgcc.a(_udivsi3.o)
                0x00000230                __aeabi_uidiv
                0x00000230                __udivsi3
                0x0000033c                __aeabi_uidivmod
 .text          0x00000344      0x1d4 e:/env-windows-v2.0.0/env-windows/tools/gnu_gcc/arm_gcc/mingw/bin/../lib/gcc/arm-none-eabi/10.3.1/thumb/v6-m/nofp\libgcc.a(_divsi3.o)
                0x00000344                __divsi3
                0x00000344                __aeabi_idiv
                0x00000510                __aeabi_idivmod
 .text          0x00000518        0x4 e:/env-windows-v2.0.0/env-windows/tools/gnu_gcc/arm_gcc/mingw/bin/../lib/gcc/arm-none-eabi/10.3.1/thumb/v6-m/nofp\libgcc.a(_dvmd_tls.o)
                0x00000518                __aeabi_idiv0
                0x00000518                __aeabi_ldiv0
 *(.text.*)
 .text.main     0x0000051c       0x48 CMakeFiles/rtthread.elf.dir/applications/main.c.obj
                0x0000051c                main
 .text.__NVIC_EnableIRQ
                0x00000564       0x34 CMakeFiles/rtt_Drivers.dir/driver/drivers/i2c.c.obj
 .text.I2C_IRQHandler
                0x00000598      0x234 CMakeFiles/rtt_Drivers.dir/driver/drivers/i2c.c.obj
                0x00000598                I2C_IRQHandler
 .text.I2CInit  0x000007cc       0xa0 CMakeFiles/rtt_Drivers.dir/driver/drivers/i2c.c.obj
                0x000007cc                I2CInit
 .text.I2CEngine
                0x0000086c       0x6c CMakeFiles/rtt_Drivers.dir/driver/drivers/i2c.c.obj
                0x0000086c                I2CEngine
 .text.LED_Init
                0x000008d8       0x50 CMakeFiles/rtt_Drivers.dir/driver/modules/led/led.c.obj
                0x000008d8                LED_Init
 .text.LED_Toggle
                0x00000928       0x3c CMakeFiles/rtt_Drivers.dir/driver/modules/led/led.c.obj
                0x00000928                LED_Toggle
 .text.RightRearLight_Off
                0x00000964       0x14 CMakeFiles/rtt_Drivers.dir/driver/modules/led/led.c.obj
                0x00000964                RightRearLight_Off
 .text.LeftRearLight_Off
                0x00000978       0x14 CMakeFiles/rtt_Drivers.dir/driver/modules/led/led.c.obj
                0x00000978                LeftRearLight_Off
 .text.RightFrontLight_Off
                0x0000098c       0x14 CMakeFiles/rtt_Drivers.dir/driver/modules/led/led.c.obj
                0x0000098c                RightFrontLight_Off
 .text.LeftFrontLight_Off
                0x000009a0       0x14 CMakeFiles/rtt_Drivers.dir/driver/modules/led/led.c.obj
                0x000009a0                LeftFrontLight_Off
 .text.SysTick_Handler
                0x000009b4       0x16 CMakeFiles/rtt_Drivers.dir/driver/board.c.obj
                0x000009b4                SysTick_Handler
 .text.UART_IRQHandler
                0x000009ca        0xa CMakeFiles/rtt_Drivers.dir/driver/board.c.obj
                0x000009ca                UART_IRQHandler
 .text.os_clock_init
                0x000009d4       0x8c CMakeFiles/rtt_Drivers.dir/driver/board.c.obj
                0x000009d4                os_clock_init
 .text.SysTick_init
                0x00000a60       0x50 CMakeFiles/rtt_Drivers.dir/driver/board.c.obj
                0x00000a60                SysTick_init
 .text.rt_hw_board_init
                0x00000ab0       0x2c CMakeFiles/rtt_Drivers.dir/driver/board.c.obj
                0x00000ab0                rt_hw_board_init
 .text.GPIOInit
                0x00000adc       0x20 CMakeFiles/rtt_Drivers.dir/driver/drivers/gpio.c.obj
                0x00000adc                GPIOInit
 .text.GPIOSetInterrupt
                0x00000afc      0x314 CMakeFiles/rtt_Drivers.dir/driver/drivers/gpio.c.obj
                0x00000afc                GPIOSetInterrupt
 .text.GPIOIntEnable
                0x00000e10       0xb0 CMakeFiles/rtt_Drivers.dir/driver/drivers/gpio.c.obj
                0x00000e10                GPIOIntEnable
 .text.GPIOIntStatus
                0x00000ec0       0xc4 CMakeFiles/rtt_Drivers.dir/driver/drivers/gpio.c.obj
                0x00000ec0                GPIOIntStatus
 .text.GPIOIntClear
                0x00000f84       0xb0 CMakeFiles/rtt_Drivers.dir/driver/drivers/gpio.c.obj
                0x00000f84                GPIOIntClear
 .text.GPIOSetValue
                0x00001034       0x34 CMakeFiles/rtt_Drivers.dir/driver/drivers/gpio.c.obj
                0x00001034                GPIOSetValue
 .text.GPIOSetDir
                0x00001068       0x78 CMakeFiles/rtt_Drivers.dir/driver/drivers/gpio.c.obj
                0x00001068                GPIOSetDir
 .text.__NVIC_EnableIRQ
                0x000010e0       0x34 CMakeFiles/rtt_Drivers.dir/driver/modules/key/key.c.obj
 .text.KEY_IRQ_Init
                0x00001114       0x54 CMakeFiles/rtt_Drivers.dir/driver/modules/key/key.c.obj
                0x00001114                KEY_IRQ_Init
 .text.PIOINT1_IRQHandler
                0x00001168       0x28 CMakeFiles/rtt_Drivers.dir/driver/modules/key/key.c.obj
                0x00001168                PIOINT1_IRQHandler
 .text.OLED_WriteCommand
                0x00001190       0x5c CMakeFiles/rtt_Drivers.dir/driver/modules/oled/oled.c.obj
                0x00001190                OLED_WriteCommand
 .text.OLED_WriteData
                0x000011ec       0x5c CMakeFiles/rtt_Drivers.dir/driver/modules/oled/oled.c.obj
                0x000011ec                OLED_WriteData
 .text.OLED_SetCursor
                0x00001248       0x50 CMakeFiles/rtt_Drivers.dir/driver/modules/oled/oled.c.obj
                0x00001248                OLED_SetCursor
 .text.OLED_Clear
                0x00001298       0x58 CMakeFiles/rtt_Drivers.dir/driver/modules/oled/oled.c.obj
                0x00001298                OLED_Clear
 .text.OLED_ShowChar
                0x000012f0       0xe4 CMakeFiles/rtt_Drivers.dir/driver/modules/oled/oled.c.obj
                0x000012f0                OLED_ShowChar
 .text.OLED_ShowString
                0x000013d4       0x64 CMakeFiles/rtt_Drivers.dir/driver/modules/oled/oled.c.obj
                0x000013d4                OLED_ShowString
 .text.OLED_Init
                0x00001438       0xce CMakeFiles/rtt_Drivers.dir/driver/modules/oled/oled.c.obj
                0x00001438                OLED_Init
 .text.rt_soft_atomic_add
                0x00001506       0x36 CMakeFiles/rtt_Kernel.dir/rt-thread/src/clock.c.obj
 .text.rt_soft_atomic_load
                0x0000153c       0x28 CMakeFiles/rtt_Kernel.dir/rt-thread/src/clock.c.obj
 .text.rt_tick_get
                0x00001564       0x18 CMakeFiles/rtt_Kernel.dir/rt-thread/src/clock.c.obj
                0x00001564                rt_tick_get
 .text.rt_tick_increase
                0x0000157c       0x28 CMakeFiles/rtt_Kernel.dir/rt-thread/src/clock.c.obj
                0x0000157c                rt_tick_increase
 .text.rt_tick_from_millisecond
                0x000015a4       0x68 CMakeFiles/rtt_Kernel.dir/rt-thread/src/clock.c.obj
                0x000015a4                rt_tick_from_millisecond
 .text.rti_start
                0x0000160c        0xc CMakeFiles/rtt_Kernel.dir/rt-thread/src/components.c.obj
 .text.rti_board_start
                0x00001618        0xc CMakeFiles/rtt_Kernel.dir/rt-thread/src/components.c.obj
 .text.rti_board_end
                0x00001624        0xc CMakeFiles/rtt_Kernel.dir/rt-thread/src/components.c.obj
 .text.rti_end  0x00001630        0xc CMakeFiles/rtt_Kernel.dir/rt-thread/src/components.c.obj
 .text.rt_components_board_init
                0x0000163c       0x34 CMakeFiles/rtt_Kernel.dir/rt-thread/src/components.c.obj
                0x0000163c                rt_components_board_init
 .text.rt_components_init
                0x00001670       0x34 CMakeFiles/rtt_Kernel.dir/rt-thread/src/components.c.obj
                0x00001670                rt_components_init
 .text.entry    0x000016a4       0x10 CMakeFiles/rtt_Kernel.dir/rt-thread/src/components.c.obj
                0x000016a4                entry
 .text.main_thread_entry
                0x000016b4       0x18 CMakeFiles/rtt_Kernel.dir/rt-thread/src/components.c.obj
 .text.rt_application_init
                0x000016cc       0x38 CMakeFiles/rtt_Kernel.dir/rt-thread/src/components.c.obj
                0x000016cc                rt_application_init
 .text.rtthread_startup
                0x00001704       0x34 CMakeFiles/rtt_Kernel.dir/rt-thread/src/components.c.obj
                0x00001704                rtthread_startup
 .text.rt_spin_lock_init
                0x00001738       0x10 CMakeFiles/rtt_Kernel.dir/rt-thread/src/cpu_up.c.obj
                0x00001738                rt_spin_lock_init
 .text.rt_spin_lock
                0x00001748       0x14 CMakeFiles/rtt_Kernel.dir/rt-thread/src/cpu_up.c.obj
                0x00001748                rt_spin_lock
 .text.rt_spin_unlock
                0x0000175c       0x1c CMakeFiles/rtt_Kernel.dir/rt-thread/src/cpu_up.c.obj
                0x0000175c                rt_spin_unlock
 .text.rt_spin_lock_irqsave
                0x00001778       0x1e CMakeFiles/rtt_Kernel.dir/rt-thread/src/cpu_up.c.obj
                0x00001778                rt_spin_lock_irqsave
 .text.rt_spin_unlock_irqrestore
                0x00001796       0x26 CMakeFiles/rtt_Kernel.dir/rt-thread/src/cpu_up.c.obj
                0x00001796                rt_spin_unlock_irqrestore
 .text.rt_cpu_self
                0x000017bc       0x10 CMakeFiles/rtt_Kernel.dir/rt-thread/src/cpu_up.c.obj
                0x000017bc                rt_cpu_self
 .text.rt_cpu_index
                0x000017cc       0x20 CMakeFiles/rtt_Kernel.dir/rt-thread/src/cpu_up.c.obj
                0x000017cc                rt_cpu_index
 .text.rt_list_insert_after
                0x000017ec       0x2e CMakeFiles/rtt_Kernel.dir/rt-thread/src/defunct.c.obj
 .text.rt_list_remove
                0x0000181a       0x32 CMakeFiles/rtt_Kernel.dir/rt-thread/src/defunct.c.obj
 .text.rt_list_isempty
                0x0000184c       0x1e CMakeFiles/rtt_Kernel.dir/rt-thread/src/defunct.c.obj
 *fill*         0x0000186a        0x2 00000000
 .text.rt_thread_defunct_enqueue
                0x0000186c       0x40 CMakeFiles/rtt_Kernel.dir/rt-thread/src/defunct.c.obj
                0x0000186c                rt_thread_defunct_enqueue
 .text.rt_thread_defunct_dequeue
                0x000018ac       0x58 CMakeFiles/rtt_Kernel.dir/rt-thread/src/defunct.c.obj
                0x000018ac                rt_thread_defunct_dequeue
 .text.rt_defunct_execute
                0x00001904       0x66 CMakeFiles/rtt_Kernel.dir/rt-thread/src/defunct.c.obj
                0x00001904                rt_defunct_execute
 *fill*         0x0000196a        0x2 00000000
 .text.rt_thread_defunct_init
                0x0000196c       0x18 CMakeFiles/rtt_Kernel.dir/rt-thread/src/defunct.c.obj
                0x0000196c                rt_thread_defunct_init
 .text.idle_thread_entry
                0x00001984        0xe CMakeFiles/rtt_Kernel.dir/rt-thread/src/idle.c.obj
 *fill*         0x00001992        0x2 00000000
 .text.rt_thread_idle_init
                0x00001994       0x94 CMakeFiles/rtt_Kernel.dir/rt-thread/src/idle.c.obj
                0x00001994                rt_thread_idle_init
 .text.rt_list_init
                0x00001a28       0x1e CMakeFiles/rtt_Kernel.dir/rt-thread/src/ipc.c.obj
 .text.rt_list_insert_after
                0x00001a46       0x2e CMakeFiles/rtt_Kernel.dir/rt-thread/src/ipc.c.obj
 .text.rt_list_insert_before
                0x00001a74       0x2e CMakeFiles/rtt_Kernel.dir/rt-thread/src/ipc.c.obj
 .text.rt_list_remove
                0x00001aa2       0x32 CMakeFiles/rtt_Kernel.dir/rt-thread/src/ipc.c.obj
 .text.rt_list_isempty
                0x00001ad4       0x1e CMakeFiles/rtt_Kernel.dir/rt-thread/src/ipc.c.obj
 .text._ipc_object_init
                0x00001af2       0x1c CMakeFiles/rtt_Kernel.dir/rt-thread/src/ipc.c.obj
 .text.rt_susp_list_enqueue
                0x00001b0e       0x9a CMakeFiles/rtt_Kernel.dir/rt-thread/src/ipc.c.obj
                0x00001b0e                rt_susp_list_enqueue
 .text._mutex_update_priority
                0x00001ba8       0x42 CMakeFiles/rtt_Kernel.dir/rt-thread/src/ipc.c.obj
 .text._thread_get_mutex_priority
                0x00001bea       0x86 CMakeFiles/rtt_Kernel.dir/rt-thread/src/ipc.c.obj
 .text._thread_update_priority
                0x00001c70       0xf2 CMakeFiles/rtt_Kernel.dir/rt-thread/src/ipc.c.obj
 .text._check_and_update_prio
                0x00001d62       0x5c CMakeFiles/rtt_Kernel.dir/rt-thread/src/ipc.c.obj
 .text.rt_mutex_init
                0x00001dbe       0x5e CMakeFiles/rtt_Kernel.dir/rt-thread/src/ipc.c.obj
                0x00001dbe                rt_mutex_init
 .text.rt_mutex_drop_thread
                0x00001e1c       0xda CMakeFiles/rtt_Kernel.dir/rt-thread/src/ipc.c.obj
                0x00001e1c                rt_mutex_drop_thread
 .text._rt_mutex_take
                0x00001ef6      0x290 CMakeFiles/rtt_Kernel.dir/rt-thread/src/ipc.c.obj
 .text.rt_mutex_take
                0x00002186       0x20 CMakeFiles/rtt_Kernel.dir/rt-thread/src/ipc.c.obj
                0x00002186                rt_mutex_take
 .text.rt_mutex_release
                0x000021a6      0x176 CMakeFiles/rtt_Kernel.dir/rt-thread/src/ipc.c.obj
                0x000021a6                rt_mutex_release
 .text.rt_soft_atomic_add
                0x0000231c       0x36 CMakeFiles/rtt_Kernel.dir/rt-thread/src/irq.c.obj
 .text.rt_soft_atomic_sub
                0x00002352       0x36 CMakeFiles/rtt_Kernel.dir/rt-thread/src/irq.c.obj
 .text.rt_soft_atomic_load
                0x00002388       0x28 CMakeFiles/rtt_Kernel.dir/rt-thread/src/irq.c.obj
 .text.rt_interrupt_enter
                0x000023b0       0x18 CMakeFiles/rtt_Kernel.dir/rt-thread/src/irq.c.obj
                0x000023b0                rt_interrupt_enter
 .text.rt_interrupt_leave
                0x000023c8       0x18 CMakeFiles/rtt_Kernel.dir/rt-thread/src/irq.c.obj
                0x000023c8                rt_interrupt_leave
 .text.rt_interrupt_get_nest
                0x000023e0       0x34 CMakeFiles/rtt_Kernel.dir/rt-thread/src/irq.c.obj
                0x000023e0                rt_interrupt_get_nest
 .text.rt_show_version
                0x00002414        0xa CMakeFiles/rtt_Kernel.dir/rt-thread/src/kservice.c.obj
                0x00002414                rt_show_version
 *fill*         0x0000241e        0x2 00000000
 .text._heap_lock_init
                0x00002420       0x20 CMakeFiles/rtt_Kernel.dir/rt-thread/src/kservice.c.obj
 .text._heap_lock
                0x00002440       0x2c CMakeFiles/rtt_Kernel.dir/rt-thread/src/kservice.c.obj
 .text._heap_unlock
                0x0000246c       0x24 CMakeFiles/rtt_Kernel.dir/rt-thread/src/kservice.c.obj
 .text.rt_system_heap_init_generic
                0x00002490       0x48 CMakeFiles/rtt_Kernel.dir/rt-thread/src/kservice.c.obj
                0x00002490                rt_system_heap_init_generic
 .text.rt_system_heap_init
                0x000024d8       0x1e CMakeFiles/rtt_Kernel.dir/rt-thread/src/kservice.c.obj
                0x000024d8                rt_system_heap_init
 *fill*         0x000024f6        0x2 00000000
 .text.rt_malloc
                0x000024f8       0x38 CMakeFiles/rtt_Kernel.dir/rt-thread/src/kservice.c.obj
                0x000024f8                rt_malloc
 .text.rt_free  0x00002530       0x30 CMakeFiles/rtt_Kernel.dir/rt-thread/src/kservice.c.obj
                0x00002530                rt_free
 .text.__rt_ffs
                0x00002560       0x74 CMakeFiles/rtt_Kernel.dir/rt-thread/src/kservice.c.obj
                0x00002560                __rt_ffs
 .text.plug_holes
                0x000025d4       0xc0 CMakeFiles/rtt_Kernel.dir/rt-thread/src/mem.c.obj
 .text.rt_smem_init
                0x00002694       0xf4 CMakeFiles/rtt_Kernel.dir/rt-thread/src/mem.c.obj
                0x00002694                rt_smem_init
 .text.rt_smem_alloc
                0x00002788      0x1aa CMakeFiles/rtt_Kernel.dir/rt-thread/src/mem.c.obj
                0x00002788                rt_smem_alloc
 .text.rt_smem_free
                0x00002932       0x86 CMakeFiles/rtt_Kernel.dir/rt-thread/src/mem.c.obj
                0x00002932                rt_smem_free
 .text.rt_list_insert_after
                0x000029b8       0x2e CMakeFiles/rtt_Kernel.dir/rt-thread/src/object.c.obj
 .text.rt_list_remove
                0x000029e6       0x32 CMakeFiles/rtt_Kernel.dir/rt-thread/src/object.c.obj
 .text.rt_object_get_information
                0x00002a18       0x60 CMakeFiles/rtt_Kernel.dir/rt-thread/src/object.c.obj
                0x00002a18                rt_object_get_information
 .text.rt_object_init
                0x00002a78       0x94 CMakeFiles/rtt_Kernel.dir/rt-thread/src/object.c.obj
                0x00002a78                rt_object_init
 .text.rt_object_detach
                0x00002b0c       0x4a CMakeFiles/rtt_Kernel.dir/rt-thread/src/object.c.obj
                0x00002b0c                rt_object_detach
 .text.rt_object_allocate
                0x00002b56       0xb6 CMakeFiles/rtt_Kernel.dir/rt-thread/src/object.c.obj
                0x00002b56                rt_object_allocate
 .text.rt_object_delete
                0x00002c0c       0x52 CMakeFiles/rtt_Kernel.dir/rt-thread/src/object.c.obj
                0x00002c0c                rt_object_delete
 .text.rt_object_is_systemobject
                0x00002c5e       0x20 CMakeFiles/rtt_Kernel.dir/rt-thread/src/object.c.obj
                0x00002c5e                rt_object_is_systemobject
 .text.rt_object_get_type
                0x00002c7e       0x1a CMakeFiles/rtt_Kernel.dir/rt-thread/src/object.c.obj
                0x00002c7e                rt_object_get_type
 .text.rt_list_remove
                0x00002c98       0x32 CMakeFiles/rtt_Kernel.dir/rt-thread/src/scheduler_comm.c.obj
 .text.rt_sched_thread_init_ctx
                0x00002cca       0x2c CMakeFiles/rtt_Kernel.dir/rt-thread/src/scheduler_comm.c.obj
                0x00002cca                rt_sched_thread_init_ctx
 .text.rt_sched_thread_timer_start
                0x00002cf6       0x1e CMakeFiles/rtt_Kernel.dir/rt-thread/src/scheduler_comm.c.obj
                0x00002cf6                rt_sched_thread_timer_start
 .text.rt_sched_thread_timer_stop
                0x00002d14       0x42 CMakeFiles/rtt_Kernel.dir/rt-thread/src/scheduler_comm.c.obj
                0x00002d14                rt_sched_thread_timer_stop
 .text.rt_sched_thread_get_stat
                0x00002d56       0x1c CMakeFiles/rtt_Kernel.dir/rt-thread/src/scheduler_comm.c.obj
                0x00002d56                rt_sched_thread_get_stat
 .text.rt_sched_thread_get_curr_prio
                0x00002d72       0x16 CMakeFiles/rtt_Kernel.dir/rt-thread/src/scheduler_comm.c.obj
                0x00002d72                rt_sched_thread_get_curr_prio
 .text.rt_sched_thread_get_init_prio
                0x00002d88       0x16 CMakeFiles/rtt_Kernel.dir/rt-thread/src/scheduler_comm.c.obj
                0x00002d88                rt_sched_thread_get_init_prio
 .text.rt_sched_thread_is_suspended
                0x00002d9e       0x22 CMakeFiles/rtt_Kernel.dir/rt-thread/src/scheduler_comm.c.obj
                0x00002d9e                rt_sched_thread_is_suspended
 .text.rt_sched_thread_close
                0x00002dc0       0x1a CMakeFiles/rtt_Kernel.dir/rt-thread/src/scheduler_comm.c.obj
                0x00002dc0                rt_sched_thread_close
 .text.rt_sched_thread_yield
                0x00002dda       0x2c CMakeFiles/rtt_Kernel.dir/rt-thread/src/scheduler_comm.c.obj
                0x00002dda                rt_sched_thread_yield
 .text.rt_sched_thread_ready
                0x00002e06       0x60 CMakeFiles/rtt_Kernel.dir/rt-thread/src/scheduler_comm.c.obj
                0x00002e06                rt_sched_thread_ready
 .text.rt_sched_tick_increase
                0x00002e66       0x64 CMakeFiles/rtt_Kernel.dir/rt-thread/src/scheduler_comm.c.obj
                0x00002e66                rt_sched_tick_increase
 .text._rt_sched_update_priority
                0x00002eca       0xa4 CMakeFiles/rtt_Kernel.dir/rt-thread/src/scheduler_comm.c.obj
 .text.rt_sched_thread_change_priority
                0x00002f6e       0x26 CMakeFiles/rtt_Kernel.dir/rt-thread/src/scheduler_comm.c.obj
                0x00002f6e                rt_sched_thread_change_priority
 .text.rt_list_init
                0x00002f94       0x1e CMakeFiles/rtt_Kernel.dir/rt-thread/src/scheduler_up.c.obj
 .text.rt_list_insert_after
                0x00002fb2       0x2e CMakeFiles/rtt_Kernel.dir/rt-thread/src/scheduler_up.c.obj
 .text.rt_list_insert_before
                0x00002fe0       0x2e CMakeFiles/rtt_Kernel.dir/rt-thread/src/scheduler_up.c.obj
 .text.rt_list_remove
                0x0000300e       0x32 CMakeFiles/rtt_Kernel.dir/rt-thread/src/scheduler_up.c.obj
 .text.rt_list_isempty
                0x00003040       0x1e CMakeFiles/rtt_Kernel.dir/rt-thread/src/scheduler_up.c.obj
 .text.rt_soft_atomic_add
                0x0000305e       0x36 CMakeFiles/rtt_Kernel.dir/rt-thread/src/scheduler_up.c.obj
 .text.rt_soft_atomic_load
                0x00003094       0x28 CMakeFiles/rtt_Kernel.dir/rt-thread/src/scheduler_up.c.obj
 .text._scheduler_get_highest_priority_thread
                0x000030bc       0x3c CMakeFiles/rtt_Kernel.dir/rt-thread/src/scheduler_up.c.obj
 .text.rt_sched_lock
                0x000030f8       0x2c CMakeFiles/rtt_Kernel.dir/rt-thread/src/scheduler_up.c.obj
                0x000030f8                rt_sched_lock
 .text.rt_sched_unlock
                0x00003124       0x1a CMakeFiles/rtt_Kernel.dir/rt-thread/src/scheduler_up.c.obj
                0x00003124                rt_sched_unlock
 .text.rt_sched_unlock_n_resched
                0x0000313e       0x26 CMakeFiles/rtt_Kernel.dir/rt-thread/src/scheduler_up.c.obj
                0x0000313e                rt_sched_unlock_n_resched
 .text.rt_system_scheduler_init
                0x00003164       0x48 CMakeFiles/rtt_Kernel.dir/rt-thread/src/scheduler_up.c.obj
                0x00003164                rt_system_scheduler_init
 .text.rt_system_scheduler_start
                0x000031ac       0x48 CMakeFiles/rtt_Kernel.dir/rt-thread/src/scheduler_up.c.obj
                0x000031ac                rt_system_scheduler_start
 .text.rt_schedule
                0x000031f4      0x180 CMakeFiles/rtt_Kernel.dir/rt-thread/src/scheduler_up.c.obj
                0x000031f4                rt_schedule
 .text.rt_sched_thread_startup
                0x00003374       0x2a CMakeFiles/rtt_Kernel.dir/rt-thread/src/scheduler_up.c.obj
                0x00003374                rt_sched_thread_startup
 .text.rt_sched_thread_init_priv
                0x0000339e       0x46 CMakeFiles/rtt_Kernel.dir/rt-thread/src/scheduler_up.c.obj
                0x0000339e                rt_sched_thread_init_priv
 .text.rt_sched_insert_thread
                0x000033e4       0xbc CMakeFiles/rtt_Kernel.dir/rt-thread/src/scheduler_up.c.obj
                0x000033e4                rt_sched_insert_thread
 .text.rt_sched_remove_thread
                0x000034a0       0x58 CMakeFiles/rtt_Kernel.dir/rt-thread/src/scheduler_up.c.obj
                0x000034a0                rt_sched_remove_thread
 .text.rt_exit_critical_safe
                0x000034f8       0x14 CMakeFiles/rtt_Kernel.dir/rt-thread/src/scheduler_up.c.obj
                0x000034f8                rt_exit_critical_safe
 .text.rt_enter_critical
                0x0000350c       0x24 CMakeFiles/rtt_Kernel.dir/rt-thread/src/scheduler_up.c.obj
                0x0000350c                rt_enter_critical
 .text.rt_exit_critical
                0x00003530       0x5c CMakeFiles/rtt_Kernel.dir/rt-thread/src/scheduler_up.c.obj
                0x00003530                rt_exit_critical
 .text.rt_critical_level
                0x0000358c       0x1c CMakeFiles/rtt_Kernel.dir/rt-thread/src/scheduler_up.c.obj
                0x0000358c                rt_critical_level
 .text.rt_list_init
                0x000035a8       0x1e CMakeFiles/rtt_Kernel.dir/rt-thread/src/thread.c.obj
 .text.rt_list_remove
                0x000035c6       0x32 CMakeFiles/rtt_Kernel.dir/rt-thread/src/thread.c.obj
 .text._thread_detach_from_mutex
                0x000035f8       0x9a CMakeFiles/rtt_Kernel.dir/rt-thread/src/thread.c.obj
 .text._thread_exit
                0x00003692       0x42 CMakeFiles/rtt_Kernel.dir/rt-thread/src/thread.c.obj
 .text._thread_timeout
                0x000036d4       0x50 CMakeFiles/rtt_Kernel.dir/rt-thread/src/thread.c.obj
 .text._thread_init
                0x00003724       0xd0 CMakeFiles/rtt_Kernel.dir/rt-thread/src/thread.c.obj
 .text.rt_thread_init
                0x000037f4       0x52 CMakeFiles/rtt_Kernel.dir/rt-thread/src/thread.c.obj
                0x000037f4                rt_thread_init
 .text.rt_thread_self
                0x00003846       0x12 CMakeFiles/rtt_Kernel.dir/rt-thread/src/thread.c.obj
                0x00003846                rt_thread_self
 .text.rt_thread_startup
                0x00003858       0x2a CMakeFiles/rtt_Kernel.dir/rt-thread/src/thread.c.obj
                0x00003858                rt_thread_startup
 .text.rt_thread_close
                0x00003882       0x70 CMakeFiles/rtt_Kernel.dir/rt-thread/src/thread.c.obj
                0x00003882                rt_thread_close
 .text.rt_thread_create
                0x000038f2       0x70 CMakeFiles/rtt_Kernel.dir/rt-thread/src/thread.c.obj
                0x000038f2                rt_thread_create
 .text._thread_sleep
                0x00003962       0x94 CMakeFiles/rtt_Kernel.dir/rt-thread/src/thread.c.obj
 .text.rt_thread_mdelay
                0x000039f6       0x26 CMakeFiles/rtt_Kernel.dir/rt-thread/src/thread.c.obj
                0x000039f6                rt_thread_mdelay
 .text._thread_set_suspend_state
                0x00003a1c       0x76 CMakeFiles/rtt_Kernel.dir/rt-thread/src/thread.c.obj
 .text.rt_thread_suspend_to_list
                0x00003a92       0x94 CMakeFiles/rtt_Kernel.dir/rt-thread/src/thread.c.obj
                0x00003a92                rt_thread_suspend_to_list
 .text.rt_thread_suspend_with_flag
                0x00003b26       0x20 CMakeFiles/rtt_Kernel.dir/rt-thread/src/thread.c.obj
                0x00003b26                rt_thread_suspend_with_flag
 .text.rt_thread_resume
                0x00003b46       0x56 CMakeFiles/rtt_Kernel.dir/rt-thread/src/thread.c.obj
                0x00003b46                rt_thread_resume
 .text.rt_list_init
                0x00003b9c       0x1e CMakeFiles/rtt_Kernel.dir/rt-thread/src/timer.c.obj
 .text.rt_list_insert_after
                0x00003bba       0x2e CMakeFiles/rtt_Kernel.dir/rt-thread/src/timer.c.obj
 .text.rt_list_remove
                0x00003be8       0x32 CMakeFiles/rtt_Kernel.dir/rt-thread/src/timer.c.obj
 .text.rt_list_isempty
                0x00003c1a       0x1e CMakeFiles/rtt_Kernel.dir/rt-thread/src/timer.c.obj
 .text._timerlock_idx
                0x00003c38       0x18 CMakeFiles/rtt_Kernel.dir/rt-thread/src/timer.c.obj
 .text._timer_init
                0x00003c50       0x6c CMakeFiles/rtt_Kernel.dir/rt-thread/src/timer.c.obj
 .text._timer_remove
                0x00003cbc       0x36 CMakeFiles/rtt_Kernel.dir/rt-thread/src/timer.c.obj
 .text.rt_timer_init
                0x00003cf2       0x38 CMakeFiles/rtt_Kernel.dir/rt-thread/src/timer.c.obj
                0x00003cf2                rt_timer_init
 .text.rt_timer_detach
                0x00003d2a       0x64 CMakeFiles/rtt_Kernel.dir/rt-thread/src/timer.c.obj
                0x00003d2a                rt_timer_detach
 *fill*         0x00003d8e        0x2 00000000
 .text._timer_start
                0x00003d90      0x170 CMakeFiles/rtt_Kernel.dir/rt-thread/src/timer.c.obj
 .text._timer_check
                0x00003f00      0x114 CMakeFiles/rtt_Kernel.dir/rt-thread/src/timer.c.obj
 .text.rt_timer_start
                0x00004014       0x94 CMakeFiles/rtt_Kernel.dir/rt-thread/src/timer.c.obj
                0x00004014                rt_timer_start
 .text.rt_timer_stop
                0x000040a8       0x72 CMakeFiles/rtt_Kernel.dir/rt-thread/src/timer.c.obj
                0x000040a8                rt_timer_stop
 *fill*         0x0000411a        0x2 00000000
 .text.rt_timer_control
                0x0000411c       0xfc CMakeFiles/rtt_Kernel.dir/rt-thread/src/timer.c.obj
                0x0000411c                rt_timer_control
 .text.rt_timer_check
                0x00004218       0x24 CMakeFiles/rtt_Kernel.dir/rt-thread/src/timer.c.obj
                0x00004218                rt_timer_check
 .text.rt_system_timer_init
                0x0000423c       0x40 CMakeFiles/rtt_Kernel.dir/rt-thread/src/timer.c.obj
                0x0000423c                rt_system_timer_init
 .text.rt_system_timer_thread_init
                0x0000427c        0xa CMakeFiles/rtt_Kernel.dir/rt-thread/src/timer.c.obj
                0x0000427c                rt_system_timer_thread_init
 .text.rt_memset
                0x00004286       0xce CMakeFiles/rtt_klibc.dir/rt-thread/src/klibc/kstring.c.obj
                0x00004286                rt_memset
 .text.rt_memcpy
                0x00004354       0xd4 CMakeFiles/rtt_klibc.dir/rt-thread/src/klibc/kstring.c.obj
                0x00004354                rt_memcpy
 .text.rt_strlen
                0x00004428       0x2e CMakeFiles/rtt_klibc.dir/rt-thread/src/klibc/kstring.c.obj
                0x00004428                rt_strlen
 .text.rt_snprintf
                0x00004456       0x36 CMakeFiles/rtt_klibc.dir/rt-thread/src/klibc/kstdio.c.obj
                0x00004456                rt_snprintf
 .text.divide   0x0000448c       0x3c CMakeFiles/rtt_klibc.dir/rt-thread/src/klibc/rt_vsnprintf_tiny.c.obj
 .text.skip_atoi
                0x000044c8       0x42 CMakeFiles/rtt_klibc.dir/rt-thread/src/klibc/rt_vsnprintf_tiny.c.obj
 *fill*         0x0000450a        0x2 00000000
 .text.print_number
                0x0000450c      0x33c CMakeFiles/rtt_klibc.dir/rt-thread/src/klibc/rt_vsnprintf_tiny.c.obj
 .text.rt_vsnprintf
                0x00004848      0x580 CMakeFiles/rtt_klibc.dir/rt-thread/src/klibc/rt_vsnprintf_tiny.c.obj
                0x00004848                rt_vsnprintf
 .text.rt_hw_stack_init
                0x00004dc8       0x84 CMakeFiles/rtt_libcpu.dir/rt-thread/libcpu/arm/cortex-m0/cpuport.c.obj
                0x00004dc8                rt_hw_stack_init
 .text.rt_hw_hard_fault_exception
                0x00004e4c        0xa CMakeFiles/rtt_libcpu.dir/rt-thread/libcpu/arm/cortex-m0/cpuport.c.obj
                0x00004e4c                rt_hw_hard_fault_exception
 *fill*         0x00004e56        0x2 00000000
 .text.memset   0x00004e58       0xa8 e:/env-windows-v2.0.0/env-windows/tools/gnu_gcc/arm_gcc/mingw/bin/../lib/gcc/arm-none-eabi/10.3.1/../../../../arm-none-eabi/lib/thumb/v6-m/nofp\libg.a(lib_a-memset.o)
                0x00004e58                memset
 *(.rodata)
 .rodata        0x00004f00       0x18 CMakeFiles/rtthread.elf.dir/applications/main.c.obj
 .rodata        0x00004f18        0x5 CMakeFiles/rtt_Kernel.dir/rt-thread/src/components.c.obj
 *fill*         0x00004f1d        0x3 00000000
 .rodata        0x00004f20        0x8 CMakeFiles/rtt_Kernel.dir/rt-thread/src/idle.c.obj
 .rodata        0x00004f28        0xd CMakeFiles/rtt_Kernel.dir/rt-thread/src/kservice.c.obj
 *fill*         0x00004f35        0x3 00000000
 .rodata        0x00004f38        0x6 CMakeFiles/rtt_Kernel.dir/rt-thread/src/mem.c.obj
 *fill*         0x00004f3e        0x2 00000000
 .rodata        0x00004f40        0x7 CMakeFiles/rtt_klibc.dir/rt-thread/src/klibc/rt_vsnprintf_tiny.c.obj
 *(.rodata*)
 *fill*         0x00004f47        0x1 00000000
 .rodata.I2C_IRQHandler
                0x00004f48       0xa4 CMakeFiles/rtt_Drivers.dir/driver/drivers/i2c.c.obj
 .rodata.LPC_GPIO
                0x00004fec       0x10 CMakeFiles/rtt_Drivers.dir/driver/drivers/gpio.c.obj
 .rodata.OLED_F8x16
                0x00004ffc      0x5f0 CMakeFiles/rtt_Drivers.dir/driver/modules/oled/oled.c.obj
                0x00004ffc                OLED_F8x16
 .rodata.__lowest_bit_bitmap
                0x000055ec      0x100 CMakeFiles/rtt_Kernel.dir/rt-thread/src/kservice.c.obj
                0x000055ec                __lowest_bit_bitmap
 .rodata.rt_timer_control
                0x000056ec       0x28 CMakeFiles/rtt_Kernel.dir/rt-thread/src/timer.c.obj
 .rodata.rt_vsnprintf
                0x00005714      0x150 CMakeFiles/rtt_klibc.dir/rt-thread/src/klibc/rt_vsnprintf_tiny.c.obj
 .rodata.large_digits.1
                0x00005864       0x11 CMakeFiles/rtt_klibc.dir/rt-thread/src/klibc/rt_vsnprintf_tiny.c.obj
 *fill*         0x00005875        0x3 00000000
 .rodata.small_digits.0
                0x00005878       0x11 CMakeFiles/rtt_klibc.dir/rt-thread/src/klibc/rt_vsnprintf_tiny.c.obj
 *(.glue_7)
 .glue_7        0x00005889        0x0 linker stubs
 *(.glue_7t)
 .glue_7t       0x00005889        0x0 linker stubs
 *(.gnu.linkonce.t*)
                0x0000588c                . = ALIGN (0x4)
 *fill*         0x00005889        0x3 00000000
                0x0000588c                __fsymtab_start = .
 *(FSymTab)
                0x0000588c                __fsymtab_end = .
                0x0000588c                . = ALIGN (0x4)
                0x0000588c                __vsymtab_start = .
 *(VSymTab)
                0x0000588c                __vsymtab_end = .
                0x0000588c                . = ALIGN (0x4)
                0x0000588c                . = ALIGN (0x4)
                0x0000588c                __rt_init_start = .
 *(SORT_BY_NAME(.rti_fn*))
 .rti_fn.0      0x0000588c        0x4 CMakeFiles/rtt_Kernel.dir/rt-thread/src/components.c.obj
                0x0000588c                __rt_init_rti_start
 .rti_fn.0.end  0x00005890        0x4 CMakeFiles/rtt_Kernel.dir/rt-thread/src/components.c.obj
                0x00005890                __rt_init_rti_board_start
 .rti_fn.1.end  0x00005894        0x4 CMakeFiles/rtt_Kernel.dir/rt-thread/src/components.c.obj
                0x00005894                __rt_init_rti_board_end
 .rti_fn.6.end  0x00005898        0x4 CMakeFiles/rtt_Kernel.dir/rt-thread/src/components.c.obj
                0x00005898                __rt_init_rti_end
                0x0000589c                __rt_init_end = .
                0x0000589c                . = ALIGN (0x4)
                0x0000589c                . = ALIGN (0x4)
                0x0000589c                _etext = .
                0x0000589c                __exidx_start = .

.vfp11_veneer   0x0000589c        0x0
 .vfp11_veneer  0x0000589c        0x0 linker stubs

.v4_bx          0x0000589c        0x0
 .v4_bx         0x0000589c        0x0 linker stubs

.iplt           0x0000589c        0x0
 .iplt          0x0000589c        0x0 CMakeFiles/rtthread.elf.dir/applications/main.c.obj

.rel.dyn        0x0000589c        0x0
 .rel.iplt      0x0000589c        0x0 CMakeFiles/rtthread.elf.dir/applications/main.c.obj

.ARM.exidx      0x0000589c        0x0
 *(.ARM.exidx* .gnu.linkonce.armexidx.*)
                0x0000589c                _sidata = .
                0x0000589c                __exidx_end = .

.data           0x10000000       0xd0 load address 0x0000589c
                0x10000000                . = ALIGN (0x4)
                0x10000000                _sdata = .
 *(.data)
 *(.data.*)
 .data._rt_thread_defunct
                0x10000000        0x8 CMakeFiles/rtt_Kernel.dir/rt-thread/src/defunct.c.obj
 .data._object_container
                0x10000008       0xc8 CMakeFiles/rtt_Kernel.dir/rt-thread/src/object.c.obj
 *(.gnu.linkonce.d*)
                0x100000d0                . = ALIGN (0x4)
                0x100000d0                _edata = .

.igot.plt       0x100000d0        0x0 load address 0x0000596c
 .igot.plt      0x100000d0        0x0 CMakeFiles/rtthread.elf.dir/applications/main.c.obj

.stack          0x100000d0      0x100 load address 0x0000596c
                0x100001d0                . = (. + _system_stack_size)
 *fill*         0x100000d0      0x100 
                0x100001d0                . = ALIGN (0x4)
                0x100001d0                _estack = .
                0x100001d0                __bss_start__ = .

.bss            0x100001d0      0x3a0 load address 0x00005a70
                0x100001d0                . = ALIGN (0x4)
                0x100001d0                _sbss = .
 *(.bss)
 *(.bss.*)
 .bss.I2CMasterState
                0x100001d0        0x4 CMakeFiles/rtt_Drivers.dir/driver/drivers/i2c.c.obj
                0x100001d0                I2CMasterState
 .bss.timeout   0x100001d4        0x4 CMakeFiles/rtt_Drivers.dir/driver/drivers/i2c.c.obj
                0x100001d4                timeout
 .bss.I2CMasterBuffer
                0x100001d8       0x40 CMakeFiles/rtt_Drivers.dir/driver/drivers/i2c.c.obj
                0x100001d8                I2CMasterBuffer
 .bss.I2CSlaveBuffer
                0x10000218       0x40 CMakeFiles/rtt_Drivers.dir/driver/drivers/i2c.c.obj
                0x10000218                I2CSlaveBuffer
 .bss.I2CReadLength
                0x10000258        0x4 CMakeFiles/rtt_Drivers.dir/driver/drivers/i2c.c.obj
                0x10000258                I2CReadLength
 .bss.I2CWriteLength
                0x1000025c        0x4 CMakeFiles/rtt_Drivers.dir/driver/drivers/i2c.c.obj
                0x1000025c                I2CWriteLength
 .bss.RdIndex   0x10000260        0x4 CMakeFiles/rtt_Drivers.dir/driver/drivers/i2c.c.obj
                0x10000260                RdIndex
 .bss.WrIndex   0x10000264        0x4 CMakeFiles/rtt_Drivers.dir/driver/drivers/i2c.c.obj
                0x10000264                WrIndex
 .bss.key_flag  0x10000268        0x1 CMakeFiles/rtt_Drivers.dir/driver/modules/key/key.c.obj
                0x10000268                key_flag
 *fill*         0x10000269        0x3 
 .bss.rt_tick   0x1000026c        0x4 CMakeFiles/rtt_Kernel.dir/rt-thread/src/clock.c.obj
 .bss._cpu      0x10000270        0x8 CMakeFiles/rtt_Kernel.dir/rt-thread/src/cpu_up.c.obj
 .bss._defunct_spinlock
                0x10000278        0x4 CMakeFiles/rtt_Kernel.dir/rt-thread/src/defunct.c.obj
 .bss.idle_thread
                0x1000027c       0x94 CMakeFiles/rtt_Kernel.dir/rt-thread/src/idle.c.obj
 .bss.idle_thread_stack
                0x10000310      0x100 CMakeFiles/rtt_Kernel.dir/rt-thread/src/idle.c.obj
 .bss.rt_interrupt_nest
                0x10000410        0x4 CMakeFiles/rtt_Kernel.dir/rt-thread/src/irq.c.obj
                0x10000410                rt_interrupt_nest
 .bss._lock     0x10000414       0x30 CMakeFiles/rtt_Kernel.dir/rt-thread/src/kservice.c.obj
 .bss.system_heap
                0x10000444        0x4 CMakeFiles/rtt_Kernel.dir/rt-thread/src/kservice.c.obj
 .bss.rt_thread_priority_table
                0x10000448      0x100 CMakeFiles/rtt_Kernel.dir/rt-thread/src/scheduler_up.c.obj
                0x10000448                rt_thread_priority_table
 .bss.rt_thread_ready_priority_group
                0x10000548        0x4 CMakeFiles/rtt_Kernel.dir/rt-thread/src/scheduler_up.c.obj
                0x10000548                rt_thread_ready_priority_group
 .bss.rt_scheduler_lock_nest
                0x1000054c        0x4 CMakeFiles/rtt_Kernel.dir/rt-thread/src/scheduler_up.c.obj
 .bss.rt_current_priority
                0x10000550        0x1 CMakeFiles/rtt_Kernel.dir/rt-thread/src/scheduler_up.c.obj
                0x10000550                rt_current_priority
 .bss.rt_scheduler_critical_switch_flag
                0x10000551        0x1 CMakeFiles/rtt_Kernel.dir/rt-thread/src/scheduler_up.c.obj
 *fill*         0x10000552        0x2 
 .bss._timer_list
                0x10000554        0x8 CMakeFiles/rtt_Kernel.dir/rt-thread/src/timer.c.obj
 .bss._htimer_lock
                0x1000055c        0x4 CMakeFiles/rtt_Kernel.dir/rt-thread/src/timer.c.obj
 .bss.random_nr.0
                0x10000560        0x4 CMakeFiles/rtt_Kernel.dir/rt-thread/src/timer.c.obj
 .bss.rt_interrupt_from_thread
                0x10000564        0x4 CMakeFiles/rtt_libcpu.dir/rt-thread/libcpu/arm/cortex-m0/cpuport.c.obj
                0x10000564                rt_interrupt_from_thread
 .bss.rt_interrupt_to_thread
                0x10000568        0x4 CMakeFiles/rtt_libcpu.dir/rt-thread/libcpu/arm/cortex-m0/cpuport.c.obj
                0x10000568                rt_interrupt_to_thread
 .bss.rt_thread_switch_interrupt_flag
                0x1000056c        0x4 CMakeFiles/rtt_libcpu.dir/rt-thread/libcpu/arm/cortex-m0/cpuport.c.obj
                0x1000056c                rt_thread_switch_interrupt_flag
 *(COMMON)
                0x10000570                . = ALIGN (0x4)
                0x10000570                _ebss = .
 *(.bss.init)
                0x10000570                __bss_end__ = .
                0x10000570                _end = .

.stab
 *(.stab)

.stabstr
 *(.stabstr)

.stab.excl
 *(.stab.excl)

.stab.exclstr
 *(.stab.exclstr)

.stab.index
 *(.stab.index)

.stab.indexstr
 *(.stab.indexstr)

.comment        0x00000000       0x49
 *(.comment)
 .comment       0x00000000       0x49 CMakeFiles/rtthread.elf.dir/applications/main.c.obj
                                 0x4a (size before relaxing)
 .comment       0x00000049       0x4a CMakeFiles/rtt_Drivers.dir/driver/drivers/i2c.c.obj
 .comment       0x00000049       0x4a CMakeFiles/rtt_Drivers.dir/driver/modules/led/led.c.obj
 .comment       0x00000049       0x4a CMakeFiles/rtt_Drivers.dir/driver/board.c.obj
 .comment       0x00000049       0x4a CMakeFiles/rtt_Drivers.dir/driver/drivers/gpio.c.obj
 .comment       0x00000049       0x4a CMakeFiles/rtt_Drivers.dir/driver/modules/key/key.c.obj
 .comment       0x00000049       0x4a CMakeFiles/rtt_Drivers.dir/driver/modules/oled/oled.c.obj
 .comment       0x00000049       0x4a CMakeFiles/rtt_Kernel.dir/rt-thread/src/clock.c.obj
 .comment       0x00000049       0x4a CMakeFiles/rtt_Kernel.dir/rt-thread/src/components.c.obj
 .comment       0x00000049       0x4a CMakeFiles/rtt_Kernel.dir/rt-thread/src/cpu_up.c.obj
 .comment       0x00000049       0x4a CMakeFiles/rtt_Kernel.dir/rt-thread/src/defunct.c.obj
 .comment       0x00000049       0x4a CMakeFiles/rtt_Kernel.dir/rt-thread/src/idle.c.obj
 .comment       0x00000049       0x4a CMakeFiles/rtt_Kernel.dir/rt-thread/src/ipc.c.obj
 .comment       0x00000049       0x4a CMakeFiles/rtt_Kernel.dir/rt-thread/src/irq.c.obj
 .comment       0x00000049       0x4a CMakeFiles/rtt_Kernel.dir/rt-thread/src/kservice.c.obj
 .comment       0x00000049       0x4a CMakeFiles/rtt_Kernel.dir/rt-thread/src/mem.c.obj
 .comment       0x00000049       0x4a CMakeFiles/rtt_Kernel.dir/rt-thread/src/object.c.obj
 .comment       0x00000049       0x4a CMakeFiles/rtt_Kernel.dir/rt-thread/src/scheduler_comm.c.obj
 .comment       0x00000049       0x4a CMakeFiles/rtt_Kernel.dir/rt-thread/src/scheduler_up.c.obj
 .comment       0x00000049       0x4a CMakeFiles/rtt_Kernel.dir/rt-thread/src/thread.c.obj
 .comment       0x00000049       0x4a CMakeFiles/rtt_Kernel.dir/rt-thread/src/timer.c.obj
 .comment       0x00000049       0x4a CMakeFiles/rtt_klibc.dir/rt-thread/src/klibc/kstring.c.obj
 .comment       0x00000049       0x4a CMakeFiles/rtt_klibc.dir/rt-thread/src/klibc/kstdio.c.obj
 .comment       0x00000049       0x4a CMakeFiles/rtt_klibc.dir/rt-thread/src/klibc/rt_vsnprintf_tiny.c.obj
 .comment       0x00000049       0x4a CMakeFiles/rtt_libcpu.dir/rt-thread/libcpu/arm/cortex-m0/cpuport.c.obj

.ARM.attributes
                0x00000000       0x2a
 .ARM.attributes
                0x00000000       0x2c CMakeFiles/rtthread.elf.dir/applications/main.c.obj
 .ARM.attributes
                0x0000002c       0x2c CMakeFiles/rtt_Drivers.dir/driver/drivers/i2c.c.obj
 .ARM.attributes
                0x00000058       0x2c CMakeFiles/rtt_Drivers.dir/driver/modules/led/led.c.obj
 .ARM.attributes
                0x00000084       0x2c CMakeFiles/rtt_Drivers.dir/driver/board.c.obj
 .ARM.attributes
                0x000000b0       0x2c CMakeFiles/rtt_Drivers.dir/driver/drivers/gpio.c.obj
 .ARM.attributes
                0x000000dc       0x1c CMakeFiles/rtt_Drivers.dir/driver/startup_gcc.s.obj
 .ARM.attributes
                0x000000f8       0x2c CMakeFiles/rtt_Drivers.dir/driver/modules/key/key.c.obj
 .ARM.attributes
                0x00000124       0x2c CMakeFiles/rtt_Drivers.dir/driver/modules/oled/oled.c.obj
 .ARM.attributes
                0x00000150       0x2c CMakeFiles/rtt_Kernel.dir/rt-thread/src/clock.c.obj
 .ARM.attributes
                0x0000017c       0x2c CMakeFiles/rtt_Kernel.dir/rt-thread/src/components.c.obj
 .ARM.attributes
                0x000001a8       0x2c CMakeFiles/rtt_Kernel.dir/rt-thread/src/cpu_up.c.obj
 .ARM.attributes
                0x000001d4       0x2c CMakeFiles/rtt_Kernel.dir/rt-thread/src/defunct.c.obj
 .ARM.attributes
                0x00000200       0x2c CMakeFiles/rtt_Kernel.dir/rt-thread/src/idle.c.obj
 .ARM.attributes
                0x0000022c       0x2c CMakeFiles/rtt_Kernel.dir/rt-thread/src/ipc.c.obj
 .ARM.attributes
                0x00000258       0x2c CMakeFiles/rtt_Kernel.dir/rt-thread/src/irq.c.obj
 .ARM.attributes
                0x00000284       0x2c CMakeFiles/rtt_Kernel.dir/rt-thread/src/kservice.c.obj
 .ARM.attributes
                0x000002b0       0x2c CMakeFiles/rtt_Kernel.dir/rt-thread/src/mem.c.obj
 .ARM.attributes
                0x000002dc       0x2c CMakeFiles/rtt_Kernel.dir/rt-thread/src/object.c.obj
 .ARM.attributes
                0x00000308       0x2c CMakeFiles/rtt_Kernel.dir/rt-thread/src/scheduler_comm.c.obj
 .ARM.attributes
                0x00000334       0x2c CMakeFiles/rtt_Kernel.dir/rt-thread/src/scheduler_up.c.obj
 .ARM.attributes
                0x00000360       0x2c CMakeFiles/rtt_Kernel.dir/rt-thread/src/thread.c.obj
 .ARM.attributes
                0x0000038c       0x2c CMakeFiles/rtt_Kernel.dir/rt-thread/src/timer.c.obj
 .ARM.attributes
                0x000003b8       0x2c CMakeFiles/rtt_klibc.dir/rt-thread/src/klibc/kstring.c.obj
 .ARM.attributes
                0x000003e4       0x2c CMakeFiles/rtt_klibc.dir/rt-thread/src/klibc/kstdio.c.obj
 .ARM.attributes
                0x00000410       0x2c CMakeFiles/rtt_klibc.dir/rt-thread/src/klibc/rt_vsnprintf_tiny.c.obj
 .ARM.attributes
                0x0000043c       0x21 CMakeFiles/rtt_libcpu.dir/rt-thread/libcpu/arm/cortex-m0/context_gcc.S.obj
 .ARM.attributes
                0x0000045d       0x2c CMakeFiles/rtt_libcpu.dir/rt-thread/libcpu/arm/cortex-m0/cpuport.c.obj
 .ARM.attributes
                0x00000489       0x1e e:/env-windows-v2.0.0/env-windows/tools/gnu_gcc/arm_gcc/mingw/bin/../lib/gcc/arm-none-eabi/10.3.1/thumb/v6-m/nofp\libgcc.a(_udivsi3.o)
 .ARM.attributes
                0x000004a7       0x1e e:/env-windows-v2.0.0/env-windows/tools/gnu_gcc/arm_gcc/mingw/bin/../lib/gcc/arm-none-eabi/10.3.1/thumb/v6-m/nofp\libgcc.a(_divsi3.o)
 .ARM.attributes
                0x000004c5       0x1e e:/env-windows-v2.0.0/env-windows/tools/gnu_gcc/arm_gcc/mingw/bin/../lib/gcc/arm-none-eabi/10.3.1/thumb/v6-m/nofp\libgcc.a(_dvmd_tls.o)
 .ARM.attributes
                0x000004e3       0x2c e:/env-windows-v2.0.0/env-windows/tools/gnu_gcc/arm_gcc/mingw/bin/../lib/gcc/arm-none-eabi/10.3.1/../../../../arm-none-eabi/lib/thumb/v6-m/nofp\libg.a(lib_a-memset.o)

.debug
 *(.debug)

.line
 *(.line)

.debug_srcinfo
 *(.debug_srcinfo)

.debug_sfnames
 *(.debug_sfnames)

.debug_aranges  0x00000000      0xd58
 *(.debug_aranges)
 .debug_aranges
                0x00000000       0x20 CMakeFiles/rtthread.elf.dir/applications/main.c.obj
 .debug_aranges
                0x00000020       0x48 CMakeFiles/rtt_Drivers.dir/driver/drivers/i2c.c.obj
 .debug_aranges
                0x00000068       0x78 CMakeFiles/rtt_Drivers.dir/driver/modules/led/led.c.obj
 .debug_aranges
                0x000000e0       0x70 CMakeFiles/rtt_Drivers.dir/driver/board.c.obj
 .debug_aranges
                0x00000150       0x60 CMakeFiles/rtt_Drivers.dir/driver/drivers/gpio.c.obj
 .debug_aranges
                0x000001b0       0x20 CMakeFiles/rtt_Drivers.dir/driver/startup_gcc.s.obj
 .debug_aranges
                0x000001d0       0x30 CMakeFiles/rtt_Drivers.dir/driver/modules/key/key.c.obj
 .debug_aranges
                0x00000200       0x80 CMakeFiles/rtt_Drivers.dir/driver/modules/oled/oled.c.obj
 .debug_aranges
                0x00000280       0x68 CMakeFiles/rtt_Kernel.dir/rt-thread/src/clock.c.obj
 .debug_aranges
                0x000002e8       0x68 CMakeFiles/rtt_Kernel.dir/rt-thread/src/components.c.obj
 .debug_aranges
                0x00000350       0x50 CMakeFiles/rtt_Kernel.dir/rt-thread/src/cpu_up.c.obj
 .debug_aranges
                0x000003a0       0x50 CMakeFiles/rtt_Kernel.dir/rt-thread/src/defunct.c.obj
 .debug_aranges
                0x000003f0       0x30 CMakeFiles/rtt_Kernel.dir/rt-thread/src/idle.c.obj
 .debug_aranges
                0x00000420      0x2c8 CMakeFiles/rtt_Kernel.dir/rt-thread/src/ipc.c.obj
 .debug_aranges
                0x000006e8       0x50 CMakeFiles/rtt_Kernel.dir/rt-thread/src/irq.c.obj
 .debug_aranges
                0x00000738       0xe8 CMakeFiles/rtt_Kernel.dir/rt-thread/src/kservice.c.obj
 .debug_aranges
                0x00000820       0x48 CMakeFiles/rtt_Kernel.dir/rt-thread/src/mem.c.obj
 .debug_aranges
                0x00000868       0xa0 CMakeFiles/rtt_Kernel.dir/rt-thread/src/object.c.obj
 .debug_aranges
                0x00000908       0x90 CMakeFiles/rtt_Kernel.dir/rt-thread/src/scheduler_comm.c.obj
 .debug_aranges
                0x00000998       0xd0 CMakeFiles/rtt_Kernel.dir/rt-thread/src/scheduler_up.c.obj
 .debug_aranges
                0x00000a68       0xf0 CMakeFiles/rtt_Kernel.dir/rt-thread/src/thread.c.obj
 .debug_aranges
                0x00000b58       0xc0 CMakeFiles/rtt_Kernel.dir/rt-thread/src/timer.c.obj
 .debug_aranges
                0x00000c18       0x80 CMakeFiles/rtt_klibc.dir/rt-thread/src/klibc/kstring.c.obj
 .debug_aranges
                0x00000c98       0x38 CMakeFiles/rtt_klibc.dir/rt-thread/src/klibc/kstdio.c.obj
 .debug_aranges
                0x00000cd0       0x38 CMakeFiles/rtt_klibc.dir/rt-thread/src/klibc/rt_vsnprintf_tiny.c.obj
 .debug_aranges
                0x00000d08       0x20 CMakeFiles/rtt_libcpu.dir/rt-thread/libcpu/arm/cortex-m0/context_gcc.S.obj
 .debug_aranges
                0x00000d28       0x30 CMakeFiles/rtt_libcpu.dir/rt-thread/libcpu/arm/cortex-m0/cpuport.c.obj

.debug_pubnames
 *(.debug_pubnames)

.debug_info     0x00000000     0xc916
 *(.debug_info .gnu.linkonce.wi.*)
 .debug_info    0x00000000      0x25a CMakeFiles/rtthread.elf.dir/applications/main.c.obj
 .debug_info    0x0000025a      0xd3c CMakeFiles/rtt_Drivers.dir/driver/drivers/i2c.c.obj
 .debug_info    0x00000f96      0x338 CMakeFiles/rtt_Drivers.dir/driver/modules/led/led.c.obj
 .debug_info    0x000012ce      0x277 CMakeFiles/rtt_Drivers.dir/driver/board.c.obj
 .debug_info    0x00001545      0x8a3 CMakeFiles/rtt_Drivers.dir/driver/drivers/gpio.c.obj
 .debug_info    0x00001de8       0x26 CMakeFiles/rtt_Drivers.dir/driver/startup_gcc.s.obj
 .debug_info    0x00001e0e      0x82b CMakeFiles/rtt_Drivers.dir/driver/modules/key/key.c.obj
 .debug_info    0x00002639      0x515 CMakeFiles/rtt_Drivers.dir/driver/modules/oled/oled.c.obj
 .debug_info    0x00002b4e      0x2e0 CMakeFiles/rtt_Kernel.dir/rt-thread/src/clock.c.obj
 .debug_info    0x00002e2e      0x608 CMakeFiles/rtt_Kernel.dir/rt-thread/src/components.c.obj
 .debug_info    0x00003436      0x5d9 CMakeFiles/rtt_Kernel.dir/rt-thread/src/cpu_up.c.obj
 .debug_info    0x00003a0f      0x5ed CMakeFiles/rtt_Kernel.dir/rt-thread/src/defunct.c.obj
 .debug_info    0x00003ffc      0x513 CMakeFiles/rtt_Kernel.dir/rt-thread/src/idle.c.obj
 .debug_info    0x0000450f     0x27d5 CMakeFiles/rtt_Kernel.dir/rt-thread/src/ipc.c.obj
 .debug_info    0x00006ce4      0x25d CMakeFiles/rtt_Kernel.dir/rt-thread/src/irq.c.obj
 .debug_info    0x00006f41      0xd8a CMakeFiles/rtt_Kernel.dir/rt-thread/src/kservice.c.obj
 .debug_info    0x00007ccb      0x603 CMakeFiles/rtt_Kernel.dir/rt-thread/src/mem.c.obj
 .debug_info    0x000082ce      0xa02 CMakeFiles/rtt_Kernel.dir/rt-thread/src/object.c.obj
 .debug_info    0x00008cd0      0x7a6 CMakeFiles/rtt_Kernel.dir/rt-thread/src/scheduler_comm.c.obj
 .debug_info    0x00009476      0xa8b CMakeFiles/rtt_Kernel.dir/rt-thread/src/scheduler_up.c.obj
 .debug_info    0x00009f01      0xed6 CMakeFiles/rtt_Kernel.dir/rt-thread/src/thread.c.obj
 .debug_info    0x0000add7      0xbf2 CMakeFiles/rtt_Kernel.dir/rt-thread/src/timer.c.obj
 .debug_info    0x0000b9c9      0x5e2 CMakeFiles/rtt_klibc.dir/rt-thread/src/klibc/kstring.c.obj
 .debug_info    0x0000bfab      0x25c CMakeFiles/rtt_klibc.dir/rt-thread/src/klibc/kstdio.c.obj
 .debug_info    0x0000c207      0x42e CMakeFiles/rtt_klibc.dir/rt-thread/src/klibc/rt_vsnprintf_tiny.c.obj
 .debug_info    0x0000c635       0x26 CMakeFiles/rtt_libcpu.dir/rt-thread/libcpu/arm/cortex-m0/context_gcc.S.obj
 .debug_info    0x0000c65b      0x2bb CMakeFiles/rtt_libcpu.dir/rt-thread/libcpu/arm/cortex-m0/cpuport.c.obj

.debug_abbrev   0x00000000     0x2bdd
 *(.debug_abbrev)
 .debug_abbrev  0x00000000      0x11b CMakeFiles/rtthread.elf.dir/applications/main.c.obj
 .debug_abbrev  0x0000011b      0x1ee CMakeFiles/rtt_Drivers.dir/driver/drivers/i2c.c.obj
 .debug_abbrev  0x00000309      0x122 CMakeFiles/rtt_Drivers.dir/driver/modules/led/led.c.obj
 .debug_abbrev  0x0000042b       0xfd CMakeFiles/rtt_Drivers.dir/driver/board.c.obj
 .debug_abbrev  0x00000528      0x1c0 CMakeFiles/rtt_Drivers.dir/driver/drivers/gpio.c.obj
 .debug_abbrev  0x000006e8       0x14 CMakeFiles/rtt_Drivers.dir/driver/startup_gcc.s.obj
 .debug_abbrev  0x000006fc      0x189 CMakeFiles/rtt_Drivers.dir/driver/modules/key/key.c.obj
 .debug_abbrev  0x00000885      0x160 CMakeFiles/rtt_Drivers.dir/driver/modules/oled/oled.c.obj
 .debug_abbrev  0x000009e5      0x13e CMakeFiles/rtt_Kernel.dir/rt-thread/src/clock.c.obj
 .debug_abbrev  0x00000b23      0x1c6 CMakeFiles/rtt_Kernel.dir/rt-thread/src/components.c.obj
 .debug_abbrev  0x00000ce9      0x198 CMakeFiles/rtt_Kernel.dir/rt-thread/src/cpu_up.c.obj
 .debug_abbrev  0x00000e81      0x1dc CMakeFiles/rtt_Kernel.dir/rt-thread/src/defunct.c.obj
 .debug_abbrev  0x0000105d      0x181 CMakeFiles/rtt_Kernel.dir/rt-thread/src/idle.c.obj
 .debug_abbrev  0x000011de      0x2f3 CMakeFiles/rtt_Kernel.dir/rt-thread/src/ipc.c.obj
 .debug_abbrev  0x000014d1      0x11b CMakeFiles/rtt_Kernel.dir/rt-thread/src/irq.c.obj
 .debug_abbrev  0x000015ec      0x2f5 CMakeFiles/rtt_Kernel.dir/rt-thread/src/kservice.c.obj
 .debug_abbrev  0x000018e1      0x1de CMakeFiles/rtt_Kernel.dir/rt-thread/src/mem.c.obj
 .debug_abbrev  0x00001abf      0x240 CMakeFiles/rtt_Kernel.dir/rt-thread/src/object.c.obj
 .debug_abbrev  0x00001cff      0x1e9 CMakeFiles/rtt_Kernel.dir/rt-thread/src/scheduler_comm.c.obj
 .debug_abbrev  0x00001ee8      0x2e8 CMakeFiles/rtt_Kernel.dir/rt-thread/src/scheduler_up.c.obj
 .debug_abbrev  0x000021d0      0x283 CMakeFiles/rtt_Kernel.dir/rt-thread/src/thread.c.obj
 .debug_abbrev  0x00002453      0x2cd CMakeFiles/rtt_Kernel.dir/rt-thread/src/timer.c.obj
 .debug_abbrev  0x00002720      0x142 CMakeFiles/rtt_klibc.dir/rt-thread/src/klibc/kstring.c.obj
 .debug_abbrev  0x00002862       0xf1 CMakeFiles/rtt_klibc.dir/rt-thread/src/klibc/kstdio.c.obj
 .debug_abbrev  0x00002953      0x15e CMakeFiles/rtt_klibc.dir/rt-thread/src/klibc/rt_vsnprintf_tiny.c.obj
 .debug_abbrev  0x00002ab1       0x14 CMakeFiles/rtt_libcpu.dir/rt-thread/libcpu/arm/cortex-m0/context_gcc.S.obj
 .debug_abbrev  0x00002ac5      0x118 CMakeFiles/rtt_libcpu.dir/rt-thread/libcpu/arm/cortex-m0/cpuport.c.obj

.debug_line     0x00000000     0x694e
 *(.debug_line)
 .debug_line    0x00000000      0x1dd CMakeFiles/rtthread.elf.dir/applications/main.c.obj
 .debug_line    0x000001dd      0x3ff CMakeFiles/rtt_Drivers.dir/driver/drivers/i2c.c.obj
 .debug_line    0x000005dc      0x2ea CMakeFiles/rtt_Drivers.dir/driver/modules/led/led.c.obj
 .debug_line    0x000008c6      0x262 CMakeFiles/rtt_Drivers.dir/driver/board.c.obj
 .debug_line    0x00000b28      0x53b CMakeFiles/rtt_Drivers.dir/driver/drivers/gpio.c.obj
 .debug_line    0x00001063       0x89 CMakeFiles/rtt_Drivers.dir/driver/startup_gcc.s.obj
 .debug_line    0x000010ec      0x238 CMakeFiles/rtt_Drivers.dir/driver/modules/key/key.c.obj
 .debug_line    0x00001324      0x4ce CMakeFiles/rtt_Drivers.dir/driver/modules/oled/oled.c.obj
 .debug_line    0x000017f2      0x1fe CMakeFiles/rtt_Kernel.dir/rt-thread/src/clock.c.obj
 .debug_line    0x000019f0      0x1f7 CMakeFiles/rtt_Kernel.dir/rt-thread/src/components.c.obj
 .debug_line    0x00001be7      0x173 CMakeFiles/rtt_Kernel.dir/rt-thread/src/cpu_up.c.obj
 .debug_line    0x00001d5a      0x1ea CMakeFiles/rtt_Kernel.dir/rt-thread/src/defunct.c.obj
 .debug_line    0x00001f44      0x155 CMakeFiles/rtt_Kernel.dir/rt-thread/src/idle.c.obj
 .debug_line    0x00002099     0x1674 CMakeFiles/rtt_Kernel.dir/rt-thread/src/ipc.c.obj
 .debug_line    0x0000370d      0x186 CMakeFiles/rtt_Kernel.dir/rt-thread/src/irq.c.obj
 .debug_line    0x00003893      0x4ee CMakeFiles/rtt_Kernel.dir/rt-thread/src/kservice.c.obj
 .debug_line    0x00003d81      0x45d CMakeFiles/rtt_Kernel.dir/rt-thread/src/mem.c.obj
 .debug_line    0x000041de      0x48b CMakeFiles/rtt_Kernel.dir/rt-thread/src/object.c.obj
 .debug_line    0x00004669      0x302 CMakeFiles/rtt_Kernel.dir/rt-thread/src/scheduler_comm.c.obj
 .debug_line    0x0000496b      0x520 CMakeFiles/rtt_Kernel.dir/rt-thread/src/scheduler_up.c.obj
 .debug_line    0x00004e8b      0x5df CMakeFiles/rtt_Kernel.dir/rt-thread/src/thread.c.obj
 .debug_line    0x0000546a      0x5ba CMakeFiles/rtt_Kernel.dir/rt-thread/src/timer.c.obj
 .debug_line    0x00005a24      0x4d9 CMakeFiles/rtt_klibc.dir/rt-thread/src/klibc/kstring.c.obj
 .debug_line    0x00005efd      0x19b CMakeFiles/rtt_klibc.dir/rt-thread/src/klibc/kstdio.c.obj
 .debug_line    0x00006098      0x67c CMakeFiles/rtt_klibc.dir/rt-thread/src/klibc/rt_vsnprintf_tiny.c.obj
 .debug_line    0x00006714       0xf1 CMakeFiles/rtt_libcpu.dir/rt-thread/libcpu/arm/cortex-m0/context_gcc.S.obj
 .debug_line    0x00006805      0x149 CMakeFiles/rtt_libcpu.dir/rt-thread/libcpu/arm/cortex-m0/cpuport.c.obj

.debug_frame    0x00000000     0x2c78
 *(.debug_frame)
 .debug_frame   0x00000000       0x30 CMakeFiles/rtthread.elf.dir/applications/main.c.obj
 .debug_frame   0x00000030       0xc8 CMakeFiles/rtt_Drivers.dir/driver/drivers/i2c.c.obj
 .debug_frame   0x000000f8      0x164 CMakeFiles/rtt_Drivers.dir/driver/modules/led/led.c.obj
 .debug_frame   0x0000025c      0x160 CMakeFiles/rtt_Drivers.dir/driver/board.c.obj
 .debug_frame   0x000003bc      0x12c CMakeFiles/rtt_Drivers.dir/driver/drivers/gpio.c.obj
 .debug_frame   0x000004e8       0x6c CMakeFiles/rtt_Drivers.dir/driver/modules/key/key.c.obj
 .debug_frame   0x00000554      0x1b8 CMakeFiles/rtt_Drivers.dir/driver/modules/oled/oled.c.obj
 .debug_frame   0x0000070c      0x144 CMakeFiles/rtt_Kernel.dir/rt-thread/src/clock.c.obj
 .debug_frame   0x00000850      0x138 CMakeFiles/rtt_Kernel.dir/rt-thread/src/components.c.obj
 .debug_frame   0x00000988       0xec CMakeFiles/rtt_Kernel.dir/rt-thread/src/cpu_up.c.obj
 .debug_frame   0x00000a74       0xec CMakeFiles/rtt_Kernel.dir/rt-thread/src/defunct.c.obj
 .debug_frame   0x00000b60       0x70 CMakeFiles/rtt_Kernel.dir/rt-thread/src/idle.c.obj
 .debug_frame   0x00000bd0      0xae8 CMakeFiles/rtt_Kernel.dir/rt-thread/src/ipc.c.obj
 .debug_frame   0x000016b8       0xe4 CMakeFiles/rtt_Kernel.dir/rt-thread/src/irq.c.obj
 .debug_frame   0x0000179c      0x338 CMakeFiles/rtt_Kernel.dir/rt-thread/src/kservice.c.obj
 .debug_frame   0x00001ad4       0xd0 CMakeFiles/rtt_Kernel.dir/rt-thread/src/mem.c.obj
 .debug_frame   0x00001ba4      0x230 CMakeFiles/rtt_Kernel.dir/rt-thread/src/object.c.obj
 .debug_frame   0x00001dd4      0x1f0 CMakeFiles/rtt_Kernel.dir/rt-thread/src/scheduler_comm.c.obj
 .debug_frame   0x00001fc4      0x2ec CMakeFiles/rtt_Kernel.dir/rt-thread/src/scheduler_up.c.obj
 .debug_frame   0x000022b0      0x370 CMakeFiles/rtt_Kernel.dir/rt-thread/src/thread.c.obj
 .debug_frame   0x00002620      0x2a8 CMakeFiles/rtt_Kernel.dir/rt-thread/src/timer.c.obj
 .debug_frame   0x000028c8      0x1b0 CMakeFiles/rtt_klibc.dir/rt-thread/src/klibc/kstring.c.obj
 .debug_frame   0x00002a78       0x90 CMakeFiles/rtt_klibc.dir/rt-thread/src/klibc/kstdio.c.obj
 .debug_frame   0x00002b08       0x94 CMakeFiles/rtt_klibc.dir/rt-thread/src/klibc/rt_vsnprintf_tiny.c.obj
 .debug_frame   0x00002b9c       0x6c CMakeFiles/rtt_libcpu.dir/rt-thread/libcpu/arm/cortex-m0/cpuport.c.obj
 .debug_frame   0x00002c08       0x20 e:/env-windows-v2.0.0/env-windows/tools/gnu_gcc/arm_gcc/mingw/bin/../lib/gcc/arm-none-eabi/10.3.1/thumb/v6-m/nofp\libgcc.a(_udivsi3.o)
 .debug_frame   0x00002c28       0x20 e:/env-windows-v2.0.0/env-windows/tools/gnu_gcc/arm_gcc/mingw/bin/../lib/gcc/arm-none-eabi/10.3.1/thumb/v6-m/nofp\libgcc.a(_divsi3.o)
 .debug_frame   0x00002c48       0x30 e:/env-windows-v2.0.0/env-windows/tools/gnu_gcc/arm_gcc/mingw/bin/../lib/gcc/arm-none-eabi/10.3.1/../../../../arm-none-eabi/lib/thumb/v6-m/nofp\libg.a(lib_a-memset.o)

.debug_str      0x00000000     0x329b
 *(.debug_str)
 .debug_str     0x00000000      0x1c1 CMakeFiles/rtthread.elf.dir/applications/main.c.obj
                                0x203 (size before relaxing)
 .debug_str     0x000001c1      0x79a CMakeFiles/rtt_Drivers.dir/driver/drivers/i2c.c.obj
                                0x949 (size before relaxing)
 .debug_str     0x0000095b       0xf9 CMakeFiles/rtt_Drivers.dir/driver/modules/led/led.c.obj
                                0x2bc (size before relaxing)
 .debug_str     0x00000a54      0x11b CMakeFiles/rtt_Drivers.dir/driver/board.c.obj
                                0x298 (size before relaxing)
 .debug_str     0x00000b6f       0xde CMakeFiles/rtt_Drivers.dir/driver/drivers/gpio.c.obj
                                0x4f9 (size before relaxing)
 .debug_str     0x00000c4d       0x49 CMakeFiles/rtt_Drivers.dir/driver/startup_gcc.s.obj
                                 0x81 (size before relaxing)
 .debug_str     0x00000c96       0x68 CMakeFiles/rtt_Drivers.dir/driver/modules/key/key.c.obj
                                0x645 (size before relaxing)
 .debug_str     0x00000cfe      0x125 CMakeFiles/rtt_Drivers.dir/driver/modules/oled/oled.c.obj
                                0x325 (size before relaxing)
 .debug_str     0x00000e23      0x131 CMakeFiles/rtt_Kernel.dir/rt-thread/src/clock.c.obj
                                0x2b8 (size before relaxing)
 .debug_str     0x00000f54      0x2b7 CMakeFiles/rtt_Kernel.dir/rt-thread/src/components.c.obj
                                0x507 (size before relaxing)
 .debug_str     0x0000120b       0xd5 CMakeFiles/rtt_Kernel.dir/rt-thread/src/cpu_up.c.obj
                                0x4ae (size before relaxing)
 .debug_str     0x000012e0       0xff CMakeFiles/rtt_Kernel.dir/rt-thread/src/defunct.c.obj
                                0x4e8 (size before relaxing)
 .debug_str     0x000013df       0x9e CMakeFiles/rtt_Kernel.dir/rt-thread/src/idle.c.obj
                                0x46f (size before relaxing)
 .debug_str     0x0000147d      0xa3a CMakeFiles/rtt_Kernel.dir/rt-thread/src/ipc.c.obj
                                0xf08 (size before relaxing)
 .debug_str     0x00001eb7       0xb7 CMakeFiles/rtt_Kernel.dir/rt-thread/src/irq.c.obj
                                0x284 (size before relaxing)
 .debug_str     0x00001f6e      0x2de CMakeFiles/rtt_Kernel.dir/rt-thread/src/kservice.c.obj
                                0x934 (size before relaxing)
 .debug_str     0x0000224c      0x10a CMakeFiles/rtt_Kernel.dir/rt-thread/src/mem.c.obj
                                0x558 (size before relaxing)
 .debug_str     0x00002356      0x33b CMakeFiles/rtt_Kernel.dir/rt-thread/src/object.c.obj
                                0x7c1 (size before relaxing)
 .debug_str     0x00002691      0x1ca CMakeFiles/rtt_Kernel.dir/rt-thread/src/scheduler_comm.c.obj
                                0x5cc (size before relaxing)
 .debug_str     0x0000285b      0x290 CMakeFiles/rtt_Kernel.dir/rt-thread/src/scheduler_up.c.obj
                                0x78f (size before relaxing)
 .debug_str     0x00002aeb      0x229 CMakeFiles/rtt_Kernel.dir/rt-thread/src/thread.c.obj
                                0x90b (size before relaxing)
 .debug_str     0x00002d14      0x1c4 CMakeFiles/rtt_Kernel.dir/rt-thread/src/timer.c.obj
                                0x81a (size before relaxing)
 .debug_str     0x00002ed8      0x108 CMakeFiles/rtt_klibc.dir/rt-thread/src/klibc/kstring.c.obj
                                0x2ad (size before relaxing)
 .debug_str     0x00002fe0       0xa2 CMakeFiles/rtt_klibc.dir/rt-thread/src/klibc/kstdio.c.obj
                                0x240 (size before relaxing)
 .debug_str     0x00003082       0xd1 CMakeFiles/rtt_klibc.dir/rt-thread/src/klibc/rt_vsnprintf_tiny.c.obj
                                0x2df (size before relaxing)
 .debug_str     0x00003153       0x53 CMakeFiles/rtt_libcpu.dir/rt-thread/libcpu/arm/cortex-m0/context_gcc.S.obj
                                 0x99 (size before relaxing)
 .debug_str     0x000031a6       0xf5 CMakeFiles/rtt_libcpu.dir/rt-thread/libcpu/arm/cortex-m0/cpuport.c.obj
                                0x2a2 (size before relaxing)

.debug_loc      0x00000000     0x494c
 *(.debug_loc)
 .debug_loc     0x00000000       0x38 CMakeFiles/rtthread.elf.dir/applications/main.c.obj
 .debug_loc     0x00000038      0x138 CMakeFiles/rtt_Drivers.dir/driver/drivers/i2c.c.obj
 .debug_loc     0x00000170      0x21c CMakeFiles/rtt_Drivers.dir/driver/modules/led/led.c.obj
 .debug_loc     0x0000038c      0x238 CMakeFiles/rtt_Drivers.dir/driver/board.c.obj
 .debug_loc     0x000005c4      0x1ec CMakeFiles/rtt_Drivers.dir/driver/drivers/gpio.c.obj
 .debug_loc     0x000007b0       0x9c CMakeFiles/rtt_Drivers.dir/driver/modules/key/key.c.obj
 .debug_loc     0x0000084c      0x2cc CMakeFiles/rtt_Drivers.dir/driver/modules/oled/oled.c.obj
 .debug_loc     0x00000b18      0x20c CMakeFiles/rtt_Kernel.dir/rt-thread/src/clock.c.obj
 .debug_loc     0x00000d24      0x1e8 CMakeFiles/rtt_Kernel.dir/rt-thread/src/components.c.obj
 .debug_loc     0x00000f0c      0x17c CMakeFiles/rtt_Kernel.dir/rt-thread/src/cpu_up.c.obj
 .debug_loc     0x00001088      0x17c CMakeFiles/rtt_Kernel.dir/rt-thread/src/defunct.c.obj
 .debug_loc     0x00001204       0xa8 CMakeFiles/rtt_Kernel.dir/rt-thread/src/idle.c.obj
 .debug_loc     0x000012ac     0x12d0 CMakeFiles/rtt_Kernel.dir/rt-thread/src/ipc.c.obj
 .debug_loc     0x0000257c      0x164 CMakeFiles/rtt_Kernel.dir/rt-thread/src/irq.c.obj
 .debug_loc     0x000026e0      0x568 CMakeFiles/rtt_Kernel.dir/rt-thread/src/kservice.c.obj
 .debug_loc     0x00002c48      0x150 CMakeFiles/rtt_Kernel.dir/rt-thread/src/mem.c.obj
 .debug_loc     0x00002d98      0x3b8 CMakeFiles/rtt_Kernel.dir/rt-thread/src/object.c.obj
 .debug_loc     0x00003150      0x348 CMakeFiles/rtt_Kernel.dir/rt-thread/src/scheduler_comm.c.obj
 .debug_loc     0x00003498      0x4fc CMakeFiles/rtt_Kernel.dir/rt-thread/src/scheduler_up.c.obj
 .debug_loc     0x00003994      0x5dc CMakeFiles/rtt_Kernel.dir/rt-thread/src/thread.c.obj
 .debug_loc     0x00003f70      0x480 CMakeFiles/rtt_Kernel.dir/rt-thread/src/timer.c.obj
 .debug_loc     0x000043f0      0x2d8 CMakeFiles/rtt_klibc.dir/rt-thread/src/klibc/kstring.c.obj
 .debug_loc     0x000046c8      0x104 CMakeFiles/rtt_klibc.dir/rt-thread/src/klibc/kstdio.c.obj
 .debug_loc     0x000047cc       0xe4 CMakeFiles/rtt_klibc.dir/rt-thread/src/klibc/rt_vsnprintf_tiny.c.obj
 .debug_loc     0x000048b0       0x9c CMakeFiles/rtt_libcpu.dir/rt-thread/libcpu/arm/cortex-m0/cpuport.c.obj

.debug_macinfo
 *(.debug_macinfo)

.debug_weaknames
 *(.debug_weaknames)

.debug_funcnames
 *(.debug_funcnames)

.debug_typenames
 *(.debug_typenames)

.debug_varnames
 *(.debug_varnames)
OUTPUT(rtthread.elf elf32-littlearm)
LOAD linker stubs

.debug_ranges   0x00000000      0xbe8
 .debug_ranges  0x00000000       0x10 CMakeFiles/rtthread.elf.dir/applications/main.c.obj
 .debug_ranges  0x00000010       0x38 CMakeFiles/rtt_Drivers.dir/driver/drivers/i2c.c.obj
 .debug_ranges  0x00000048       0x68 CMakeFiles/rtt_Drivers.dir/driver/modules/led/led.c.obj
 .debug_ranges  0x000000b0       0x60 CMakeFiles/rtt_Drivers.dir/driver/board.c.obj
 .debug_ranges  0x00000110       0x50 CMakeFiles/rtt_Drivers.dir/driver/drivers/gpio.c.obj
 .debug_ranges  0x00000160       0x20 CMakeFiles/rtt_Drivers.dir/driver/modules/key/key.c.obj
 .debug_ranges  0x00000180       0x70 CMakeFiles/rtt_Drivers.dir/driver/modules/oled/oled.c.obj
 .debug_ranges  0x000001f0       0x58 CMakeFiles/rtt_Kernel.dir/rt-thread/src/clock.c.obj
 .debug_ranges  0x00000248       0x58 CMakeFiles/rtt_Kernel.dir/rt-thread/src/components.c.obj
 .debug_ranges  0x000002a0       0x40 CMakeFiles/rtt_Kernel.dir/rt-thread/src/cpu_up.c.obj
 .debug_ranges  0x000002e0       0x58 CMakeFiles/rtt_Kernel.dir/rt-thread/src/defunct.c.obj
 .debug_ranges  0x00000338       0x20 CMakeFiles/rtt_Kernel.dir/rt-thread/src/idle.c.obj
 .debug_ranges  0x00000358      0x2b8 CMakeFiles/rtt_Kernel.dir/rt-thread/src/ipc.c.obj
 .debug_ranges  0x00000610       0x40 CMakeFiles/rtt_Kernel.dir/rt-thread/src/irq.c.obj
 .debug_ranges  0x00000650       0xd8 CMakeFiles/rtt_Kernel.dir/rt-thread/src/kservice.c.obj
 .debug_ranges  0x00000728       0x38 CMakeFiles/rtt_Kernel.dir/rt-thread/src/mem.c.obj
 .debug_ranges  0x00000760       0x90 CMakeFiles/rtt_Kernel.dir/rt-thread/src/object.c.obj
 .debug_ranges  0x000007f0       0x80 CMakeFiles/rtt_Kernel.dir/rt-thread/src/scheduler_comm.c.obj
 .debug_ranges  0x00000870       0xf0 CMakeFiles/rtt_Kernel.dir/rt-thread/src/scheduler_up.c.obj
 .debug_ranges  0x00000960       0xe0 CMakeFiles/rtt_Kernel.dir/rt-thread/src/thread.c.obj
 .debug_ranges  0x00000a40       0xc8 CMakeFiles/rtt_Kernel.dir/rt-thread/src/timer.c.obj
 .debug_ranges  0x00000b08       0x70 CMakeFiles/rtt_klibc.dir/rt-thread/src/klibc/kstring.c.obj
 .debug_ranges  0x00000b78       0x28 CMakeFiles/rtt_klibc.dir/rt-thread/src/klibc/kstdio.c.obj
 .debug_ranges  0x00000ba0       0x28 CMakeFiles/rtt_klibc.dir/rt-thread/src/klibc/rt_vsnprintf_tiny.c.obj
 .debug_ranges  0x00000bc8       0x20 CMakeFiles/rtt_libcpu.dir/rt-thread/libcpu/arm/cortex-m0/cpuport.c.obj

Cross Reference Table

Symbol                                            File
GPIOGetValue                                      CMakeFiles/rtt_Drivers.dir/driver/drivers/gpio.c.obj
GPIOInit                                          CMakeFiles/rtt_Drivers.dir/driver/drivers/gpio.c.obj
                                                  CMakeFiles/rtt_Drivers.dir/driver/modules/key/key.c.obj
                                                  CMakeFiles/rtt_Drivers.dir/driver/modules/led/led.c.obj
GPIOIntClear                                      CMakeFiles/rtt_Drivers.dir/driver/drivers/gpio.c.obj
                                                  CMakeFiles/rtt_Drivers.dir/driver/modules/key/key.c.obj
GPIOIntDisable                                    CMakeFiles/rtt_Drivers.dir/driver/drivers/gpio.c.obj
GPIOIntEnable                                     CMakeFiles/rtt_Drivers.dir/driver/drivers/gpio.c.obj
                                                  CMakeFiles/rtt_Drivers.dir/driver/modules/key/key.c.obj
GPIOIntStatus                                     CMakeFiles/rtt_Drivers.dir/driver/drivers/gpio.c.obj
                                                  CMakeFiles/rtt_Drivers.dir/driver/modules/key/key.c.obj
GPIOSetDir                                        CMakeFiles/rtt_Drivers.dir/driver/drivers/gpio.c.obj
                                                  CMakeFiles/rtt_Drivers.dir/driver/modules/key/key.c.obj
                                                  CMakeFiles/rtt_Drivers.dir/driver/modules/led/led.c.obj
GPIOSetInterrupt                                  CMakeFiles/rtt_Drivers.dir/driver/drivers/gpio.c.obj
                                                  CMakeFiles/rtt_Drivers.dir/driver/modules/key/key.c.obj
GPIOSetValue                                      CMakeFiles/rtt_Drivers.dir/driver/drivers/gpio.c.obj
                                                  CMakeFiles/rtt_Drivers.dir/driver/modules/led/led.c.obj
HardFault_Handler                                 CMakeFiles/rtt_libcpu.dir/rt-thread/libcpu/arm/cortex-m0/context_gcc.S.obj
                                                  CMakeFiles/rtt_Drivers.dir/driver/startup_gcc.s.obj
I2CCount                                          CMakeFiles/rtt_Drivers.dir/driver/drivers/i2c.c.obj
I2CEngine                                         CMakeFiles/rtt_Drivers.dir/driver/drivers/i2c.c.obj
                                                  CMakeFiles/rtt_Drivers.dir/driver/modules/oled/oled.c.obj
I2CInit                                           CMakeFiles/rtt_Drivers.dir/driver/drivers/i2c.c.obj
                                                  CMakeFiles/rtt_Drivers.dir/driver/modules/oled/oled.c.obj
I2CMasterBuffer                                   CMakeFiles/rtt_Drivers.dir/driver/drivers/i2c.c.obj
                                                  CMakeFiles/rtt_Drivers.dir/driver/modules/oled/oled.c.obj
I2CMasterState                                    CMakeFiles/rtt_Drivers.dir/driver/drivers/i2c.c.obj
                                                  CMakeFiles/rtt_Drivers.dir/driver/modules/oled/oled.c.obj
I2CMode                                           CMakeFiles/rtt_Drivers.dir/driver/drivers/i2c.c.obj
I2CReadLength                                     CMakeFiles/rtt_Drivers.dir/driver/drivers/i2c.c.obj
                                                  CMakeFiles/rtt_Drivers.dir/driver/modules/oled/oled.c.obj
I2CSlaveBuffer                                    CMakeFiles/rtt_Drivers.dir/driver/drivers/i2c.c.obj
I2CSlaveState                                     CMakeFiles/rtt_Drivers.dir/driver/drivers/i2c.c.obj
I2CStart                                          CMakeFiles/rtt_Drivers.dir/driver/drivers/i2c.c.obj
I2CStop                                           CMakeFiles/rtt_Drivers.dir/driver/drivers/i2c.c.obj
I2CWriteLength                                    CMakeFiles/rtt_Drivers.dir/driver/drivers/i2c.c.obj
                                                  CMakeFiles/rtt_Drivers.dir/driver/modules/oled/oled.c.obj
I2C_IRQHandler                                    CMakeFiles/rtt_Drivers.dir/driver/drivers/i2c.c.obj
                                                  CMakeFiles/rtt_Drivers.dir/driver/startup_gcc.s.obj
KEY_IRQ_Init                                      CMakeFiles/rtt_Drivers.dir/driver/modules/key/key.c.obj
                                                  CMakeFiles/rtthread.elf.dir/applications/main.c.obj
LED_Init                                          CMakeFiles/rtt_Drivers.dir/driver/modules/led/led.c.obj
                                                  CMakeFiles/rtthread.elf.dir/applications/main.c.obj
LED_Off                                           CMakeFiles/rtt_Drivers.dir/driver/modules/led/led.c.obj
LED_On                                            CMakeFiles/rtt_Drivers.dir/driver/modules/led/led.c.obj
LED_Toggle                                        CMakeFiles/rtt_Drivers.dir/driver/modules/led/led.c.obj
                                                  CMakeFiles/rtthread.elf.dir/applications/main.c.obj
LeftFrontLight_Off                                CMakeFiles/rtt_Drivers.dir/driver/modules/led/led.c.obj
LeftFrontLight_On                                 CMakeFiles/rtt_Drivers.dir/driver/modules/led/led.c.obj
LeftRearLight_Off                                 CMakeFiles/rtt_Drivers.dir/driver/modules/led/led.c.obj
LeftRearLight_On                                  CMakeFiles/rtt_Drivers.dir/driver/modules/led/led.c.obj
Menu                                              CMakeFiles/rtt_Drivers.dir/driver/modules/oled/oled.c.obj
NVIC_ClearPendingIRQ                              CMakeFiles/rtt_Drivers.dir/driver/board.c.obj
NVIC_DisableIRQ                                   CMakeFiles/rtt_Drivers.dir/driver/board.c.obj
NVIC_EnableIRQ                                    CMakeFiles/rtt_Drivers.dir/driver/board.c.obj
NVIC_GetPendingIRQ                                CMakeFiles/rtt_Drivers.dir/driver/board.c.obj
NVIC_SetPendingIRQ                                CMakeFiles/rtt_Drivers.dir/driver/board.c.obj
NVIC_SetPriority                                  CMakeFiles/rtt_Drivers.dir/driver/board.c.obj
OLED_Clear                                        CMakeFiles/rtt_Drivers.dir/driver/modules/oled/oled.c.obj
OLED_F8x16                                        CMakeFiles/rtt_Drivers.dir/driver/modules/oled/oled.c.obj
OLED_Init                                         CMakeFiles/rtt_Drivers.dir/driver/modules/oled/oled.c.obj
                                                  CMakeFiles/rtthread.elf.dir/applications/main.c.obj
OLED_Pow                                          CMakeFiles/rtt_Drivers.dir/driver/modules/oled/oled.c.obj
OLED_SetCursor                                    CMakeFiles/rtt_Drivers.dir/driver/modules/oled/oled.c.obj
OLED_ShowBinNum                                   CMakeFiles/rtt_Drivers.dir/driver/modules/oled/oled.c.obj
OLED_ShowChar                                     CMakeFiles/rtt_Drivers.dir/driver/modules/oled/oled.c.obj
OLED_ShowHexNum                                   CMakeFiles/rtt_Drivers.dir/driver/modules/oled/oled.c.obj
OLED_ShowNum                                      CMakeFiles/rtt_Drivers.dir/driver/modules/oled/oled.c.obj
OLED_ShowSignedNum                                CMakeFiles/rtt_Drivers.dir/driver/modules/oled/oled.c.obj
OLED_ShowString                                   CMakeFiles/rtt_Drivers.dir/driver/modules/oled/oled.c.obj
                                                  CMakeFiles/rtthread.elf.dir/applications/main.c.obj
OLED_WriteCommand                                 CMakeFiles/rtt_Drivers.dir/driver/modules/oled/oled.c.obj
OLED_WriteData                                    CMakeFiles/rtt_Drivers.dir/driver/modules/oled/oled.c.obj
PIOINT1_IRQHandler                                CMakeFiles/rtt_Drivers.dir/driver/modules/key/key.c.obj
                                                  CMakeFiles/rtt_Drivers.dir/driver/startup_gcc.s.obj
PendSV_Handler                                    CMakeFiles/rtt_libcpu.dir/rt-thread/libcpu/arm/cortex-m0/context_gcc.S.obj
                                                  CMakeFiles/rtt_Drivers.dir/driver/startup_gcc.s.obj
RdIndex                                           CMakeFiles/rtt_Drivers.dir/driver/drivers/i2c.c.obj
Reset_Handler                                     CMakeFiles/rtt_Drivers.dir/driver/startup_gcc.s.obj
RightFrontLight_Off                               CMakeFiles/rtt_Drivers.dir/driver/modules/led/led.c.obj
RightFrontLight_On                                CMakeFiles/rtt_Drivers.dir/driver/modules/led/led.c.obj
RightRearLight_Off                                CMakeFiles/rtt_Drivers.dir/driver/modules/led/led.c.obj
RightRearLight_On                                 CMakeFiles/rtt_Drivers.dir/driver/modules/led/led.c.obj
SysTick_Handler                                   CMakeFiles/rtt_Drivers.dir/driver/board.c.obj
                                                  CMakeFiles/rtt_Drivers.dir/driver/startup_gcc.s.obj
SysTick_init                                      CMakeFiles/rtt_Drivers.dir/driver/board.c.obj
UART_IRQHandler                                   CMakeFiles/rtt_Drivers.dir/driver/board.c.obj
                                                  CMakeFiles/rtt_Drivers.dir/driver/startup_gcc.s.obj
WrIndex                                           CMakeFiles/rtt_Drivers.dir/driver/drivers/i2c.c.obj
_Balloc                                           e:/env-windows-v2.0.0/env-windows/tools/gnu_gcc/arm_gcc/mingw/bin/../lib/gcc/arm-none-eabi/10.3.1/../../../../arm-none-eabi/lib/thumb/v6-m/nofp\libg.a(lib_a-mprec.o)
                                                  e:/env-windows-v2.0.0/env-windows/tools/gnu_gcc/arm_gcc/mingw/bin/../lib/gcc/arm-none-eabi/10.3.1/../../../../arm-none-eabi/lib/thumb/v6-m/nofp\libg.a(lib_a-gdtoa-gethex.o)
                                                  e:/env-windows-v2.0.0/env-windows/tools/gnu_gcc/arm_gcc/mingw/bin/../lib/gcc/arm-none-eabi/10.3.1/../../../../arm-none-eabi/lib/thumb/v6-m/nofp\libg.a(lib_a-strtod.o)
_Bfree                                            e:/env-windows-v2.0.0/env-windows/tools/gnu_gcc/arm_gcc/mingw/bin/../lib/gcc/arm-none-eabi/10.3.1/../../../../arm-none-eabi/lib/thumb/v6-m/nofp\libg.a(lib_a-mprec.o)
                                                  e:/env-windows-v2.0.0/env-windows/tools/gnu_gcc/arm_gcc/mingw/bin/../lib/gcc/arm-none-eabi/10.3.1/../../../../arm-none-eabi/lib/thumb/v6-m/nofp\libg.a(lib_a-gdtoa-gethex.o)
                                                  e:/env-windows-v2.0.0/env-windows/tools/gnu_gcc/arm_gcc/mingw/bin/../lib/gcc/arm-none-eabi/10.3.1/../../../../arm-none-eabi/lib/thumb/v6-m/nofp\libg.a(lib_a-strtod.o)
_C_numeric_locale                                 e:/env-windows-v2.0.0/env-windows/tools/gnu_gcc/arm_gcc/mingw/bin/../lib/gcc/arm-none-eabi/10.3.1/../../../../arm-none-eabi/lib/thumb/v6-m/nofp\libg.a(lib_a-lnumeric.o)
                                                  e:/env-windows-v2.0.0/env-windows/tools/gnu_gcc/arm_gcc/mingw/bin/../lib/gcc/arm-none-eabi/10.3.1/../../../../arm-none-eabi/lib/thumb/v6-m/nofp\libg.a(lib_a-gdtoa-gethex.o)
                                                  e:/env-windows-v2.0.0/env-windows/tools/gnu_gcc/arm_gcc/mingw/bin/../lib/gcc/arm-none-eabi/10.3.1/../../../../arm-none-eabi/lib/thumb/v6-m/nofp\libg.a(lib_a-strtod.o)
_Min_Stack_Size                                   CMakeFiles/rtthread.elf.dir/applications/sysmem.c.obj
_PathLocale                                       e:/env-windows-v2.0.0/env-windows/tools/gnu_gcc/arm_gcc/mingw/bin/../lib/gcc/arm-none-eabi/10.3.1/../../../../arm-none-eabi/lib/thumb/v6-m/nofp\libg.a(lib_a-locale.o)
__aeabi_cdcmpeq                                   e:/env-windows-v2.0.0/env-windows/tools/gnu_gcc/arm_gcc/mingw/bin/../lib/gcc/arm-none-eabi/10.3.1/thumb/v6-m/nofp\libgcc.a(_arm_cmpdf2.o)
__aeabi_cdcmple                                   e:/env-windows-v2.0.0/env-windows/tools/gnu_gcc/arm_gcc/mingw/bin/../lib/gcc/arm-none-eabi/10.3.1/thumb/v6-m/nofp\libgcc.a(_arm_cmpdf2.o)
__aeabi_cdrcmple                                  e:/env-windows-v2.0.0/env-windows/tools/gnu_gcc/arm_gcc/mingw/bin/../lib/gcc/arm-none-eabi/10.3.1/thumb/v6-m/nofp\libgcc.a(_arm_cmpdf2.o)
__aeabi_cfcmpeq                                   e:/env-windows-v2.0.0/env-windows/tools/gnu_gcc/arm_gcc/mingw/bin/../lib/gcc/arm-none-eabi/10.3.1/thumb/v6-m/nofp\libgcc.a(_arm_cmpsf2.o)
__aeabi_cfcmple                                   e:/env-windows-v2.0.0/env-windows/tools/gnu_gcc/arm_gcc/mingw/bin/../lib/gcc/arm-none-eabi/10.3.1/thumb/v6-m/nofp\libgcc.a(_arm_cmpsf2.o)
__aeabi_cfrcmple                                  e:/env-windows-v2.0.0/env-windows/tools/gnu_gcc/arm_gcc/mingw/bin/../lib/gcc/arm-none-eabi/10.3.1/thumb/v6-m/nofp\libgcc.a(_arm_cmpsf2.o)
__aeabi_d2f                                       e:/env-windows-v2.0.0/env-windows/tools/gnu_gcc/arm_gcc/mingw/bin/../lib/gcc/arm-none-eabi/10.3.1/thumb/v6-m/nofp\libgcc.a(truncdfsf2.o)
                                                  e:/env-windows-v2.0.0/env-windows/tools/gnu_gcc/arm_gcc/mingw/bin/../lib/gcc/arm-none-eabi/10.3.1/../../../../arm-none-eabi/lib/thumb/v6-m/nofp\libg.a(lib_a-strtod.o)
__aeabi_d2iz                                      e:/env-windows-v2.0.0/env-windows/tools/gnu_gcc/arm_gcc/mingw/bin/../lib/gcc/arm-none-eabi/10.3.1/thumb/v6-m/nofp\libgcc.a(fixdfsi.o)
                                                  e:/env-windows-v2.0.0/env-windows/tools/gnu_gcc/arm_gcc/mingw/bin/../lib/gcc/arm-none-eabi/10.3.1/thumb/v6-m/nofp\libgcc.a(_fixunsdfsi.o)
__aeabi_d2lz                                      e:/env-windows-v2.0.0/env-windows/tools/gnu_gcc/arm_gcc/mingw/bin/../lib/gcc/arm-none-eabi/10.3.1/thumb/v6-m/nofp\libgcc.a(_fixdfdi.o)
                                                  e:/env-windows-v2.0.0/env-windows/tools/gnu_gcc/arm_gcc/mingw/bin/../lib/gcc/arm-none-eabi/10.3.1/../../../../arm-none-eabi/lib/thumb/v6-m/nofp\libg.a(lib_a-strtod.o)
__aeabi_d2uiz                                     e:/env-windows-v2.0.0/env-windows/tools/gnu_gcc/arm_gcc/mingw/bin/../lib/gcc/arm-none-eabi/10.3.1/thumb/v6-m/nofp\libgcc.a(_fixunsdfsi.o)
                                                  e:/env-windows-v2.0.0/env-windows/tools/gnu_gcc/arm_gcc/mingw/bin/../lib/gcc/arm-none-eabi/10.3.1/thumb/v6-m/nofp\libgcc.a(_fixunsdfdi.o)
                                                  e:/env-windows-v2.0.0/env-windows/tools/gnu_gcc/arm_gcc/mingw/bin/../lib/gcc/arm-none-eabi/10.3.1/../../../../arm-none-eabi/lib/thumb/v6-m/nofp\libg.a(lib_a-strtod.o)
__aeabi_d2ulz                                     e:/env-windows-v2.0.0/env-windows/tools/gnu_gcc/arm_gcc/mingw/bin/../lib/gcc/arm-none-eabi/10.3.1/thumb/v6-m/nofp\libgcc.a(_fixunsdfdi.o)
                                                  e:/env-windows-v2.0.0/env-windows/tools/gnu_gcc/arm_gcc/mingw/bin/../lib/gcc/arm-none-eabi/10.3.1/thumb/v6-m/nofp\libgcc.a(_fixdfdi.o)
__aeabi_dadd                                      e:/env-windows-v2.0.0/env-windows/tools/gnu_gcc/arm_gcc/mingw/bin/../lib/gcc/arm-none-eabi/10.3.1/thumb/v6-m/nofp\libgcc.a(adddf3.o)
                                                  e:/env-windows-v2.0.0/env-windows/tools/gnu_gcc/arm_gcc/mingw/bin/../lib/gcc/arm-none-eabi/10.3.1/thumb/v6-m/nofp\libgcc.a(_floatdidf.o)
                                                  e:/env-windows-v2.0.0/env-windows/tools/gnu_gcc/arm_gcc/mingw/bin/../lib/gcc/arm-none-eabi/10.3.1/../../../../arm-none-eabi/lib/thumb/v6-m/nofp\libg.a(lib_a-strtod.o)
__aeabi_dcmpeq                                    e:/env-windows-v2.0.0/env-windows/tools/gnu_gcc/arm_gcc/mingw/bin/../lib/gcc/arm-none-eabi/10.3.1/thumb/v6-m/nofp\libgcc.a(_arm_cmpdf2.o)
                                                  e:/env-windows-v2.0.0/env-windows/tools/gnu_gcc/arm_gcc/mingw/bin/../lib/gcc/arm-none-eabi/10.3.1/../../../../arm-none-eabi/lib/thumb/v6-m/nofp\libg.a(lib_a-strtod.o)
                                                  CMakeFiles/rtt_klibc.dir/rt-thread/src/klibc/rt_vsscanf.c.obj
__aeabi_dcmpge                                    e:/env-windows-v2.0.0/env-windows/tools/gnu_gcc/arm_gcc/mingw/bin/../lib/gcc/arm-none-eabi/10.3.1/thumb/v6-m/nofp\libgcc.a(_arm_cmpdf2.o)
                                                  e:/env-windows-v2.0.0/env-windows/tools/gnu_gcc/arm_gcc/mingw/bin/../lib/gcc/arm-none-eabi/10.3.1/thumb/v6-m/nofp\libgcc.a(_fixunsdfsi.o)
__aeabi_dcmpgt                                    e:/env-windows-v2.0.0/env-windows/tools/gnu_gcc/arm_gcc/mingw/bin/../lib/gcc/arm-none-eabi/10.3.1/thumb/v6-m/nofp\libgcc.a(_arm_cmpdf2.o)
                                                  e:/env-windows-v2.0.0/env-windows/tools/gnu_gcc/arm_gcc/mingw/bin/../lib/gcc/arm-none-eabi/10.3.1/../../../../arm-none-eabi/lib/thumb/v6-m/nofp\libg.a(lib_a-strtod.o)
__aeabi_dcmple                                    e:/env-windows-v2.0.0/env-windows/tools/gnu_gcc/arm_gcc/mingw/bin/../lib/gcc/arm-none-eabi/10.3.1/thumb/v6-m/nofp\libgcc.a(_arm_cmpdf2.o)
                                                  e:/env-windows-v2.0.0/env-windows/tools/gnu_gcc/arm_gcc/mingw/bin/../lib/gcc/arm-none-eabi/10.3.1/../../../../arm-none-eabi/lib/thumb/v6-m/nofp\libg.a(lib_a-strtod.o)
__aeabi_dcmplt                                    e:/env-windows-v2.0.0/env-windows/tools/gnu_gcc/arm_gcc/mingw/bin/../lib/gcc/arm-none-eabi/10.3.1/thumb/v6-m/nofp\libgcc.a(_arm_cmpdf2.o)
                                                  e:/env-windows-v2.0.0/env-windows/tools/gnu_gcc/arm_gcc/mingw/bin/../lib/gcc/arm-none-eabi/10.3.1/thumb/v6-m/nofp\libgcc.a(_fixdfdi.o)
                                                  e:/env-windows-v2.0.0/env-windows/tools/gnu_gcc/arm_gcc/mingw/bin/../lib/gcc/arm-none-eabi/10.3.1/../../../../arm-none-eabi/lib/thumb/v6-m/nofp\libg.a(lib_a-strtod.o)
__aeabi_dcmpun                                    e:/env-windows-v2.0.0/env-windows/tools/gnu_gcc/arm_gcc/mingw/bin/../lib/gcc/arm-none-eabi/10.3.1/thumb/v6-m/nofp\libgcc.a(unorddf2.o)
                                                  e:/env-windows-v2.0.0/env-windows/tools/gnu_gcc/arm_gcc/mingw/bin/../lib/gcc/arm-none-eabi/10.3.1/../../../../arm-none-eabi/lib/thumb/v6-m/nofp\libg.a(lib_a-strtod.o)
__aeabi_ddiv                                      e:/env-windows-v2.0.0/env-windows/tools/gnu_gcc/arm_gcc/mingw/bin/../lib/gcc/arm-none-eabi/10.3.1/thumb/v6-m/nofp\libgcc.a(divdf3.o)
                                                  e:/env-windows-v2.0.0/env-windows/tools/gnu_gcc/arm_gcc/mingw/bin/../lib/gcc/arm-none-eabi/10.3.1/../../../../arm-none-eabi/lib/thumb/v6-m/nofp\libg.a(lib_a-mprec.o)
                                                  e:/env-windows-v2.0.0/env-windows/tools/gnu_gcc/arm_gcc/mingw/bin/../lib/gcc/arm-none-eabi/10.3.1/../../../../arm-none-eabi/lib/thumb/v6-m/nofp\libg.a(lib_a-strtod.o)
__aeabi_dmul                                      e:/env-windows-v2.0.0/env-windows/tools/gnu_gcc/arm_gcc/mingw/bin/../lib/gcc/arm-none-eabi/10.3.1/thumb/v6-m/nofp\libgcc.a(muldf3.o)
                                                  e:/env-windows-v2.0.0/env-windows/tools/gnu_gcc/arm_gcc/mingw/bin/../lib/gcc/arm-none-eabi/10.3.1/thumb/v6-m/nofp\libgcc.a(_floatdidf.o)
                                                  e:/env-windows-v2.0.0/env-windows/tools/gnu_gcc/arm_gcc/mingw/bin/../lib/gcc/arm-none-eabi/10.3.1/thumb/v6-m/nofp\libgcc.a(_fixunsdfdi.o)
                                                  e:/env-windows-v2.0.0/env-windows/tools/gnu_gcc/arm_gcc/mingw/bin/../lib/gcc/arm-none-eabi/10.3.1/../../../../arm-none-eabi/lib/thumb/v6-m/nofp\libg.a(lib_a-mprec.o)
                                                  e:/env-windows-v2.0.0/env-windows/tools/gnu_gcc/arm_gcc/mingw/bin/../lib/gcc/arm-none-eabi/10.3.1/../../../../arm-none-eabi/lib/thumb/v6-m/nofp\libg.a(lib_a-strtod.o)
__aeabi_dsub                                      e:/env-windows-v2.0.0/env-windows/tools/gnu_gcc/arm_gcc/mingw/bin/../lib/gcc/arm-none-eabi/10.3.1/thumb/v6-m/nofp\libgcc.a(subdf3.o)