Archive member included to satisfy reference by file (symbol)

e:/env-windows-v2.0.0/env-windows/tools/gnu_gcc/arm_gcc/mingw/bin/../lib/gcc/arm-none-eabi/10.3.1/thumb/v6-m/nofp\libgcc.a(_udivsi3.o)
                              CMakeFiles/rtt_Kernel.dir/rt-thread/src/ipc.c.obj (__aeabi_uidiv)
e:/env-windows-v2.0.0/env-windows/tools/gnu_gcc/arm_gcc/mingw/bin/../lib/gcc/arm-none-eabi/10.3.1/thumb/v6-m/nofp\libgcc.a(_divsi3.o)
                              CMakeFiles/rtt_Kernel.dir/rt-thread/src/clock.c.obj (__aeabi_idiv)
e:/env-windows-v2.0.0/env-windows/tools/gnu_gcc/arm_gcc/mingw/bin/../lib/gcc/arm-none-eabi/10.3.1/thumb/v6-m/nofp\libgcc.a(_dvmd_tls.o)
                              e:/env-windows-v2.0.0/env-windows/tools/gnu_gcc/arm_gcc/mingw/bin/../lib/gcc/arm-none-eabi/10.3.1/thumb/v6-m/nofp\libgcc.a(_udivsi3.o) (__aeabi_idiv0)
e:/env-windows-v2.0.0/env-windows/tools/gnu_gcc/arm_gcc/mingw/bin/../lib/gcc/arm-none-eabi/10.3.1/thumb/v6-m/nofp\libgcc.a(_arm_cmpdf2.o)
                              CMakeFiles/rtt_klibc.dir/rt-thread/src/klibc/rt_vsscanf.c.obj (__aeabi_dcmpeq)
e:/env-windows-v2.0.0/env-windows/tools/gnu_gcc/arm_gcc/mingw/bin/../lib/gcc/arm-none-eabi/10.3.1/thumb/v6-m/nofp\libgcc.a(_arm_cmpsf2.o)
                              CMakeFiles/rtt_klibc.dir/rt-thread/src/klibc/rt_vsscanf.c.obj (__aeabi_fcmpeq)
e:/env-windows-v2.0.0/env-windows/tools/gnu_gcc/arm_gcc/mingw/bin/../lib/gcc/arm-none-eabi/10.3.1/thumb/v6-m/nofp\libgcc.a(eqsf2.o)
                              e:/env-windows-v2.0.0/env-windows/tools/gnu_gcc/arm_gcc/mingw/bin/../lib/gcc/arm-none-eabi/10.3.1/thumb/v6-m/nofp\libgcc.a(_arm_cmpsf2.o) (__eqsf2)
e:/env-windows-v2.0.0/env-windows/tools/gnu_gcc/arm_gcc/mingw/bin/../lib/gcc/arm-none-eabi/10.3.1/thumb/v6-m/nofp\libgcc.a(gesf2.o)
                              e:/env-windows-v2.0.0/env-windows/tools/gnu_gcc/arm_gcc/mingw/bin/../lib/gcc/arm-none-eabi/10.3.1/thumb/v6-m/nofp\libgcc.a(_arm_cmpsf2.o) (__gesf2)
e:/env-windows-v2.0.0/env-windows/tools/gnu_gcc/arm_gcc/mingw/bin/../lib/gcc/arm-none-eabi/10.3.1/thumb/v6-m/nofp\libgcc.a(lesf2.o)
                              e:/env-windows-v2.0.0/env-windows/tools/gnu_gcc/arm_gcc/mingw/bin/../lib/gcc/arm-none-eabi/10.3.1/thumb/v6-m/nofp\libgcc.a(_arm_cmpsf2.o) (__lesf2)
e:/env-windows-v2.0.0/env-windows/tools/gnu_gcc/arm_gcc/mingw/bin/../lib/gcc/arm-none-eabi/10.3.1/thumb/v6-m/nofp\libgcc.a(eqdf2.o)
                              e:/env-windows-v2.0.0/env-windows/tools/gnu_gcc/arm_gcc/mingw/bin/../lib/gcc/arm-none-eabi/10.3.1/thumb/v6-m/nofp\libgcc.a(_arm_cmpdf2.o) (__eqdf2)
e:/env-windows-v2.0.0/env-windows/tools/gnu_gcc/arm_gcc/mingw/bin/../lib/gcc/arm-none-eabi/10.3.1/thumb/v6-m/nofp\libgcc.a(gedf2.o)
                              e:/env-windows-v2.0.0/env-windows/tools/gnu_gcc/arm_gcc/mingw/bin/../lib/gcc/arm-none-eabi/10.3.1/thumb/v6-m/nofp\libgcc.a(_arm_cmpdf2.o) (__gedf2)
e:/env-windows-v2.0.0/env-windows/tools/gnu_gcc/arm_gcc/mingw/bin/../lib/gcc/arm-none-eabi/10.3.1/thumb/v6-m/nofp\libgcc.a(ledf2.o)
                              e:/env-windows-v2.0.0/env-windows/tools/gnu_gcc/arm_gcc/mingw/bin/../lib/gcc/arm-none-eabi/10.3.1/thumb/v6-m/nofp\libgcc.a(_arm_cmpdf2.o) (__ledf2)
e:/env-windows-v2.0.0/env-windows/tools/gnu_gcc/arm_gcc/mingw/bin/../lib/gcc/arm-none-eabi/10.3.1/../../../../arm-none-eabi/lib/thumb/v6-m/nofp\libg.a(lib_a-ctype_.o)
                              CMakeFiles/rtt_klibc.dir/rt-thread/src/klibc/rt_vsscanf.c.obj (_ctype_)
e:/env-windows-v2.0.0/env-windows/tools/gnu_gcc/arm_gcc/mingw/bin/../lib/gcc/arm-none-eabi/10.3.1/../../../../arm-none-eabi/lib/thumb/v6-m/nofp\libg.a(lib_a-errno.o)
                              CMakeFiles/rtthread.elf.dir/applications/sysmem.c.obj (__errno)
e:/env-windows-v2.0.0/env-windows/tools/gnu_gcc/arm_gcc/mingw/bin/../lib/gcc/arm-none-eabi/10.3.1/../../../../arm-none-eabi/lib/thumb/v6-m/nofp\libg.a(lib_a-impure.o)
                              e:/env-windows-v2.0.0/env-windows/tools/gnu_gcc/arm_gcc/mingw/bin/../lib/gcc/arm-none-eabi/10.3.1/../../../../arm-none-eabi/lib/thumb/v6-m/nofp\libg.a(lib_a-errno.o) (_impure_ptr)
e:/env-windows-v2.0.0/env-windows/tools/gnu_gcc/arm_gcc/mingw/bin/../lib/gcc/arm-none-eabi/10.3.1/../../../../arm-none-eabi/lib/thumb/v6-m/nofp\libg.a(lib_a-memset.o)
                              CMakeFiles/rtt_klibc.dir/rt-thread/src/klibc/rt_vsnprintf_tiny.c.obj (memset)
e:/env-windows-v2.0.0/env-windows/tools/gnu_gcc/arm_gcc/mingw/bin/../lib/gcc/arm-none-eabi/10.3.1/../../../../arm-none-eabi/lib/thumb/v6-m/nofp\libg.a(lib_a-strtod.o)
                              CMakeFiles/rtt_klibc.dir/rt-thread/src/klibc/rt_vsscanf.c.obj (strtod)
e:/env-windows-v2.0.0/env-windows/tools/gnu_gcc/arm_gcc/mingw/bin/../lib/gcc/arm-none-eabi/10.3.1/../../../../arm-none-eabi/lib/thumb/v6-m/nofp\libg.a(lib_a-strtold.o)
                              CMakeFiles/rtt_klibc.dir/rt-thread/src/klibc/rt_vsscanf.c.obj (strtold)
[...]
Memory Configuration

Name             Origin             Length             Attributes
CODE             0x00000000         0x00008000         xr
DATA             0x10000000         0x00001000         rw
*default*        0x00000000         0xffffffff

Linker script and memory map

LOAD CMakeFiles/rtt_Drivers.dir/driver/board.c.obj
LOAD CMakeFiles/rtt_Drivers.dir/driver/startup_gcc.s.obj
LOAD CMakeFiles/rtt_Kernel.dir/rt-thread/src/clock.c.obj
LOAD CMakeFiles/rtt_Kernel.dir/rt-thread/src/components.c.obj
LOAD CMakeFiles/rtt_Kernel.dir/rt-thread/src/cpu_up.c.obj
LOAD CMakeFiles/rtt_Kernel.dir/rt-thread/src/defunct.c.obj
LOAD CMakeFiles/rtt_Kernel.dir/rt-thread/src/idle.c.obj
LOAD CMakeFiles/rtt_Kernel.dir/rt-thread/src/ipc.c.obj
LOAD CMakeFiles/rtt_Kernel.dir/rt-thread/src/irq.c.obj
LOAD CMakeFiles/rtt_Kernel.dir/rt-thread/src/kservice.c.obj
LOAD CMakeFiles/rtt_Kernel.dir/rt-thread/src/mem.c.obj
LOAD CMakeFiles/rtt_Kernel.dir/rt-thread/src/mempool.c.obj
LOAD CMakeFiles/rtt_Kernel.dir/rt-thread/src/object.c.obj
LOAD CMakeFiles/rtt_Kernel.dir/rt-thread/src/scheduler_comm.c.obj
LOAD CMakeFiles/rtt_Kernel.dir/rt-thread/src/scheduler_up.c.obj
LOAD CMakeFiles/rtt_Kernel.dir/rt-thread/src/thread.c.obj
LOAD CMakeFiles/rtt_Kernel.dir/rt-thread/src/timer.c.obj
LOAD CMakeFiles/rtt_klibc.dir/rt-thread/src/klibc/rt_vsnprintf_tiny.c.obj
LOAD CMakeFiles/rtt_klibc.dir/rt-thread/src/klibc/rt_vsscanf.c.obj
LOAD CMakeFiles/rtt_klibc.dir/rt-thread/src/klibc/kstring.c.obj
LOAD CMakeFiles/rtt_klibc.dir/rt-thread/src/klibc/kstdio.c.obj
LOAD CMakeFiles/rtt_klibc.dir/rt-thread/src/klibc/kerrno.c.obj
LOAD CMakeFiles/rtt_libcpu.dir/rt-thread/libcpu/arm/common/div0.c.obj
LOAD CMakeFiles/rtt_libcpu.dir/rt-thread/libcpu/arm/common/showmem.c.obj
LOAD CMakeFiles/rtt_libcpu.dir/rt-thread/libcpu/arm/cortex-m0/context_gcc.S.obj
LOAD CMakeFiles/rtt_libcpu.dir/rt-thread/libcpu/arm/cortex-m0/cpuport.c.obj
LOAD CMakeFiles/rtthread.elf.dir/applications/sysmem.c.obj
LOAD CMakeFiles/rtthread.elf.dir/applications/main.c.obj
LOAD CMakeFiles/rtthread.elf.dir/applications/syscalls.c.obj
START GROUP
LOAD e:/env-windows-v2.0.0/env-windows/tools/gnu_gcc/arm_gcc/mingw/bin/../lib/gcc/arm-none-eabi/10.3.1/thumb/v6-m/nofp\libgcc.a
LOAD e:/env-windows-v2.0.0/env-windows/tools/gnu_gcc/arm_gcc/mingw/bin/../lib/gcc/arm-none-eabi/10.3.1/../../../../arm-none-eabi/lib/thumb/v6-m/nofp\libg.a
LOAD e:/env-windows-v2.0.0/env-windows/tools/gnu_gcc/arm_gcc/mingw/bin/../lib/gcc/arm-none-eabi/10.3.1/../../../../arm-none-eabi/lib/thumb/v6-m/nofp\libc.a
END GROUP
                0x00000100                _system_stack_size = 0x100
                0x10001000                _ram_end = (ORIGIN (DATA) + LENGTH (DATA))

.text           0x00000000     0x43b0
                0x00000000                . = ALIGN (0x4)
                0x00000000                _stext = .
 *(.isr_vector)
 .isr_vector    0x00000000      0x100 CMakeFiles/rtt_Drivers.dir/driver/startup_gcc.s.obj
                0x00000100                . = ALIGN (0x4)
 *(.text)
 .text          0x00000100       0x44 CMakeFiles/rtt_Drivers.dir/driver/startup_gcc.s.obj
                0x00000100                Reset_Handler
 .text          0x00000144       0xec CMakeFiles/rtt_libcpu.dir/rt-thread/libcpu/arm/cortex-m0/context_gcc.S.obj
                0x00000144                rt_hw_interrupt_disable
                0x0000014c                rt_hw_interrupt_enable
                0x00000152                rt_hw_context_switch_interrupt
                0x00000152                rt_hw_context_switch
                0x0000016e                PendSV_Handler
                0x000001c2                rt_hw_context_switch_to
                0x000001fa                rt_hw_interrupt_thread_switch
                0x000001fe                HardFault_Handler
                0x0000020a                rt_hw_interrupt_check
 .text          0x00000230      0x114 e:/env-windows-v2.0.0/env-windows/tools/gnu_gcc/arm_gcc/mingw/bin/../lib/gcc/arm-none-eabi/10.3.1/thumb/v6-m/nofp\libgcc.a(_udivsi3.o)
                0x00000230                __aeabi_uidiv
                0x00000230                __udivsi3
                0x0000033c                __aeabi_uidivmod
 .text          0x00000344      0x1d4 e:/env-windows-v2.0.0/env-windows/tools/gnu_gcc/arm_gcc/mingw/bin/../lib/gcc/arm-none-eabi/10.3.1/thumb/v6-m/nofp\libgcc.a(_divsi3.o)
                0x00000344                __divsi3
                0x00000344                __aeabi_idiv
                0x00000510                __aeabi_idivmod
 .text          0x00000518        0x4 e:/env-windows-v2.0.0/env-windows/tools/gnu_gcc/arm_gcc/mingw/bin/../lib/gcc/arm-none-eabi/10.3.1/thumb/v6-m/nofp\libgcc.a(_dvmd_tls.o)
                0x00000518                __aeabi_idiv0
                0x00000518                __aeabi_ldiv0
 *(.text.*)
 .text.SysTick_Handler
                0x0000051c       0x16 CMakeFiles/rtt_Drivers.dir/driver/board.c.obj
                0x0000051c                SysTick_Handler
 .text.UART_IRQHandler
                0x00000532        0xa CMakeFiles/rtt_Drivers.dir/driver/board.c.obj
                0x00000532                UART_IRQHandler
 .text.os_clock_init
                0x0000053c       0x8c CMakeFiles/rtt_Drivers.dir/driver/board.c.obj
                0x0000053c                os_clock_init
 .text.SysTick_init
                0x000005c8       0x50 CMakeFiles/rtt_Drivers.dir/driver/board.c.obj
                0x000005c8                SysTick_init
 .text.rt_hw_board_init
                0x00000618       0x2c CMakeFiles/rtt_Drivers.dir/driver/board.c.obj
                0x00000618                rt_hw_board_init
 .text.rt_soft_atomic_add
                0x00000644       0x36 CMakeFiles/rtt_Kernel.dir/rt-thread/src/clock.c.obj
 .text.rt_soft_atomic_load
                0x0000067a       0x28 CMakeFiles/rtt_Kernel.dir/rt-thread/src/clock.c.obj
 *fill*         0x000006a2        0x2 00000000
 .text.rt_tick_get
                0x000006a4       0x18 CMakeFiles/rtt_Kernel.dir/rt-thread/src/clock.c.obj
                0x000006a4                rt_tick_get
 .text.rt_tick_increase
                0x000006bc       0x28 CMakeFiles/rtt_Kernel.dir/rt-thread/src/clock.c.obj
                0x000006bc                rt_tick_increase
 .text.rt_tick_from_millisecond
                0x000006e4       0x68 CMakeFiles/rtt_Kernel.dir/rt-thread/src/clock.c.obj
                0x000006e4                rt_tick_from_millisecond
 .text.rti_start
                0x0000074c        0xc CMakeFiles/rtt_Kernel.dir/rt-thread/src/components.c.obj
 .text.rti_board_start
                0x00000758        0xc CMakeFiles/rtt_Kernel.dir/rt-thread/src/components.c.obj
 .text.rti_board_end
                0x00000764        0xc CMakeFiles/rtt_Kernel.dir/rt-thread/src/components.c.obj
 .text.rti_end  0x00000770        0xc CMakeFiles/rtt_Kernel.dir/rt-thread/src/components.c.obj
 .text.rt_components_board_init
                0x0000077c       0x34 CMakeFiles/rtt_Kernel.dir/rt-thread/src/components.c.obj
                0x0000077c                rt_components_board_init
 .text.rt_components_init
                0x000007b0       0x34 CMakeFiles/rtt_Kernel.dir/rt-thread/src/components.c.obj
                0x000007b0                rt_components_init
 .text.entry    0x000007e4       0x10 CMakeFiles/rtt_Kernel.dir/rt-thread/src/components.c.obj
                0x000007e4                entry
 .text.main_thread_entry
                0x000007f4       0x18 CMakeFiles/rtt_Kernel.dir/rt-thread/src/components.c.obj
 .text.rt_application_init
                0x0000080c       0x38 CMakeFiles/rtt_Kernel.dir/rt-thread/src/components.c.obj
                0x0000080c                rt_application_init
 .text.rtthread_startup
                0x00000844       0x34 CMakeFiles/rtt_Kernel.dir/rt-thread/src/components.c.obj
                0x00000844                rtthread_startup
 .text.rt_spin_lock_init
                0x00000878       0x10 CMakeFiles/rtt_Kernel.dir/rt-thread/src/cpu_up.c.obj
                0x00000878                rt_spin_lock_init
 .text.rt_spin_lock
                0x00000888       0x14 CMakeFiles/rtt_Kernel.dir/rt-thread/src/cpu_up.c.obj
                0x00000888                rt_spin_lock
 .text.rt_spin_unlock
                0x0000089c       0x1c CMakeFiles/rtt_Kernel.dir/rt-thread/src/cpu_up.c.obj
                0x0000089c                rt_spin_unlock
 .text.rt_spin_lock_irqsave
                0x000008b8       0x1e CMakeFiles/rtt_Kernel.dir/rt-thread/src/cpu_up.c.obj
                0x000008b8                rt_spin_lock_irqsave
 .text.rt_spin_unlock_irqrestore
                0x000008d6       0x26 CMakeFiles/rtt_Kernel.dir/rt-thread/src/cpu_up.c.obj
                0x000008d6                rt_spin_unlock_irqrestore
 .text.rt_cpu_self
                0x000008fc       0x10 CMakeFiles/rtt_Kernel.dir/rt-thread/src/cpu_up.c.obj
                0x000008fc                rt_cpu_self
 .text.rt_cpu_index
                0x0000090c       0x20 CMakeFiles/rtt_Kernel.dir/rt-thread/src/cpu_up.c.obj
                0x0000090c                rt_cpu_index
 .text.rt_list_insert_after
                0x0000092c       0x2e CMakeFiles/rtt_Kernel.dir/rt-thread/src/defunct.c.obj
 .text.rt_list_remove
                0x0000095a       0x32 CMakeFiles/rtt_Kernel.dir/rt-thread/src/defunct.c.obj
 .text.rt_list_isempty
                0x0000098c       0x1e CMakeFiles/rtt_Kernel.dir/rt-thread/src/defunct.c.obj
 *fill*         0x000009aa        0x2 00000000
 .text.rt_thread_defunct_enqueue
                0x000009ac       0x40 CMakeFiles/rtt_Kernel.dir/rt-thread/src/defunct.c.obj
                0x000009ac                rt_thread_defunct_enqueue
 .text.rt_thread_defunct_dequeue
                0x000009ec       0x58 CMakeFiles/rtt_Kernel.dir/rt-thread/src/defunct.c.obj
                0x000009ec                rt_thread_defunct_dequeue
 .text.rt_defunct_execute
                0x00000a44       0x66 CMakeFiles/rtt_Kernel.dir/rt-thread/src/defunct.c.obj
                0x00000a44                rt_defunct_execute
 *fill*         0x00000aaa        0x2 00000000
 .text.rt_thread_defunct_init
                0x00000aac       0x18 CMakeFiles/rtt_Kernel.dir/rt-thread/src/defunct.c.obj
                0x00000aac                rt_thread_defunct_init
 .text.idle_thread_entry
                0x00000ac4        0xe CMakeFiles/rtt_Kernel.dir/rt-thread/src/idle.c.obj
 *fill*         0x00000ad2        0x2 00000000
 .text.rt_thread_idle_init
                0x00000ad4       0x94 CMakeFiles/rtt_Kernel.dir/rt-thread/src/idle.c.obj
                0x00000ad4                rt_thread_idle_init
 .text.rt_list_init
                0x00000b68       0x1e CMakeFiles/rtt_Kernel.dir/rt-thread/src/ipc.c.obj
 .text.rt_list_insert_after
                0x00000b86       0x2e CMakeFiles/rtt_Kernel.dir/rt-thread/src/ipc.c.obj
 .text.rt_list_insert_before
                0x00000bb4       0x2e CMakeFiles/rtt_Kernel.dir/rt-thread/src/ipc.c.obj
 .text.rt_list_remove
                0x00000be2       0x32 CMakeFiles/rtt_Kernel.dir/rt-thread/src/ipc.c.obj
 .text.rt_list_isempty
                0x00000c14       0x1e CMakeFiles/rtt_Kernel.dir/rt-thread/src/ipc.c.obj
 .text._ipc_object_init
                0x00000c32       0x1c CMakeFiles/rtt_Kernel.dir/rt-thread/src/ipc.c.obj
 .text.rt_susp_list_enqueue
                0x00000c4e       0x9a CMakeFiles/rtt_Kernel.dir/rt-thread/src/ipc.c.obj
                0x00000c4e                rt_susp_list_enqueue
 .text._mutex_update_priority
                0x00000ce8       0x42 CMakeFiles/rtt_Kernel.dir/rt-thread/src/ipc.c.obj
 .text._thread_get_mutex_priority
                0x00000d2a       0x86 CMakeFiles/rtt_Kernel.dir/rt-thread/src/ipc.c.obj
 .text._thread_update_priority
                0x00000db0       0xf2 CMakeFiles/rtt_Kernel.dir/rt-thread/src/ipc.c.obj
 .text._check_and_update_prio
                0x00000ea2       0x5c CMakeFiles/rtt_Kernel.dir/rt-thread/src/ipc.c.obj
 .text.rt_mutex_init
                0x00000efe       0x5e CMakeFiles/rtt_Kernel.dir/rt-thread/src/ipc.c.obj
                0x00000efe                rt_mutex_init
 .text.rt_mutex_drop_thread
                0x00000f5c       0xda CMakeFiles/rtt_Kernel.dir/rt-thread/src/ipc.c.obj
                0x00000f5c                rt_mutex_drop_thread
 .text._rt_mutex_take
                0x00001036      0x290 CMakeFiles/rtt_Kernel.dir/rt-thread/src/ipc.c.obj
 .text.rt_mutex_take
                0x000012c6       0x20 CMakeFiles/rtt_Kernel.dir/rt-thread/src/ipc.c.obj
                0x000012c6                rt_mutex_take
 .text.rt_mutex_release
                0x000012e6      0x176 CMakeFiles/rtt_Kernel.dir/rt-thread/src/ipc.c.obj
                0x000012e6                rt_mutex_release
 .text.rt_soft_atomic_add
                0x0000145c       0x36 CMakeFiles/rtt_Kernel.dir/rt-thread/src/irq.c.obj
 .text.rt_soft_atomic_sub
                0x00001492       0x36 CMakeFiles/rtt_Kernel.dir/rt-thread/src/irq.c.obj
 .text.rt_soft_atomic_load
                0x000014c8       0x28 CMakeFiles/rtt_Kernel.dir/rt-thread/src/irq.c.obj
 .text.rt_interrupt_enter
                0x000014f0       0x18 CMakeFiles/rtt_Kernel.dir/rt-thread/src/irq.c.obj
                0x000014f0                rt_interrupt_enter
 .text.rt_interrupt_leave
                0x00001508       0x18 CMakeFiles/rtt_Kernel.dir/rt-thread/src/irq.c.obj
                0x00001508                rt_interrupt_leave
 .text.rt_interrupt_get_nest
                0x00001520       0x34 CMakeFiles/rtt_Kernel.dir/rt-thread/src/irq.c.obj
                0x00001520                rt_interrupt_get_nest
 .text.rt_show_version
                0x00001554        0xa CMakeFiles/rtt_Kernel.dir/rt-thread/src/kservice.c.obj
                0x00001554                rt_show_version
 *fill*         0x0000155e        0x2 00000000
 .text._heap_lock_init
                0x00001560       0x20 CMakeFiles/rtt_Kernel.dir/rt-thread/src/kservice.c.obj
 .text._heap_lock
                0x00001580       0x2c CMakeFiles/rtt_Kernel.dir/rt-thread/src/kservice.c.obj
 .text._heap_unlock
                0x000015ac       0x24 CMakeFiles/rtt_Kernel.dir/rt-thread/src/kservice.c.obj
 .text.rt_system_heap_init_generic
                0x000015d0       0x48 CMakeFiles/rtt_Kernel.dir/rt-thread/src/kservice.c.obj
                0x000015d0                rt_system_heap_init_generic
 .text.rt_system_heap_init
                0x00001618       0x1e CMakeFiles/rtt_Kernel.dir/rt-thread/src/kservice.c.obj
                0x00001618                rt_system_heap_init
 *fill*         0x00001636        0x2 00000000
 .text.rt_malloc
                0x00001638       0x38 CMakeFiles/rtt_Kernel.dir/rt-thread/src/kservice.c.obj
                0x00001638                rt_malloc
 .text.rt_free  0x00001670       0x30 CMakeFiles/rtt_Kernel.dir/rt-thread/src/kservice.c.obj
                0x00001670                rt_free
 .text.__rt_ffs
                0x000016a0       0x74 CMakeFiles/rtt_Kernel.dir/rt-thread/src/kservice.c.obj
                0x000016a0                __rt_ffs
 .text.plug_holes
                0x00001714       0xc0 CMakeFiles/rtt_Kernel.dir/rt-thread/src/mem.c.obj
 .text.rt_smem_init
                0x000017d4       0xf4 CMakeFiles/rtt_Kernel.dir/rt-thread/src/mem.c.obj
                0x000017d4                rt_smem_init
 .text.rt_smem_alloc
                0x000018c8      0x1aa CMakeFiles/rtt_Kernel.dir/rt-thread/src/mem.c.obj
                0x000018c8                rt_smem_alloc
 .text.rt_smem_free
                0x00001a72       0x86 CMakeFiles/rtt_Kernel.dir/rt-thread/src/mem.c.obj
                0x00001a72                rt_smem_free
 .text.rt_list_insert_after
                0x00001af8       0x2e CMakeFiles/rtt_Kernel.dir/rt-thread/src/object.c.obj
 .text.rt_list_remove
                0x00001b26       0x32 CMakeFiles/rtt_Kernel.dir/rt-thread/src/object.c.obj
 .text.rt_object_get_information
                0x00001b58       0x60 CMakeFiles/rtt_Kernel.dir/rt-thread/src/object.c.obj
                0x00001b58                rt_object_get_information
 .text.rt_object_init
                0x00001bb8       0x94 CMakeFiles/rtt_Kernel.dir/rt-thread/src/object.c.obj
                0x00001bb8                rt_object_init
 .text.rt_object_detach
                0x00001c4c       0x4a CMakeFiles/rtt_Kernel.dir/rt-thread/src/object.c.obj
                0x00001c4c                rt_object_detach
 .text.rt_object_allocate
                0x00001c96       0xb6 CMakeFiles/rtt_Kernel.dir/rt-thread/src/object.c.obj
                0x00001c96                rt_object_allocate
 .text.rt_object_delete
                0x00001d4c       0x52 CMakeFiles/rtt_Kernel.dir/rt-thread/src/object.c.obj
                0x00001d4c                rt_object_delete
 .text.rt_object_is_systemobject
                0x00001d9e       0x20 CMakeFiles/rtt_Kernel.dir/rt-thread/src/object.c.obj
                0x00001d9e                rt_object_is_systemobject
 .text.rt_object_get_type
                0x00001dbe       0x1a CMakeFiles/rtt_Kernel.dir/rt-thread/src/object.c.obj
                0x00001dbe                rt_object_get_type
 .text.rt_list_remove
                0x00001dd8       0x32 CMakeFiles/rtt_Kernel.dir/rt-thread/src/scheduler_comm.c.obj
 .text.rt_sched_thread_init_ctx
                0x00001e0a       0x2c CMakeFiles/rtt_Kernel.dir/rt-thread/src/scheduler_comm.c.obj
                0x00001e0a                rt_sched_thread_init_ctx
 .text.rt_sched_thread_timer_start
                0x00001e36       0x1e CMakeFiles/rtt_Kernel.dir/rt-thread/src/scheduler_comm.c.obj
                0x00001e36                rt_sched_thread_timer_start
 .text.rt_sched_thread_timer_stop
                0x00001e54       0x42 CMakeFiles/rtt_Kernel.dir/rt-thread/src/scheduler_comm.c.obj
                0x00001e54                rt_sched_thread_timer_stop
 .text.rt_sched_thread_get_stat
                0x00001e96       0x1c CMakeFiles/rtt_Kernel.dir/rt-thread/src/scheduler_comm.c.obj
                0x00001e96                rt_sched_thread_get_stat
 .text.rt_sched_thread_get_curr_prio
                0x00001eb2       0x16 CMakeFiles/rtt_Kernel.dir/rt-thread/src/scheduler_comm.c.obj
                0x00001eb2                rt_sched_thread_get_curr_prio
 .text.rt_sched_thread_get_init_prio
                0x00001ec8       0x16 CMakeFiles/rtt_Kernel.dir/rt-thread/src/scheduler_comm.c.obj
                0x00001ec8                rt_sched_thread_get_init_prio
 .text.rt_sched_thread_is_suspended
                0x00001ede       0x22 CMakeFiles/rtt_Kernel.dir/rt-thread/src/scheduler_comm.c.obj
                0x00001ede                rt_sched_thread_is_suspended
 .text.rt_sched_thread_close
                0x00001f00       0x1a CMakeFiles/rtt_Kernel.dir/rt-thread/src/scheduler_comm.c.obj
                0x00001f00                rt_sched_thread_close
 .text.rt_sched_thread_yield
                0x00001f1a       0x2c CMakeFiles/rtt_Kernel.dir/rt-thread/src/scheduler_comm.c.obj
                0x00001f1a                rt_sched_thread_yield
 .text.rt_sched_thread_ready
                0x00001f46       0x60 CMakeFiles/rtt_Kernel.dir/rt-thread/src/scheduler_comm.c.obj
                0x00001f46                rt_sched_thread_ready
 .text.rt_sched_tick_increase
                0x00001fa6       0x64 CMakeFiles/rtt_Kernel.dir/rt-thread/src/scheduler_comm.c.obj
                0x00001fa6                rt_sched_tick_increase
 .text._rt_sched_update_priority
                0x0000200a       0xa4 CMakeFiles/rtt_Kernel.dir/rt-thread/src/scheduler_comm.c.obj
 .text.rt_sched_thread_change_priority
                0x000020ae       0x26 CMakeFiles/rtt_Kernel.dir/rt-thread/src/scheduler_comm.c.obj
                0x000020ae                rt_sched_thread_change_priority
 .text.rt_list_init
                0x000020d4       0x1e CMakeFiles/rtt_Kernel.dir/rt-thread/src/scheduler_up.c.obj
 .text.rt_list_insert_after
                0x000020f2       0x2e CMakeFiles/rtt_Kernel.dir/rt-thread/src/scheduler_up.c.obj
 .text.rt_list_insert_before
                0x00002120       0x2e CMakeFiles/rtt_Kernel.dir/rt-thread/src/scheduler_up.c.obj
 .text.rt_list_remove
                0x0000214e       0x32 CMakeFiles/rtt_Kernel.dir/rt-thread/src/scheduler_up.c.obj
 .text.rt_list_isempty
                0x00002180       0x1e CMakeFiles/rtt_Kernel.dir/rt-thread/src/scheduler_up.c.obj
 .text.rt_soft_atomic_add
                0x0000219e       0x36 CMakeFiles/rtt_Kernel.dir/rt-thread/src/scheduler_up.c.obj
 .text.rt_soft_atomic_load
                0x000021d4       0x28 CMakeFiles/rtt_Kernel.dir/rt-thread/src/scheduler_up.c.obj
 .text._scheduler_get_highest_priority_thread
                0x000021fc       0x3c CMakeFiles/rtt_Kernel.dir/rt-thread/src/scheduler_up.c.obj
 .text.rt_sched_lock
                0x00002238       0x2c CMakeFiles/rtt_Kernel.dir/rt-thread/src/scheduler_up.c.obj
                0x00002238                rt_sched_lock
 .text.rt_sched_unlock
                0x00002264       0x1a CMakeFiles/rtt_Kernel.dir/rt-thread/src/scheduler_up.c.obj
                0x00002264                rt_sched_unlock
 .text.rt_sched_unlock_n_resched
                0x0000227e       0x26 CMakeFiles/rtt_Kernel.dir/rt-thread/src/scheduler_up.c.obj
                0x0000227e                rt_sched_unlock_n_resched
 .text.rt_system_scheduler_init
                0x000022a4       0x48 CMakeFiles/rtt_Kernel.dir/rt-thread/src/scheduler_up.c.obj
                0x000022a4                rt_system_scheduler_init
 .text.rt_system_scheduler_start
                0x000022ec       0x48 CMakeFiles/rtt_Kernel.dir/rt-thread/src/scheduler_up.c.obj
                0x000022ec                rt_system_scheduler_start
 .text.rt_schedule
                0x00002334      0x180 CMakeFiles/rtt_Kernel.dir/rt-thread/src/scheduler_up.c.obj
                0x00002334                rt_schedule
 .text.rt_sched_thread_startup
                0x000024b4       0x2a CMakeFiles/rtt_Kernel.dir/rt-thread/src/scheduler_up.c.obj
                0x000024b4                rt_sched_thread_startup
 .text.rt_sched_thread_init_priv
                0x000024de       0x46 CMakeFiles/rtt_Kernel.dir/rt-thread/src/scheduler_up.c.obj
                0x000024de                rt_sched_thread_init_priv
 .text.rt_sched_insert_thread
                0x00002524       0xbc CMakeFiles/rtt_Kernel.dir/rt-thread/src/scheduler_up.c.obj
                0x00002524                rt_sched_insert_thread
 .text.rt_sched_remove_thread
                0x000025e0       0x58 CMakeFiles/rtt_Kernel.dir/rt-thread/src/scheduler_up.c.obj
                0x000025e0                rt_sched_remove_thread
 .text.rt_exit_critical_safe
                0x00002638       0x14 CMakeFiles/rtt_Kernel.dir/rt-thread/src/scheduler_up.c.obj
                0x00002638                rt_exit_critical_safe
 .text.rt_enter_critical
                0x0000264c       0x24 CMakeFiles/rtt_Kernel.dir/rt-thread/src/scheduler_up.c.obj
                0x0000264c                rt_enter_critical
 .text.rt_exit_critical
                0x00002670       0x5c CMakeFiles/rtt_Kernel.dir/rt-thread/src/scheduler_up.c.obj
                0x00002670                rt_exit_critical
 .text.rt_critical_level
                0x000026cc       0x1c CMakeFiles/rtt_Kernel.dir/rt-thread/src/scheduler_up.c.obj
                0x000026cc                rt_critical_level
 .text.rt_list_init
                0x000026e8       0x1e CMakeFiles/rtt_Kernel.dir/rt-thread/src/thread.c.obj
 .text.rt_list_remove
                0x00002706       0x32 CMakeFiles/rtt_Kernel.dir/rt-thread/src/thread.c.obj
 .text._thread_detach_from_mutex
                0x00002738       0x9a CMakeFiles/rtt_Kernel.dir/rt-thread/src/thread.c.obj
 .text._thread_exit
                0x000027d2       0x42 CMakeFiles/rtt_Kernel.dir/rt-thread/src/thread.c.obj
 .text._thread_timeout
                0x00002814       0x50 CMakeFiles/rtt_Kernel.dir/rt-thread/src/thread.c.obj
 .text._thread_init
                0x00002864       0xd0 CMakeFiles/rtt_Kernel.dir/rt-thread/src/thread.c.obj
 .text.rt_thread_init
                0x00002934       0x52 CMakeFiles/rtt_Kernel.dir/rt-thread/src/thread.c.obj
                0x00002934                rt_thread_init
 .text.rt_thread_self
                0x00002986       0x12 CMakeFiles/rtt_Kernel.dir/rt-thread/src/thread.c.obj
                0x00002986                rt_thread_self
 .text.rt_thread_startup
                0x00002998       0x2a CMakeFiles/rtt_Kernel.dir/rt-thread/src/thread.c.obj
                0x00002998                rt_thread_startup
 .text.rt_thread_close
                0x000029c2       0x70 CMakeFiles/rtt_Kernel.dir/rt-thread/src/thread.c.obj
                0x000029c2                rt_thread_close
 .text.rt_thread_create
                0x00002a32       0x70 CMakeFiles/rtt_Kernel.dir/rt-thread/src/thread.c.obj
                0x00002a32                rt_thread_create
 .text._thread_sleep
                0x00002aa2       0x94 CMakeFiles/rtt_Kernel.dir/rt-thread/src/thread.c.obj
 .text.rt_thread_mdelay
                0x00002b36       0x26 CMakeFiles/rtt_Kernel.dir/rt-thread/src/thread.c.obj
                0x00002b36                rt_thread_mdelay
 .text._thread_set_suspend_state
                0x00002b5c       0x76 CMakeFiles/rtt_Kernel.dir/rt-thread/src/thread.c.obj
 .text.rt_thread_suspend_to_list
                0x00002bd2       0x94 CMakeFiles/rtt_Kernel.dir/rt-thread/src/thread.c.obj
                0x00002bd2                rt_thread_suspend_to_list
 .text.rt_thread_suspend_with_flag
                0x00002c66       0x20 CMakeFiles/rtt_Kernel.dir/rt-thread/src/thread.c.obj
                0x00002c66                rt_thread_suspend_with_flag
 .text.rt_thread_resume
                0x00002c86       0x56 CMakeFiles/rtt_Kernel.dir/rt-thread/src/thread.c.obj
                0x00002c86                rt_thread_resume
 .text.rt_list_init
                0x00002cdc       0x1e CMakeFiles/rtt_Kernel.dir/rt-thread/src/timer.c.obj
 .text.rt_list_insert_after
                0x00002cfa       0x2e CMakeFiles/rtt_Kernel.dir/rt-thread/src/timer.c.obj
 .text.rt_list_remove
                0x00002d28       0x32 CMakeFiles/rtt_Kernel.dir/rt-thread/src/timer.c.obj
 .text.rt_list_isempty
                0x00002d5a       0x1e CMakeFiles/rtt_Kernel.dir/rt-thread/src/timer.c.obj
 .text._timerlock_idx
                0x00002d78       0x18 CMakeFiles/rtt_Kernel.dir/rt-thread/src/timer.c.obj
 .text._timer_init
                0x00002d90       0x6c CMakeFiles/rtt_Kernel.dir/rt-thread/src/timer.c.obj
 .text._timer_remove
                0x00002dfc       0x36 CMakeFiles/rtt_Kernel.dir/rt-thread/src/timer.c.obj
 .text.rt_timer_init
                0x00002e32       0x38 CMakeFiles/rtt_Kernel.dir/rt-thread/src/timer.c.obj
                0x00002e32                rt_timer_init
 .text.rt_timer_detach
                0x00002e6a       0x64 CMakeFiles/rtt_Kernel.dir/rt-thread/src/timer.c.obj
                0x00002e6a                rt_timer_detach
 *fill*         0x00002ece        0x2 00000000
 .text._timer_start
                0x00002ed0      0x170 CMakeFiles/rtt_Kernel.dir/rt-thread/src/timer.c.obj
 .text._timer_check
                0x00003040      0x114 CMakeFiles/rtt_Kernel.dir/rt-thread/src/timer.c.obj
 .text.rt_timer_start
                0x00003154       0x94 CMakeFiles/rtt_Kernel.dir/rt-thread/src/timer.c.obj
                0x00003154                rt_timer_start
 .text.rt_timer_stop
                0x000031e8       0x72 CMakeFiles/rtt_Kernel.dir/rt-thread/src/timer.c.obj
                0x000031e8                rt_timer_stop
 *fill*         0x0000325a        0x2 00000000
 .text.rt_timer_control
                0x0000325c       0xfc CMakeFiles/rtt_Kernel.dir/rt-thread/src/timer.c.obj
                0x0000325c                rt_timer_control
 .text.rt_timer_check
                0x00003358       0x24 CMakeFiles/rtt_Kernel.dir/rt-thread/src/timer.c.obj
                0x00003358                rt_timer_check
 .text.rt_system_timer_init
                0x0000337c       0x40 CMakeFiles/rtt_Kernel.dir/rt-thread/src/timer.c.obj
                0x0000337c                rt_system_timer_init
 .text.rt_system_timer_thread_init
                0x000033bc        0xa CMakeFiles/rtt_Kernel.dir/rt-thread/src/timer.c.obj
                0x000033bc                rt_system_timer_thread_init
 .text.divide   0x000033c6       0x3c CMakeFiles/rtt_klibc.dir/rt-thread/src/klibc/rt_vsnprintf_tiny.c.obj
 .text.skip_atoi
                0x00003402       0x42 CMakeFiles/rtt_klibc.dir/rt-thread/src/klibc/rt_vsnprintf_tiny.c.obj
 .text.print_number
                0x00003444      0x33c CMakeFiles/rtt_klibc.dir/rt-thread/src/klibc/rt_vsnprintf_tiny.c.obj
 .text.rt_vsnprintf
                0x00003780      0x580 CMakeFiles/rtt_klibc.dir/rt-thread/src/klibc/rt_vsnprintf_tiny.c.obj
                0x00003780                rt_vsnprintf
 .text.rt_memset
                0x00003d00       0xce CMakeFiles/rtt_klibc.dir/rt-thread/src/klibc/kstring.c.obj
                0x00003d00                rt_memset
 .text.rt_memcpy
                0x00003dce       0xd4 CMakeFiles/rtt_klibc.dir/rt-thread/src/klibc/kstring.c.obj
                0x00003dce                rt_memcpy
 .text.rt_strlen
                0x00003ea2       0x2e CMakeFiles/rtt_klibc.dir/rt-thread/src/klibc/kstring.c.obj
                0x00003ea2                rt_strlen
 .text.rt_snprintf
                0x00003ed0       0x36 CMakeFiles/rtt_klibc.dir/rt-thread/src/klibc/kstdio.c.obj
                0x00003ed0                rt_snprintf
 *fill*         0x00003f06        0x2 00000000
 .text.rt_hw_stack_init
                0x00003f08       0x84 CMakeFiles/rtt_libcpu.dir/rt-thread/libcpu/arm/cortex-m0/cpuport.c.obj
                0x00003f08                rt_hw_stack_init
 .text.rt_hw_hard_fault_exception
                0x00003f8c        0xa CMakeFiles/rtt_libcpu.dir/rt-thread/libcpu/arm/cortex-m0/cpuport.c.obj
                0x00003f8c                rt_hw_hard_fault_exception
 *fill*         0x00003f96        0x2 00000000
 .text.led_off  0x00003f98       0x14 CMakeFiles/rtthread.elf.dir/applications/main.c.obj
 .text.led_on   0x00003fac       0x14 CMakeFiles/rtthread.elf.dir/applications/main.c.obj
 .text.led_setup
                0x00003fc0       0x28 CMakeFiles/rtthread.elf.dir/applications/main.c.obj
 .text.led_demo
                0x00003fe8       0x26 CMakeFiles/rtthread.elf.dir/applications/main.c.obj
 .text.main     0x0000400e       0x18 CMakeFiles/rtthread.elf.dir/applications/main.c.obj
                0x0000400e                main
 *fill*         0x00004026        0x2 00000000
 .text.memset   0x00004028       0xa8 e:/env-windows-v2.0.0/env-windows/tools/gnu_gcc/arm_gcc/mingw/bin/../lib/gcc/arm-none-eabi/10.3.1/../../../../arm-none-eabi/lib/thumb/v6-m/nofp\libg.a(lib_a-memset.o)
                0x00004028                memset
 *(.rodata)
 .rodata        0x000040d0        0x5 CMakeFiles/rtt_Kernel.dir/rt-thread/src/components.c.obj
 *fill*         0x000040d5        0x3 00000000
 .rodata        0x000040d8        0x8 CMakeFiles/rtt_Kernel.dir/rt-thread/src/idle.c.obj
 .rodata        0x000040e0        0xd CMakeFiles/rtt_Kernel.dir/rt-thread/src/kservice.c.obj
 *fill*         0x000040ed        0x3 00000000
 .rodata        0x000040f0        0x6 CMakeFiles/rtt_Kernel.dir/rt-thread/src/mem.c.obj
 *fill*         0x000040f6        0x2 00000000
 .rodata        0x000040f8        0x7 CMakeFiles/rtt_klibc.dir/rt-thread/src/klibc/rt_vsnprintf_tiny.c.obj
 *(.rodata*)
 *fill*         0x000040ff        0x1 00000000
 .rodata.__lowest_bit_bitmap
                0x00004100      0x100 CMakeFiles/rtt_Kernel.dir/rt-thread/src/kservice.c.obj
                0x00004100                __lowest_bit_bitmap
 .rodata.rt_timer_control
                0x00004200       0x28 CMakeFiles/rtt_Kernel.dir/rt-thread/src/timer.c.obj
 .rodata.rt_vsnprintf
                0x00004228      0x150 CMakeFiles/rtt_klibc.dir/rt-thread/src/klibc/rt_vsnprintf_tiny.c.obj
 .rodata.large_digits.1
                0x00004378       0x11 CMakeFiles/rtt_klibc.dir/rt-thread/src/klibc/rt_vsnprintf_tiny.c.obj
 *fill*         0x00004389        0x3 00000000
 .rodata.small_digits.0
                0x0000438c       0x11 CMakeFiles/rtt_klibc.dir/rt-thread/src/klibc/rt_vsnprintf_tiny.c.obj
 *(.glue_7)
 .glue_7        0x0000439d        0x0 linker stubs
 *(.glue_7t)
 .glue_7t       0x0000439d        0x0 linker stubs
 *(.gnu.linkonce.t*)
                0x000043a0                . = ALIGN (0x4)
 *fill*         0x0000439d        0x3 00000000
                0x000043a0                __fsymtab_start = .
 *(FSymTab)
                0x000043a0                __fsymtab_end = .
                0x000043a0                . = ALIGN (0x4)
                0x000043a0                __vsymtab_start = .
 *(VSymTab)
                0x000043a0                __vsymtab_end = .
                0x000043a0                . = ALIGN (0x4)
                0x000043a0                . = ALIGN (0x4)
                0x000043a0                __rt_init_start = .
 *(SORT_BY_NAME(.rti_fn*))
 .rti_fn.0      0x000043a0        0x4 CMakeFiles/rtt_Kernel.dir/rt-thread/src/components.c.obj
                0x000043a0                __rt_init_rti_start
 .rti_fn.0.end  0x000043a4        0x4 CMakeFiles/rtt_Kernel.dir/rt-thread/src/components.c.obj
                0x000043a4                __rt_init_rti_board_start
 .rti_fn.1.end  0x000043a8        0x4 CMakeFiles/rtt_Kernel.dir/rt-thread/src/components.c.obj
                0x000043a8                __rt_init_rti_board_end
 .rti_fn.6.end  0x000043ac        0x4 CMakeFiles/rtt_Kernel.dir/rt-thread/src/components.c.obj
                0x000043ac                __rt_init_rti_end
                0x000043b0                __rt_init_end = .
                0x000043b0                . = ALIGN (0x4)
                0x000043b0                . = ALIGN (0x4)
                0x000043b0                _etext = .
                0x000043b0                __exidx_start = .

.vfp11_veneer   0x000043b0        0x0
 .vfp11_veneer  0x000043b0        0x0 linker stubs

.v4_bx          0x000043b0        0x0
 .v4_bx         0x000043b0        0x0 linker stubs

.iplt           0x000043b0        0x0
 .iplt          0x000043b0        0x0 CMakeFiles/rtt_Drivers.dir/driver/board.c.obj

.rel.dyn        0x000043b0        0x0
 .rel.iplt      0x000043b0        0x0 CMakeFiles/rtt_Drivers.dir/driver/board.c.obj

.ARM.exidx      0x000043b0        0x0
 *(.ARM.exidx* .gnu.linkonce.armexidx.*)
                0x000043b0                _sidata = .
                0x000043b0                __exidx_end = .

.data           0x10000000       0xd0 load address 0x000043b0
                0x10000000                . = ALIGN (0x4)
                0x10000000                _sdata = .
 *(.data)
 *(.data.*)
 .data._rt_thread_defunct
                0x10000000        0x8 CMakeFiles/rtt_Kernel.dir/rt-thread/src/defunct.c.obj
 .data._object_container
                0x10000008       0xc8 CMakeFiles/rtt_Kernel.dir/rt-thread/src/object.c.obj
 *(.gnu.linkonce.d*)
                0x100000d0                . = ALIGN (0x4)
                0x100000d0                _edata = .

.igot.plt       0x100000d0        0x0 load address 0x00004480
 .igot.plt      0x100000d0        0x0 CMakeFiles/rtt_Drivers.dir/driver/board.c.obj

.stack          0x100000d0      0x100 load address 0x00004480
                0x100001d0                . = (. + _system_stack_size)
 *fill*         0x100000d0      0x100 
                0x100001d0                . = ALIGN (0x4)
                0x100001d0                _estack = .
                0x100001d0                __bss_start__ = .

.bss            0x100001d0      0x308 load address 0x00004580
                0x100001d0                . = ALIGN (0x4)
                0x100001d0                _sbss = .
 *(.bss)
 *(.bss.*)
 .bss.rt_tick   0x100001d0        0x4 CMakeFiles/rtt_Kernel.dir/rt-thread/src/clock.c.obj
 .bss._cpu      0x100001d4        0x8 CMakeFiles/rtt_Kernel.dir/rt-thread/src/cpu_up.c.obj
 .bss._defunct_spinlock
                0x100001dc        0x4 CMakeFiles/rtt_Kernel.dir/rt-thread/src/defunct.c.obj
 .bss.idle_thread
                0x100001e0       0x94 CMakeFiles/rtt_Kernel.dir/rt-thread/src/idle.c.obj
 *fill*         0x10000274        0x4 
 .bss.idle_thread_stack
                0x10000278      0x100 CMakeFiles/rtt_Kernel.dir/rt-thread/src/idle.c.obj
 .bss.rt_interrupt_nest
                0x10000378        0x4 CMakeFiles/rtt_Kernel.dir/rt-thread/src/irq.c.obj
                0x10000378                rt_interrupt_nest
 .bss._lock     0x1000037c       0x30 CMakeFiles/rtt_Kernel.dir/rt-thread/src/kservice.c.obj
 .bss.system_heap
                0x100003ac        0x4 CMakeFiles/rtt_Kernel.dir/rt-thread/src/kservice.c.obj
 .bss.rt_thread_priority_table
                0x100003b0      0x100 CMakeFiles/rtt_Kernel.dir/rt-thread/src/scheduler_up.c.obj
                0x100003b0                rt_thread_priority_table
 .bss.rt_thread_ready_priority_group
                0x100004b0        0x4 CMakeFiles/rtt_Kernel.dir/rt-thread/src/scheduler_up.c.obj
                0x100004b0                rt_thread_ready_priority_group
 .bss.rt_scheduler_lock_nest
                0x100004b4        0x4 CMakeFiles/rtt_Kernel.dir/rt-thread/src/scheduler_up.c.obj
 .bss.rt_current_priority
                0x100004b8        0x1 CMakeFiles/rtt_Kernel.dir/rt-thread/src/scheduler_up.c.obj
                0x100004b8                rt_current_priority
 .bss.rt_scheduler_critical_switch_flag
                0x100004b9        0x1 CMakeFiles/rtt_Kernel.dir/rt-thread/src/scheduler_up.c.obj
 *fill*         0x100004ba        0x2 
 .bss._timer_list
                0x100004bc        0x8 CMakeFiles/rtt_Kernel.dir/rt-thread/src/timer.c.obj
 .bss._htimer_lock
                0x100004c4        0x4 CMakeFiles/rtt_Kernel.dir/rt-thread/src/timer.c.obj
 .bss.random_nr.0
                0x100004c8        0x4 CMakeFiles/rtt_Kernel.dir/rt-thread/src/timer.c.obj
 .bss.rt_interrupt_from_thread
                0x100004cc        0x4 CMakeFiles/rtt_libcpu.dir/rt-thread/libcpu/arm/cortex-m0/cpuport.c.obj
                0x100004cc                rt_interrupt_from_thread
 .bss.rt_interrupt_to_thread
                0x100004d0        0x4 CMakeFiles/rtt_libcpu.dir/rt-thread/libcpu/arm/cortex-m0/cpuport.c.obj
                0x100004d0                rt_interrupt_to_thread
 .bss.rt_thread_switch_interrupt_flag
                0x100004d4        0x4 CMakeFiles/rtt_libcpu.dir/rt-thread/libcpu/arm/cortex-m0/cpuport.c.obj
                0x100004d4                rt_thread_switch_interrupt_flag
 *(COMMON)
                0x100004d8                . = ALIGN (0x4)
                0x100004d8                _ebss = .
 *(.bss.init)
                0x100004d8                __bss_end__ = .
                0x100004d8                _end = .

.stab
 *(.stab)

.stabstr
 *(.stabstr)

.stab.excl
 *(.stab.excl)

.stab.exclstr
 *(.stab.exclstr)

.stab.index
 *(.stab.index)

.stab.indexstr
 *(.stab.indexstr)

.comment        0x00000000       0x49
 *(.comment)
 .comment       0x00000000       0x49 CMakeFiles/rtt_Drivers.dir/driver/board.c.obj
                                 0x4a (size before relaxing)
 .comment       0x00000049       0x4a CMakeFiles/rtt_Kernel.dir/rt-thread/src/clock.c.obj
 .comment       0x00000049       0x4a CMakeFiles/rtt_Kernel.dir/rt-thread/src/components.c.obj
 .comment       0x00000049       0x4a CMakeFiles/rtt_Kernel.dir/rt-thread/src/cpu_up.c.obj
 .comment       0x00000049       0x4a CMakeFiles/rtt_Kernel.dir/rt-thread/src/defunct.c.obj
 .comment       0x00000049       0x4a CMakeFiles/rtt_Kernel.dir/rt-thread/src/idle.c.obj
 .comment       0x00000049       0x4a CMakeFiles/rtt_Kernel.dir/rt-thread/src/ipc.c.obj
 .comment       0x00000049       0x4a CMakeFiles/rtt_Kernel.dir/rt-thread/src/irq.c.obj
 .comment       0x00000049       0x4a CMakeFiles/rtt_Kernel.dir/rt-thread/src/kservice.c.obj
 .comment       0x00000049       0x4a CMakeFiles/rtt_Kernel.dir/rt-thread/src/mem.c.obj
 .comment       0x00000049       0x4a CMakeFiles/rtt_Kernel.dir/rt-thread/src/object.c.obj
 .comment       0x00000049       0x4a CMakeFiles/rtt_Kernel.dir/rt-thread/src/scheduler_comm.c.obj
 .comment       0x00000049       0x4a CMakeFiles/rtt_Kernel.dir/rt-thread/src/scheduler_up.c.obj
 .comment       0x00000049       0x4a CMakeFiles/rtt_Kernel.dir/rt-thread/src/thread.c.obj
 .comment       0x00000049       0x4a CMakeFiles/rtt_Kernel.dir/rt-thread/src/timer.c.obj
 .comment       0x00000049       0x4a CMakeFiles/rtt_klibc.dir/rt-thread/src/klibc/rt_vsnprintf_tiny.c.obj
 .comment       0x00000049       0x4a CMakeFiles/rtt_klibc.dir/rt-thread/src/klibc/kstring.c.obj
 .comment       0x00000049       0x4a CMakeFiles/rtt_klibc.dir/rt-thread/src/klibc/kstdio.c.obj
 .comment       0x00000049       0x4a CMakeFiles/rtt_libcpu.dir/rt-thread/libcpu/arm/cortex-m0/cpuport.c.obj
 .comment       0x00000049       0x4a CMakeFiles/rtthread.elf.dir/applications/main.c.obj

.ARM.attributes
                0x00000000       0x2a
 .ARM.attributes
                0x00000000       0x2c CMakeFiles/rtt_Drivers.dir/driver/board.c.obj
 .ARM.attributes
                0x0000002c       0x1c CMakeFiles/rtt_Drivers.dir/driver/startup_gcc.s.obj
 .ARM.attributes
                0x00000048       0x2c CMakeFiles/rtt_Kernel.dir/rt-thread/src/clock.c.obj
 .ARM.attributes
                0x00000074       0x2c CMakeFiles/rtt_Kernel.dir/rt-thread/src/components.c.obj
 .ARM.attributes
                0x000000a0       0x2c CMakeFiles/rtt_Kernel.dir/rt-thread/src/cpu_up.c.obj
 .ARM.attributes
                0x000000cc       0x2c CMakeFiles/rtt_Kernel.dir/rt-thread/src/defunct.c.obj
 .ARM.attributes
                0x000000f8       0x2c CMakeFiles/rtt_Kernel.dir/rt-thread/src/idle.c.obj
 .ARM.attributes
                0x00000124       0x2c CMakeFiles/rtt_Kernel.dir/rt-thread/src/ipc.c.obj
 .ARM.attributes
                0x00000150       0x2c CMakeFiles/rtt_Kernel.dir/rt-thread/src/irq.c.obj
 .ARM.attributes
                0x0000017c       0x2c CMakeFiles/rtt_Kernel.dir/rt-thread/src/kservice.c.obj
 .ARM.attributes
                0x000001a8       0x2c CMakeFiles/rtt_Kernel.dir/rt-thread/src/mem.c.obj
 .ARM.attributes
                0x000001d4       0x2c CMakeFiles/rtt_Kernel.dir/rt-thread/src/object.c.obj
 .ARM.attributes
                0x00000200       0x2c CMakeFiles/rtt_Kernel.dir/rt-thread/src/scheduler_comm.c.obj
 .ARM.attributes
                0x0000022c       0x2c CMakeFiles/rtt_Kernel.dir/rt-thread/src/scheduler_up.c.obj
 .ARM.attributes
                0x00000258       0x2c CMakeFiles/rtt_Kernel.dir/rt-thread/src/thread.c.obj
 .ARM.attributes
                0x00000284       0x2c CMakeFiles/rtt_Kernel.dir/rt-thread/src/timer.c.obj
 .ARM.attributes
                0x000002b0       0x2c CMakeFiles/rtt_klibc.dir/rt-thread/src/klibc/rt_vsnprintf_tiny.c.obj
 .ARM.attributes
                0x000002dc       0x2c CMakeFiles/rtt_klibc.dir/rt-thread/src/klibc/kstring.c.obj
 .ARM.attributes
                0x00000308       0x2c CMakeFiles/rtt_klibc.dir/rt-thread/src/klibc/kstdio.c.obj
 .ARM.attributes
                0x00000334       0x21 CMakeFiles/rtt_libcpu.dir/rt-thread/libcpu/arm/cortex-m0/context_gcc.S.obj
 .ARM.attributes
                0x00000355       0x2c CMakeFiles/rtt_libcpu.dir/rt-thread/libcpu/arm/cortex-m0/cpuport.c.obj
 .ARM.attributes
                0x00000381       0x2c CMakeFiles/rtthread.elf.dir/applications/main.c.obj
 .ARM.attributes
                0x000003ad       0x1e e:/env-windows-v2.0.0/env-windows/tools/gnu_gcc/arm_gcc/mingw/bin/../lib/gcc/arm-none-eabi/10.3.1/thumb/v6-m/nofp\libgcc.a(_udivsi3.o)
 .ARM.attributes
                0x000003cb       0x1e e:/env-windows-v2.0.0/env-windows/tools/gnu_gcc/arm_gcc/mingw/bin/../lib/gcc/arm-none-eabi/10.3.1/thumb/v6-m/nofp\libgcc.a(_divsi3.o)
 .ARM.attributes
                0x000003e9       0x1e e:/env-windows-v2.0.0/env-windows/tools/gnu_gcc/arm_gcc/mingw/bin/../lib/gcc/arm-none-eabi/10.3.1/thumb/v6-m/nofp\libgcc.a(_dvmd_tls.o)
 .ARM.attributes
                0x00000407       0x2c e:/env-windows-v2.0.0/env-windows/tools/gnu_gcc/arm_gcc/mingw/bin/../lib/gcc/arm-none-eabi/10.3.1/../../../../arm-none-eabi/lib/thumb/v6-m/nofp\libg.a(lib_a-memset.o)

.debug
 *(.debug)

.line
 *(.line)

.debug_srcinfo
 *(.debug_srcinfo)

.debug_sfnames
 *(.debug_sfnames)

.debug_aranges  0x00000000      0xba8
 *(.debug_aranges)
 .debug_aranges
                0x00000000       0x70 CMakeFiles/rtt_Drivers.dir/driver/board.c.obj
 .debug_aranges
                0x00000070       0x20 CMakeFiles/rtt_Drivers.dir/driver/startup_gcc.s.obj
 .debug_aranges
                0x00000090       0x68 CMakeFiles/rtt_Kernel.dir/rt-thread/src/clock.c.obj
 .debug_aranges
                0x000000f8       0x68 CMakeFiles/rtt_Kernel.dir/rt-thread/src/components.c.obj
 .debug_aranges
                0x00000160       0x50 CMakeFiles/rtt_Kernel.dir/rt-thread/src/cpu_up.c.obj
 .debug_aranges
                0x000001b0       0x50 CMakeFiles/rtt_Kernel.dir/rt-thread/src/defunct.c.obj
 .debug_aranges
                0x00000200       0x30 CMakeFiles/rtt_Kernel.dir/rt-thread/src/idle.c.obj
 .debug_aranges
                0x00000230      0x2c8 CMakeFiles/rtt_Kernel.dir/rt-thread/src/ipc.c.obj
 .debug_aranges
                0x000004f8       0x50 CMakeFiles/rtt_Kernel.dir/rt-thread/src/irq.c.obj
 .debug_aranges
                0x00000548       0xe8 CMakeFiles/rtt_Kernel.dir/rt-thread/src/kservice.c.obj
 .debug_aranges
                0x00000630       0x48 CMakeFiles/rtt_Kernel.dir/rt-thread/src/mem.c.obj
 .debug_aranges
                0x00000678       0xa0 CMakeFiles/rtt_Kernel.dir/rt-thread/src/object.c.obj
 .debug_aranges
                0x00000718       0x90 CMakeFiles/rtt_Kernel.dir/rt-thread/src/scheduler_comm.c.obj
 .debug_aranges
                0x000007a8       0xd0 CMakeFiles/rtt_Kernel.dir/rt-thread/src/scheduler_up.c.obj
 .debug_aranges
                0x00000878       0xf0 CMakeFiles/rtt_Kernel.dir/rt-thread/src/thread.c.obj
 .debug_aranges
                0x00000968       0xc0 CMakeFiles/rtt_Kernel.dir/rt-thread/src/timer.c.obj
 .debug_aranges
                0x00000a28       0x38 CMakeFiles/rtt_klibc.dir/rt-thread/src/klibc/rt_vsnprintf_tiny.c.obj
 .debug_aranges
                0x00000a60       0x80 CMakeFiles/rtt_klibc.dir/rt-thread/src/klibc/kstring.c.obj
 .debug_aranges
                0x00000ae0       0x38 CMakeFiles/rtt_klibc.dir/rt-thread/src/klibc/kstdio.c.obj
 .debug_aranges
                0x00000b18       0x20 CMakeFiles/rtt_libcpu.dir/rt-thread/libcpu/arm/cortex-m0/context_gcc.S.obj
 .debug_aranges
                0x00000b38       0x30 CMakeFiles/rtt_libcpu.dir/rt-thread/libcpu/arm/cortex-m0/cpuport.c.obj
 .debug_aranges
                0x00000b68       0x40 CMakeFiles/rtthread.elf.dir/applications/main.c.obj

.debug_pubnames
 *(.debug_pubnames)

.debug_info     0x00000000     0xa191
 *(.debug_info .gnu.linkonce.wi.*)
 .debug_info    0x00000000      0x277 CMakeFiles/rtt_Drivers.dir/driver/board.c.obj
 .debug_info    0x00000277       0x26 CMakeFiles/rtt_Drivers.dir/driver/startup_gcc.s.obj
 .debug_info    0x0000029d      0x2e0 CMakeFiles/rtt_Kernel.dir/rt-thread/src/clock.c.obj
 .debug_info    0x0000057d      0x608 CMakeFiles/rtt_Kernel.dir/rt-thread/src/components.c.obj
 .debug_info    0x00000b85      0x5d9 CMakeFiles/rtt_Kernel.dir/rt-thread/src/cpu_up.c.obj
 .debug_info    0x0000115e      0x5ed CMakeFiles/rtt_Kernel.dir/rt-thread/src/defunct.c.obj
 .debug_info    0x0000174b      0x513 CMakeFiles/rtt_Kernel.dir/rt-thread/src/idle.c.obj
 .debug_info    0x00001c5e     0x27d5 CMakeFiles/rtt_Kernel.dir/rt-thread/src/ipc.c.obj
 .debug_info    0x00004433      0x25d CMakeFiles/rtt_Kernel.dir/rt-thread/src/irq.c.obj
 .debug_info    0x00004690      0xd8a CMakeFiles/rtt_Kernel.dir/rt-thread/src/kservice.c.obj
 .debug_info    0x0000541a      0x603 CMakeFiles/rtt_Kernel.dir/rt-thread/src/mem.c.obj
 .debug_info    0x00005a1d      0xa02 CMakeFiles/rtt_Kernel.dir/rt-thread/src/object.c.obj
 .debug_info    0x0000641f      0x7a6 CMakeFiles/rtt_Kernel.dir/rt-thread/src/scheduler_comm.c.obj
 .debug_info    0x00006bc5      0xa8b CMakeFiles/rtt_Kernel.dir/rt-thread/src/scheduler_up.c.obj
 .debug_info    0x00007650      0xed6 CMakeFiles/rtt_Kernel.dir/rt-thread/src/thread.c.obj
 .debug_info    0x00008526      0xbf2 CMakeFiles/rtt_Kernel.dir/rt-thread/src/timer.c.obj
 .debug_info    0x00009118      0x42e CMakeFiles/rtt_klibc.dir/rt-thread/src/klibc/rt_vsnprintf_tiny.c.obj
 .debug_info    0x00009546      0x5e2 CMakeFiles/rtt_klibc.dir/rt-thread/src/klibc/kstring.c.obj
 .debug_info    0x00009b28      0x25c CMakeFiles/rtt_klibc.dir/rt-thread/src/klibc/kstdio.c.obj
 .debug_info    0x00009d84       0x26 CMakeFiles/rtt_libcpu.dir/rt-thread/libcpu/arm/cortex-m0/context_gcc.S.obj
 .debug_info    0x00009daa      0x2bb CMakeFiles/rtt_libcpu.dir/rt-thread/libcpu/arm/cortex-m0/cpuport.c.obj
 .debug_info    0x0000a065      0x12c CMakeFiles/rtthread.elf.dir/applications/main.c.obj

.debug_abbrev   0x00000000     0x23ac
 *(.debug_abbrev)
 .debug_abbrev  0x00000000       0xfd CMakeFiles/rtt_Drivers.dir/driver/board.c.obj
 .debug_abbrev  0x000000fd       0x14 CMakeFiles/rtt_Drivers.dir/driver/startup_gcc.s.obj
 .debug_abbrev  0x00000111      0x13e CMakeFiles/rtt_Kernel.dir/rt-thread/src/clock.c.obj
 .debug_abbrev  0x0000024f      0x1c6 CMakeFiles/rtt_Kernel.dir/rt-thread/src/components.c.obj
 .debug_abbrev  0x00000415      0x198 CMakeFiles/rtt_Kernel.dir/rt-thread/src/cpu_up.c.obj
 .debug_abbrev  0x000005ad      0x1dc CMakeFiles/rtt_Kernel.dir/rt-thread/src/defunct.c.obj
 .debug_abbrev  0x00000789      0x181 CMakeFiles/rtt_Kernel.dir/rt-thread/src/idle.c.obj
 .debug_abbrev  0x0000090a      0x2f3 CMakeFiles/rtt_Kernel.dir/rt-thread/src/ipc.c.obj
 .debug_abbrev  0x00000bfd      0x11b CMakeFiles/rtt_Kernel.dir/rt-thread/src/irq.c.obj
 .debug_abbrev  0x00000d18      0x2f5 CMakeFiles/rtt_Kernel.dir/rt-thread/src/kservice.c.obj
 .debug_abbrev  0x0000100d      0x1de CMakeFiles/rtt_Kernel.dir/rt-thread/src/mem.c.obj
 .debug_abbrev  0x000011eb      0x240 CMakeFiles/rtt_Kernel.dir/rt-thread/src/object.c.obj
 .debug_abbrev  0x0000142b      0x1e9 CMakeFiles/rtt_Kernel.dir/rt-thread/src/scheduler_comm.c.obj
 .debug_abbrev  0x00001614      0x2e8 CMakeFiles/rtt_Kernel.dir/rt-thread/src/scheduler_up.c.obj
 .debug_abbrev  0x000018fc      0x283 CMakeFiles/rtt_Kernel.dir/rt-thread/src/thread.c.obj
 .debug_abbrev  0x00001b7f      0x2cd CMakeFiles/rtt_Kernel.dir/rt-thread/src/timer.c.obj
 .debug_abbrev  0x00001e4c      0x15e CMakeFiles/rtt_klibc.dir/rt-thread/src/klibc/rt_vsnprintf_tiny.c.obj
 .debug_abbrev  0x00001faa      0x142 CMakeFiles/rtt_klibc.dir/rt-thread/src/klibc/kstring.c.obj
 .debug_abbrev  0x000020ec       0xf1 CMakeFiles/rtt_klibc.dir/rt-thread/src/klibc/kstdio.c.obj
 .debug_abbrev  0x000021dd       0x14 CMakeFiles/rtt_libcpu.dir/rt-thread/libcpu/arm/cortex-m0/context_gcc.S.obj
 .debug_abbrev  0x000021f1      0x118 CMakeFiles/rtt_libcpu.dir/rt-thread/libcpu/arm/cortex-m0/cpuport.c.obj
 .debug_abbrev  0x00002309       0xa3 CMakeFiles/rtthread.elf.dir/applications/main.c.obj

.debug_line     0x00000000     0x552f
 *(.debug_line)
 .debug_line    0x00000000      0x25e CMakeFiles/rtt_Drivers.dir/driver/board.c.obj
 .debug_line    0x0000025e       0x87 CMakeFiles/rtt_Drivers.dir/driver/startup_gcc.s.obj
 .debug_line    0x000002e5      0x1fa CMakeFiles/rtt_Kernel.dir/rt-thread/src/clock.c.obj
 .debug_line    0x000004df      0x1f3 CMakeFiles/rtt_Kernel.dir/rt-thread/src/components.c.obj
 .debug_line    0x000006d2      0x16f CMakeFiles/rtt_Kernel.dir/rt-thread/src/cpu_up.c.obj
 .debug_line    0x00000841      0x1e6 CMakeFiles/rtt_Kernel.dir/rt-thread/src/defunct.c.obj
 .debug_line    0x00000a27      0x151 CMakeFiles/rtt_Kernel.dir/rt-thread/src/idle.c.obj
 .debug_line    0x00000b78     0x1670 CMakeFiles/rtt_Kernel.dir/rt-thread/src/ipc.c.obj
 .debug_line    0x000021e8      0x182 CMakeFiles/rtt_Kernel.dir/rt-thread/src/irq.c.obj
 .debug_line    0x0000236a      0x4ea CMakeFiles/rtt_Kernel.dir/rt-thread/src/kservice.c.obj
 .debug_line    0x00002854      0x459 CMakeFiles/rtt_Kernel.dir/rt-thread/src/mem.c.obj
 .debug_line    0x00002cad      0x487 CMakeFiles/rtt_Kernel.dir/rt-thread/src/object.c.obj
 .debug_line    0x00003134      0x2fe CMakeFiles/rtt_Kernel.dir/rt-thread/src/scheduler_comm.c.obj
 .debug_line    0x00003432      0x51c CMakeFiles/rtt_Kernel.dir/rt-thread/src/scheduler_up.c.obj
 .debug_line    0x0000394e      0x5db CMakeFiles/rtt_Kernel.dir/rt-thread/src/thread.c.obj
 .debug_line    0x00003f29      0x5b6 CMakeFiles/rtt_Kernel.dir/rt-thread/src/timer.c.obj
 .debug_line    0x000044df      0x678 CMakeFiles/rtt_klibc.dir/rt-thread/src/klibc/rt_vsnprintf_tiny.c.obj
 .debug_line    0x00004b57      0x4d5 CMakeFiles/rtt_klibc.dir/rt-thread/src/klibc/kstring.c.obj
 .debug_line    0x0000502c      0x197 CMakeFiles/rtt_klibc.dir/rt-thread/src/klibc/kstdio.c.obj
 .debug_line    0x000051c3       0xef CMakeFiles/rtt_libcpu.dir/rt-thread/libcpu/arm/cortex-m0/context_gcc.S.obj
 .debug_line    0x000052b2      0x145 CMakeFiles/rtt_libcpu.dir/rt-thread/libcpu/arm/cortex-m0/cpuport.c.obj
 .debug_line    0x000053f7      0x138 CMakeFiles/rtthread.elf.dir/applications/main.c.obj

.debug_frame    0x00000000     0x276c
 *(.debug_frame)
 .debug_frame   0x00000000      0x160 CMakeFiles/rtt_Drivers.dir/driver/board.c.obj
 .debug_frame   0x00000160      0x144 CMakeFiles/rtt_Kernel.dir/rt-thread/src/clock.c.obj
 .debug_frame   0x000002a4      0x138 CMakeFiles/rtt_Kernel.dir/rt-thread/src/components.c.obj
 .debug_frame   0x000003dc       0xec CMakeFiles/rtt_Kernel.dir/rt-thread/src/cpu_up.c.obj
 .debug_frame   0x000004c8       0xec CMakeFiles/rtt_Kernel.dir/rt-thread/src/defunct.c.obj
 .debug_frame   0x000005b4       0x70 CMakeFiles/rtt_Kernel.dir/rt-thread/src/idle.c.obj
 .debug_frame   0x00000624      0xae8 CMakeFiles/rtt_Kernel.dir/rt-thread/src/ipc.c.obj
 .debug_frame   0x0000110c       0xe4 CMakeFiles/rtt_Kernel.dir/rt-thread/src/irq.c.obj
 .debug_frame   0x000011f0      0x338 CMakeFiles/rtt_Kernel.dir/rt-thread/src/kservice.c.obj
 .debug_frame   0x00001528       0xd0 CMakeFiles/rtt_Kernel.dir/rt-thread/src/mem.c.obj
 .debug_frame   0x000015f8      0x230 CMakeFiles/rtt_Kernel.dir/rt-thread/src/object.c.obj
 .debug_frame   0x00001828      0x1f0 CMakeFiles/rtt_Kernel.dir/rt-thread/src/scheduler_comm.c.obj
 .debug_frame   0x00001a18      0x2ec CMakeFiles/rtt_Kernel.dir/rt-thread/src/scheduler_up.c.obj
 .debug_frame   0x00001d04      0x370 CMakeFiles/rtt_Kernel.dir/rt-thread/src/thread.c.obj
 .debug_frame   0x00002074      0x2a8 CMakeFiles/rtt_Kernel.dir/rt-thread/src/timer.c.obj
 .debug_frame   0x0000231c       0x94 CMakeFiles/rtt_klibc.dir/rt-thread/src/klibc/rt_vsnprintf_tiny.c.obj
 .debug_frame   0x000023b0      0x1b0 CMakeFiles/rtt_klibc.dir/rt-thread/src/klibc/kstring.c.obj
 .debug_frame   0x00002560       0x90 CMakeFiles/rtt_klibc.dir/rt-thread/src/klibc/kstdio.c.obj
 .debug_frame   0x000025f0       0x6c CMakeFiles/rtt_libcpu.dir/rt-thread/libcpu/arm/cortex-m0/cpuport.c.obj
 .debug_frame   0x0000265c       0xa0 CMakeFiles/rtthread.elf.dir/applications/main.c.obj
 .debug_frame   0x000026fc       0x20 e:/env-windows-v2.0.0/env-windows/tools/gnu_gcc/arm_gcc/mingw/bin/../lib/gcc/arm-none-eabi/10.3.1/thumb/v6-m/nofp\libgcc.a(_udivsi3.o)
 .debug_frame   0x0000271c       0x20 e:/env-windows-v2.0.0/env-windows/tools/gnu_gcc/arm_gcc/mingw/bin/../lib/gcc/arm-none-eabi/10.3.1/thumb/v6-m/nofp\libgcc.a(_divsi3.o)
 .debug_frame   0x0000273c       0x30 e:/env-windows-v2.0.0/env-windows/tools/gnu_gcc/arm_gcc/mingw/bin/../lib/gcc/arm-none-eabi/10.3.1/../../../../arm-none-eabi/lib/thumb/v6-m/nofp\libg.a(lib_a-memset.o)

.debug_str      0x00000000     0x2754
 *(.debug_str)
 .debug_str     0x00000000      0x252 CMakeFiles/rtt_Drivers.dir/driver/board.c.obj
                                0x294 (size before relaxing)
 .debug_str     0x00000252       0x47 CMakeFiles/rtt_Drivers.dir/driver/startup_gcc.s.obj
                                 0x7d (size before relaxing)
 .debug_str     0x00000299      0x12f CMakeFiles/rtt_Kernel.dir/rt-thread/src/clock.c.obj
                                0x2b4 (size before relaxing)
 .debug_str     0x000003c8      0x2ba CMakeFiles/rtt_Kernel.dir/rt-thread/src/components.c.obj
                                0x503 (size before relaxing)
 .debug_str     0x00000682       0xd3 CMakeFiles/rtt_Kernel.dir/rt-thread/src/cpu_up.c.obj
                                0x4aa (size before relaxing)
 .debug_str     0x00000755       0xfd CMakeFiles/rtt_Kernel.dir/rt-thread/src/defunct.c.obj
                                0x4e4 (size before relaxing)
 .debug_str     0x00000852       0x9c CMakeFiles/rtt_Kernel.dir/rt-thread/src/idle.c.obj
                                0x46b (size before relaxing)
 .debug_str     0x000008ee      0xa38 CMakeFiles/rtt_Kernel.dir/rt-thread/src/ipc.c.obj
                                0xf04 (size before relaxing)
 .debug_str     0x00001326       0xb5 CMakeFiles/rtt_Kernel.dir/rt-thread/src/irq.c.obj
                                0x280 (size before relaxing)
 .debug_str     0x000013db      0x2dc CMakeFiles/rtt_Kernel.dir/rt-thread/src/kservice.c.obj
                                0x930 (size before relaxing)
 .debug_str     0x000016b7      0x108 CMakeFiles/rtt_Kernel.dir/rt-thread/src/mem.c.obj
                                0x554 (size before relaxing)
 .debug_str     0x000017bf      0x339 CMakeFiles/rtt_Kernel.dir/rt-thread/src/object.c.obj
                                0x7bd (size before relaxing)
 .debug_str     0x00001af8      0x1c8 CMakeFiles/rtt_Kernel.dir/rt-thread/src/scheduler_comm.c.obj
                                0x5c8 (size before relaxing)
 .debug_str     0x00001cc0      0x28e CMakeFiles/rtt_Kernel.dir/rt-thread/src/scheduler_up.c.obj
                                0x78b (size before relaxing)
 .debug_str     0x00001f4e      0x227 CMakeFiles/rtt_Kernel.dir/rt-thread/src/thread.c.obj
                                0x907 (size before relaxing)
 .debug_str     0x00002175      0x1c2 CMakeFiles/rtt_Kernel.dir/rt-thread/src/timer.c.obj
                                0x816 (size before relaxing)
 .debug_str     0x00002337       0xf2 CMakeFiles/rtt_klibc.dir/rt-thread/src/klibc/rt_vsnprintf_tiny.c.obj
                                0x2db (size before relaxing)
 .debug_str     0x00002429      0x106 CMakeFiles/rtt_klibc.dir/rt-thread/src/klibc/kstring.c.obj
                                0x2a9 (size before relaxing)
 .debug_str     0x0000252f       0x7d CMakeFiles/rtt_klibc.dir/rt-thread/src/klibc/kstdio.c.obj
                                0x23c (size before relaxing)
 .debug_str     0x000025ac       0x51 CMakeFiles/rtt_libcpu.dir/rt-thread/libcpu/arm/cortex-m0/context_gcc.S.obj
                                 0x95 (size before relaxing)
 .debug_str     0x000025fd       0xf3 CMakeFiles/rtt_libcpu.dir/rt-thread/libcpu/arm/cortex-m0/cpuport.c.obj
                                0x29e (size before relaxing)
 .debug_str     0x000026f0       0x64 CMakeFiles/rtthread.elf.dir/applications/main.c.obj
                                0x1d8 (size before relaxing)

.debug_loc      0x00000000     0x4154
 *(.debug_loc)
 .debug_loc     0x00000000      0x238 CMakeFiles/rtt_Drivers.dir/driver/board.c.obj
 .debug_loc     0x00000238      0x20c CMakeFiles/rtt_Kernel.dir/rt-thread/src/clock.c.obj
 .debug_loc     0x00000444      0x1e8 CMakeFiles/rtt_Kernel.dir/rt-thread/src/components.c.obj
 .debug_loc     0x0000062c      0x17c CMakeFiles/rtt_Kernel.dir/rt-thread/src/cpu_up.c.obj
 .debug_loc     0x000007a8      0x17c CMakeFiles/rtt_Kernel.dir/rt-thread/src/defunct.c.obj
 .debug_loc     0x00000924       0xa8 CMakeFiles/rtt_Kernel.dir/rt-thread/src/idle.c.obj
 .debug_loc     0x000009cc     0x12d0 CMakeFiles/rtt_Kernel.dir/rt-thread/src/ipc.c.obj
 .debug_loc     0x00001c9c      0x164 CMakeFiles/rtt_Kernel.dir/rt-thread/src/irq.c.obj
 .debug_loc     0x00001e00      0x568 CMakeFiles/rtt_Kernel.dir/rt-thread/src/kservice.c.obj
 .debug_loc     0x00002368      0x150 CMakeFiles/rtt_Kernel.dir/rt-thread/src/mem.c.obj
 .debug_loc     0x000024b8      0x3b8 CMakeFiles/rtt_Kernel.dir/rt-thread/src/object.c.obj
 .debug_loc     0x00002870      0x348 CMakeFiles/rtt_Kernel.dir/rt-thread/src/scheduler_comm.c.obj
 .debug_loc     0x00002bb8      0x4fc CMakeFiles/rtt_Kernel.dir/rt-thread/src/scheduler_up.c.obj
 .debug_loc     0x000030b4      0x5dc CMakeFiles/rtt_Kernel.dir/rt-thread/src/thread.c.obj
 .debug_loc     0x00003690      0x480 CMakeFiles/rtt_Kernel.dir/rt-thread/src/timer.c.obj
 .debug_loc     0x00003b10       0xe4 CMakeFiles/rtt_klibc.dir/rt-thread/src/klibc/rt_vsnprintf_tiny.c.obj
 .debug_loc     0x00003bf4      0x2d8 CMakeFiles/rtt_klibc.dir/rt-thread/src/klibc/kstring.c.obj
 .debug_loc     0x00003ecc      0x104 CMakeFiles/rtt_klibc.dir/rt-thread/src/klibc/kstdio.c.obj
 .debug_loc     0x00003fd0       0x9c CMakeFiles/rtt_libcpu.dir/rt-thread/libcpu/arm/cortex-m0/cpuport.c.obj
 .debug_loc     0x0000406c       0xe8 CMakeFiles/rtthread.elf.dir/applications/main.c.obj

.debug_macinfo
 *(.debug_macinfo)

.debug_weaknames
 *(.debug_weaknames)

.debug_funcnames
 *(.debug_funcnames)

.debug_typenames
 *(.debug_typenames)

.debug_varnames
 *(.debug_varnames)
OUTPUT(rtthread.elf elf32-littlearm)
LOAD linker stubs

.debug_ranges   0x00000000      0xa88
 .debug_ranges  0x00000000       0x60 CMakeFiles/rtt_Drivers.dir/driver/board.c.obj
 .debug_ranges  0x00000060       0x58 CMakeFiles/rtt_Kernel.dir/rt-thread/src/clock.c.obj
 .debug_ranges  0x000000b8       0x58 CMakeFiles/rtt_Kernel.dir/rt-thread/src/components.c.obj
 .debug_ranges  0x00000110       0x40 CMakeFiles/rtt_Kernel.dir/rt-thread/src/cpu_up.c.obj
 .debug_ranges  0x00000150       0x58 CMakeFiles/rtt_Kernel.dir/rt-thread/src/defunct.c.obj
 .debug_ranges  0x000001a8       0x20 CMakeFiles/rtt_Kernel.dir/rt-thread/src/idle.c.obj
 .debug_ranges  0x000001c8      0x2b8 CMakeFiles/rtt_Kernel.dir/rt-thread/src/ipc.c.obj
 .debug_ranges  0x00000480       0x40 CMakeFiles/rtt_Kernel.dir/rt-thread/src/irq.c.obj
 .debug_ranges  0x000004c0       0xd8 CMakeFiles/rtt_Kernel.dir/rt-thread/src/kservice.c.obj
 .debug_ranges  0x00000598       0x38 CMakeFiles/rtt_Kernel.dir/rt-thread/src/mem.c.obj
 .debug_ranges  0x000005d0       0x90 CMakeFiles/rtt_Kernel.dir/rt-thread/src/object.c.obj
 .debug_ranges  0x00000660       0x80 CMakeFiles/rtt_Kernel.dir/rt-thread/src/scheduler_comm.c.obj
 .debug_ranges  0x000006e0       0xf0 CMakeFiles/rtt_Kernel.dir/rt-thread/src/scheduler_up.c.obj
 .debug_ranges  0x000007d0       0xe0 CMakeFiles/rtt_Kernel.dir/rt-thread/src/thread.c.obj
 .debug_ranges  0x000008b0       0xc8 CMakeFiles/rtt_Kernel.dir/rt-thread/src/timer.c.obj
 .debug_ranges  0x00000978       0x28 CMakeFiles/rtt_klibc.dir/rt-thread/src/klibc/rt_vsnprintf_tiny.c.obj
 .debug_ranges  0x000009a0       0x70 CMakeFiles/rtt_klibc.dir/rt-thread/src/klibc/kstring.c.obj
 .debug_ranges  0x00000a10       0x28 CMakeFiles/rtt_klibc.dir/rt-thread/src/klibc/kstdio.c.obj
 .debug_ranges  0x00000a38       0x20 CMakeFiles/rtt_libcpu.dir/rt-thread/libcpu/arm/cortex-m0/cpuport.c.obj
 .debug_ranges  0x00000a58       0x30 CMakeFiles/rtthread.elf.dir/applications/main.c.obj

Cross Reference Table

Symbol                                            File
HardFault_Handler                                 CMakeFiles/rtt_libcpu.dir/rt-thread/libcpu/arm/cortex-m0/context_gcc.S.obj
                                                  CMakeFiles/rtt_Drivers.dir/driver/startup_gcc.s.obj
NVIC_ClearPendingIRQ                              CMakeFiles/rtt_Drivers.dir/driver/board.c.obj
NVIC_DisableIRQ                                   CMakeFiles/rtt_Drivers.dir/driver/board.c.obj
NVIC_EnableIRQ                                    CMakeFiles/rtt_Drivers.dir/driver/board.c.obj
NVIC_GetPendingIRQ                                CMakeFiles/rtt_Drivers.dir/driver/board.c.obj
NVIC_SetPendingIRQ                                CMakeFiles/rtt_Drivers.dir/driver/board.c.obj
NVIC_SetPriority                                  CMakeFiles/rtt_Drivers.dir/driver/board.c.obj
PendSV_Handler                                    CMakeFiles/rtt_libcpu.dir/rt-thread/libcpu/arm/cortex-m0/context_gcc.S.obj
                                                  CMakeFiles/rtt_Drivers.dir/driver/startup_gcc.s.obj
Reset_Handler                                     CMakeFiles/rtt_Drivers.dir/driver/startup_gcc.s.obj
SysTick_Handler                                   CMakeFiles/rtt_Drivers.dir/driver/board.c.obj
                                                  CMakeFiles/rtt_Drivers.dir/driver/startup_gcc.s.obj
SysTick_init                                      CMakeFiles/rtt_Drivers.dir/driver/board.c.obj
UART_IRQHandler                                   CMakeFiles/rtt_Drivers.dir/driver/board.c.obj
                                                  CMakeFiles/rtt_Drivers.dir/driver/startup_gcc.s.obj
_Balloc                                           e:/env-windows-v2.0.0/env-windows/tools/gnu_gcc/arm_gcc/mingw/bin/../lib/gcc/arm-none-eabi/10.3.1/../../../../arm-none-eabi/lib/thumb/v6-m/nofp\libg.a(lib_a-mprec.o)
                                                  e:/env-windows-v2.0.0/env-windows/tools/gnu_gcc/arm_gcc/mingw/bin/../lib/gcc/arm-none-eabi/10.3.1/../../../../arm-none-eabi/lib/thumb/v6-m/nofp\libg.a(lib_a-gdtoa-gethex.o)
                                                  e:/env-windows-v2.0.0/env-windows/tools/gnu_gcc/arm_gcc/mingw/bin/../lib/gcc/arm-none-eabi/10.3.1/../../../../arm-none-eabi/lib/thumb/v6-m/nofp\libg.a(lib_a-strtod.o)
_Bfree                                            e:/env-windows-v2.0.0/env-windows/tools/gnu_gcc/arm_gcc/mingw/bin/../lib/gcc/arm-none-eabi/10.3.1/../../../../arm-none-eabi/lib/thumb/v6-m/nofp\libg.a(lib_a-mprec.o)
                                                  e:/env-windows-v2.0.0/env-windows/tools/gnu_gcc/arm_gcc/mingw/bin/../lib/gcc/arm-none-eabi/10.3.1/../../../../arm-none-eabi/lib/thumb/v6-m/nofp\libg.a(lib_a-gdtoa-gethex.o)
                                                  e:/env-windows-v2.0.0/env-windows/tools/gnu_gcc/arm_gcc/mingw/bin/../lib/gcc/arm-none-eabi/10.3.1/../../../../arm-none-eabi/lib/thumb/v6-m/nofp\libg.a(lib_a-strtod.o)
_C_numeric_locale                                 e:/env-windows-v2.0.0/env-windows/tools/gnu_gcc/arm_gcc/mingw/bin/../lib/gcc/arm-none-eabi/10.3.1/../../../../arm-none-eabi/lib/thumb/v6-m/nofp\libg.a(lib_a-lnumeric.o)
                                                  e:/env-windows-v2.0.0/env-windows/tools/gnu_gcc/arm_gcc/mingw/bin/../lib/gcc/arm-none-eabi/10.3.1/../../../../arm-none-eabi/lib/thumb/v6-m/nofp\libg.a(lib_a-gdtoa-gethex.o)
                                                  e:/env-windows-v2.0.0/env-windows/tools/gnu_gcc/arm_gcc/mingw/bin/../lib/gcc/arm-none-eabi/10.3.1/../../../../arm-none-eabi/lib/thumb/v6-m/nofp\libg.a(lib_a-strtod.o)
_Min_Stack_Size                                   CMakeFiles/rtthread.elf.dir/applications/sysmem.c.obj
_PathLocale                                       e:/env-windows-v2.0.0/env-windows/tools/gnu_gcc/arm_gcc/mingw/bin/../lib/gcc/arm-none-eabi/10.3.1/../../../../arm-none-eabi/lib/thumb/v6-m/nofp\libg.a(lib_a-locale.o)
__aeabi_cdcmpeq                                   e:/env-windows-v2.0.0/env-windows/tools/gnu_gcc/arm_gcc/mingw/bin/../lib/gcc/arm-none-eabi/10.3.1/thumb/v6-m/nofp\libgcc.a(_arm_cmpdf2.o)
__aeabi_cdcmple                                   e:/env-windows-v2.0.0/env-windows/tools/gnu_gcc/arm_gcc/mingw/bin/../lib/gcc/arm-none-eabi/10.3.1/thumb/v6-m/nofp\libgcc.a(_arm_cmpdf2.o)
__aeabi_cdrcmple                                  e:/env-windows-v2.0.0/env-windows/tools/gnu_gcc/arm_gcc/mingw/bin/../lib/gcc/arm-none-eabi/10.3.1/thumb/v6-m/nofp\libgcc.a(_arm_cmpdf2.o)
__aeabi_cfcmpeq                                   e:/env-windows-v2.0.0/env-windows/tools/gnu_gcc/arm_gcc/mingw/bin/../lib/gcc/arm-none-eabi/10.3.1/thumb/v6-m/nofp\libgcc.a(_arm_cmpsf2.o)
__aeabi_cfcmple                                   e:/env-windows-v2.0.0/env-windows/tools/gnu_gcc/arm_gcc/mingw/bin/../lib/gcc/arm-none-eabi/10.3.1/thumb/v6-m/nofp\libgcc.a(_arm_cmpsf2.o)
__aeabi_cfrcmple                                  e:/env-windows-v2.0.0/env-windows/tools/gnu_gcc/arm_gcc/mingw/bin/../lib/gcc/arm-none-eabi/10.3.1/thumb/v6-m/nofp\libgcc.a(_arm_cmpsf2.o)
__aeabi_d2f                                       e:/env-windows-v2.0.0/env-windows/tools/gnu_gcc/arm_gcc/mingw/bin/../lib/gcc/arm-none-eabi/10.3.1/thumb/v6-m/nofp\libgcc.a(truncdfsf2.o)
                                                  e:/env-windows-v2.0.0/env-windows/tools/gnu_gcc/arm_gcc/mingw/bin/../lib/gcc/arm-none-eabi/10.3.1/../../../../arm-none-eabi/lib/thumb/v6-m/nofp\libg.a(lib_a-strtod.o)
__aeabi_d2iz                                      e:/env-windows-v2.0.0/env-windows/tools/gnu_gcc/arm_gcc/mingw/bin/../lib/gcc/arm-none-eabi/10.3.1/thumb/v6-m/nofp\libgcc.a(fixdfsi.o)
                                                  e:/env-windows-v2.0.0/env-windows/tools/gnu_gcc/arm_gcc/mingw/bin/../lib/gcc/arm-none-eabi/10.3.1/thumb/v6-m/nofp\libgcc.a(_fixunsdfsi.o)
__aeabi_d2lz                                      e:/env-windows-v2.0.0/env-windows/tools/gnu_gcc/arm_gcc/mingw/bin/../lib/gcc/arm-none-eabi/10.3.1/thumb/v6-m/nofp\libgcc.a(_fixdfdi.o)
                                                  e:/env-windows-v2.0.0/env-windows/tools/gnu_gcc/arm_gcc/mingw/bin/../lib/gcc/arm-none-eabi/10.3.1/../../../../arm-none-eabi/lib/thumb/v6-m/nofp\libg.a(lib_a-strtod.o)
__aeabi_d2uiz                                     e:/env-windows-v2.0.0/env-windows/tools/gnu_gcc/arm_gcc/mingw/bin/../lib/gcc/arm-none-eabi/10.3.1/thumb/v6-m/nofp\libgcc.a(_fixunsdfsi.o)
                                                  e:/env-windows-v2.0.0/env-windows/tools/gnu_gcc/arm_gcc/mingw/bin/../lib/gcc/arm-none-eabi/10.3.1/thumb/v6-m/nofp\libgcc.a(_fixunsdfdi.o)
                                                  e:/env-windows-v2.0.0/env-windows/tools/gnu_gcc/arm_gcc/mingw/bin/../lib/gcc/arm-none-eabi/10.3.1/../../../../arm-none-eabi/lib/thumb/v6-m/nofp\libg.a(lib_a-strtod.o)
__aeabi_d2ulz                                     e:/env-windows-v2.0.0/env-windows/tools/gnu_gcc/arm_gcc/mingw/bin/../lib/gcc/arm-none-eabi/10.3.1/thumb/v6-m/nofp\libgcc.a(_fixunsdfdi.o)
                                                  e:/env-windows-v2.0.0/env-windows/tools/gnu_gcc/arm_gcc/mingw/bin/../lib/gcc/arm-none-eabi/10.3.1/thumb/v6-m/nofp\libgcc.a(_fixdfdi.o)
__aeabi_dadd                                      e:/env-windows-v2.0.0/env-windows/tools/gnu_gcc/arm_gcc/mingw/bin/../lib/gcc/arm-none-eabi/10.3.1/thumb/v6-m/nofp\libgcc.a(adddf3.o)
                                                  e:/env-windows-v2.0.0/env-windows/tools/gnu_gcc/arm_gcc/mingw/bin/../lib/gcc/arm-none-eabi/10.3.1/thumb/v6-m/nofp\libgcc.a(_floatdidf.o)
                                                  e:/env-windows-v2.0.0/env-windows/tools/gnu_gcc/arm_gcc/mingw/bin/../lib/gcc/arm-none-eabi/10.3.1/../../../../arm-none-eabi/lib/thumb/v6-m/nofp\libg.a(lib_a-strtod.o)
__aeabi_dcmpeq                                    e:/env-windows-v2.0.0/env-windows/tools/gnu_gcc/arm_gcc/mingw/bin/../lib/gcc/arm-none-eabi/10.3.1/thumb/v6-m/nofp\libgcc.a(_arm_cmpdf2.o)
                                                  e:/env-windows-v2.0.0/env-windows/tools/gnu_gcc/arm_gcc/mingw/bin/../lib/gcc/arm-none-eabi/10.3.1/../../../../arm-none-eabi/lib/thumb/v6-m/nofp\libg.a(lib_a-strtod.o)
                                                  CMakeFiles/rtt_klibc.dir/rt-thread/src/klibc/rt_vsscanf.c.obj
__aeabi_dcmpge                                    e:/env-windows-v2.0.0/env-windows/tools/gnu_gcc/arm_gcc/mingw/bin/../lib/gcc/arm-none-eabi/10.3.1/thumb/v6-m/nofp\libgcc.a(_arm_cmpdf2.o)
                                                  e:/env-windows-v2.0.0/env-windows/tools/gnu_gcc/arm_gcc/mingw/bin/../lib/gcc/arm-none-eabi/10.3.1/thumb/v6-m/nofp\libgcc.a(_fixunsdfsi.o)
__aeabi_dcmpgt                                    e:/env-windows-v2.0.0/env-windows/tools/gnu_gcc/arm_gcc/mingw/bin/../lib/gcc/arm-none-eabi/10.3.1/thumb/v6-m/nofp\libgcc.a(_arm_cmpdf2.o)
                                                  e:/env-windows-v2.0.0/env-windows/tools/gnu_gcc/arm_gcc/mingw/bin/../lib/gcc/arm-none-eabi/10.3.1/../../../../arm-none-eabi/lib/thumb/v6-m/nofp\libg.a(lib_a-strtod.o)
__aeabi_dcmple                                    e:/env-windows-v2.0.0/env-windows/tools/gnu_gcc/arm_gcc/mingw/bin/../lib/gcc/arm-none-eabi/10.3.1/thumb/v6-m/nofp\libgcc.a(_arm_cmpdf2.o)
                                                  e:/env-windows-v2.0.0/env-windows/tools/gnu_gcc/arm_gcc/mingw/bin/../lib/gcc/arm-none-eabi/10.3.1/../../../../arm-none-eabi/lib/thumb/v6-m/nofp\libg.a(lib_a-strtod.o)
__aeabi_dcmplt                                    e:/env-windows-v2.0.0/env-windows/tools/gnu_gcc/arm_gcc/mingw/bin/../lib/gcc/arm-none-eabi/10.3.1/thumb/v6-m/nofp\libgcc.a(_arm_cmpdf2.o)
                                                  e:/env-windows-v2.0.0/env-windows/tools/gnu_gcc/arm_gcc/mingw/bin/../lib/gcc/arm-none-eabi/10.3.1/thumb/v6-m/nofp\libgcc.a(_fixdfdi.o)
                                                  e:/env-windows-v2.0.0/env-windows/tools/gnu_gcc/arm_gcc/mingw/bin/../lib/gcc/arm-none-eabi/10.3.1/../../../../arm-none-eabi/lib/thumb/v6-m/nofp\libg.a(lib_a-strtod.o)
__aeabi_dcmpun                                    e:/env-windows-v2.0.0/env-windows/tools/gnu_gcc/arm_gcc/mingw/bin/../lib/gcc/arm-none-eabi/10.3.1/thumb/v6-m/nofp\libgcc.a(unorddf2.o)
                                                  e:/env-windows-v2.0.0/env-windows/tools/gnu_gcc/arm_gcc/mingw/bin/../lib/gcc/arm-none-eabi/10.3.1/../../../../arm-none-eabi/lib/thumb/v6-m/nofp\libg.a(lib_a-strtod.o)
__aeabi_ddiv                                      e:/env-windows-v2.0.0/env-windows/tools/gnu_gcc/arm_gcc/mingw/bin/../lib/gcc/arm-none-eabi/10.3.1/thumb/v6-m/nofp\libgcc.a(divdf3.o)
                                                  e:/env-windows-v2.0.0/env-windows/tools/gnu_gcc/arm_gcc/mingw/bin/../lib/gcc/arm-none-eabi/10.3.1/../../../../arm-none-eabi/lib/thumb/v6-m/nofp\libg.a(lib_a-mprec.o)
                                                  e:/env-windows-v2.0.0/env-windows/tools/gnu_gcc/arm_gcc/mingw/bin/../lib/gcc/arm-none-eabi/10.3.1/../../../../arm-none-eabi/lib/thumb/v6-m/nofp\libg.a(lib_a-strtod.o)
__aeabi_dmul                                      e:/env-windows-v2.0.0/env-windows/tools/gnu_gcc/arm_gcc/mingw/bin/../lib/gcc/arm-none-eabi/10.3.1/thumb/v6-m/nofp\libgcc.a(muldf3.o)
                                                  e:/env-windows-v2.0.0/env-windows/tools/gnu_gcc/arm_gcc/mingw/bin/../lib/gcc/arm-none-eabi/10.3.1/thumb/v6-m/nofp\libgcc.a(_floatdidf.o)
                                                  e:/env-windows-v2.0.0/env-windows/tools/gnu_gcc/arm_gcc/mingw/bin/../lib/gcc/arm-none-eabi/10.3.1/thumb/v6-m/nofp\libgcc.a(_fixunsdfdi.o)
                                                  e:/env-windows-v2.0.0/env-windows/tools/gnu_gcc/arm_gcc/mingw/bin/../lib/gcc/arm-none-eabi/10.3.1/../../../../arm-none-eabi/lib/thumb/v6-m/nofp\libg.a(lib_a-mprec.o)
                                                  e:/env-windows-v2.0.0/env-windows/tools/gnu_gcc/arm_gcc/mingw/bin/../lib/gcc/arm-none-eabi/10.3.1/../../../../arm-none-eabi/lib/thumb/v6-m/nofp\libg.a(lib_a-strtod.o)
__aeabi_dsub                                      e:/env-windows-v2.0.0/env-windows/tools/gnu_gcc/arm_gcc/mingw/bin/../lib/gcc/arm-none-eabi/10.3.1/thumb/v6-m/nofp\libgcc.a(subdf3.o)
                                                  e:/env-windows-v2.0.0/env-windows/tools/gnu_gcc/arm_gcc/mingw/bin/../lib/gcc/arm-none-eabi/10.3.1/thumb/v6-m/nofp\libgcc.a(_fixunsdfdi.o)
                                                  e:/env-windows-v2.0.0/env-windows/tools/gnu_gcc/arm_gcc/mingw/bin/../lib/gcc/arm-none-eabi/10.3.1/thumb/v6-m/nofp\libgcc.a(_fixunsdfsi.o)
                                                  e:/env-windows-v2.0.0/env-windows/tools/gnu_gcc/arm_gcc/mingw/bin/../lib/gcc/arm-none-eabi/10.3.1/../../../../arm-none-eabi/lib/thumb/v6-m/nofp\libg.a(lib_a-strtod.o)
__aeabi_fcmpeq                                    e:/env-windows-v2.0.0/env-windows/tools/gnu_gcc/arm_gcc/mingw/bin/../lib/gcc/arm-none-eabi/10.3.1/thumb/v6-m/nofp\libgcc.a(_arm_cmpsf2.o)
                                                  CMakeFiles/rtt_klibc.dir/rt-thread/src/klibc/rt_vsscanf.c.obj
__aeabi_fcmpge                                    e:/env-windows-v2.0.0/env-windows/tools/gnu_gcc/arm_gcc/mingw/bin/../lib/gcc/arm-none-eabi/10.3.1/thumb/v6-m/nofp\libgcc.a(_arm_cmpsf2.o)
__aeabi_fcmpgt                                    e:/env-windows-v2.0.0/env-windows/tools/gnu_gcc/arm_gcc/mingw/bin/../lib/gcc/arm-none-eabi/10.3.1/thumb/v6-m/nofp\libgcc.a(_arm_cmpsf2.o)
__aeabi_fcmple                                    e:/env-windows-v2.0.0/env-windows/tools/gnu_gcc/arm_gcc/mingw/bin/../lib/gcc/arm-none-eabi/10.3.1/thumb/v6-m/nofp\libgcc.a(_arm_cmpsf2.o)
                                                  e:/env-windows-v2.0.0/env-windows/tools/gnu_gcc/arm_gcc/mingw/bin/../lib/gcc/arm-none-eabi/10.3.1/../../../../arm-none-eabi/lib/thumb/v6-m/nofp\libg.a(lib_a-strtod.o)
__aeabi_fcmplt                                    e:/env-windows-v2.0.0/env-windows/tools/gnu_gcc/arm_gcc/mingw/bin/../lib/gcc/arm-none-eabi/10.3.1/thumb/v6-m/nofp\libgcc.a(_arm_cmpsf2.o)
__aeabi_fcmpun                                    e:/env-windows-v2.0.0/env-windows/tools/gnu_gcc/arm_gcc/mingw/bin/../lib/gcc/arm-none-eabi/10.3.1/thumb/v6-m/nofp\libgcc.a(unordsf2.o)
                                                  e:/env-windows-v2.0.0/env-windows/tools/gnu_gcc/arm_gcc/mingw/bin/../lib/gcc/arm-none-eabi/10.3.1/../../../../arm-none-eabi/lib/thumb/v6-m/nofp\libg.a(lib_a-strtod.o)
__aeabi_i2d                                       e:/env-windows-v2.0.0/env-windows/tools/gnu_gcc/arm_gcc/mingw/bin/../lib/gcc/arm-none-eabi/10.3.1/thumb/v6-m/nofp\libgcc.a(floatsidf.o)
                                                  e:/env-windows-v2.0.0/env-windows/tools/gnu_gcc/arm_gcc/mingw/bin/../lib/gcc/arm-none-eabi/10.3.1/thumb/v6-m/nofp\libgcc.a(_floatdidf.o)
__aeabi_idiv                                      e:/env-windows-v2.0.0/env-windows/tools/gnu_gcc/arm_gcc/mingw/bin/../lib/gcc/arm-none-eabi/10.3.1/thumb/v6-m/nofp\libgcc.a(_divsi3.o)
                                                  e:/env-windows-v2.0.0/env-windows/tools/gnu_gcc/arm_gcc/mingw/bin/../lib/gcc/arm-none-eabi/10.3.1/../../../../arm-none-eabi/lib/thumb/v6-m/nofp\libg.a(lib_a-fvwrite.o)
                                                  e:/env-windows-v2.0.0/env-windows/tools/gnu_gcc/arm_gcc/mingw/bin/../lib/gcc/arm-none-eabi/10.3.1/../../../../arm-none-eabi/lib/thumb/v6-m/nofp\libg.a(lib_a-mprec.o)
                                                  CMakeFiles/rtt_Kernel.dir/rt-thread/src/clock.c.obj
__aeabi_idiv0                                     e:/env-windows-v2.0.0/env-windows/tools/gnu_gcc/arm_gcc/mingw/bin/../lib/gcc/arm-none-eabi/10.3.1/thumb/v6-m/nofp\libgcc.a(_dvmd_tls.o)
                                                  e:/env-windows-v2.0.0/env-windows/tools/gnu_gcc/arm_gcc/mingw/bin/../lib/gcc/arm-none-eabi/10.3.1/thumb/v6-m/nofp\libgcc.a(_divsi3.o)
                                                  e:/env-windows-v2.0.0/env-windows/tools/gnu_gcc/arm_gcc/mingw/bin/../lib/gcc/arm-none-eabi/10.3.1/thumb/v6-m/nofp\libgcc.a(_udivsi3.o)
__aeabi_idivmod                                   e:/env-windows-v2.0.0/env-windows/tools/gnu_gcc/arm_gcc/mingw/bin/../lib/gcc/arm-none-eabi/10.3.1/thumb/v6-m/nofp\libgcc.a(_divsi3.o)
                                                  CMakeFiles/rtt_Kernel.dir/rt-thread/src/clock.c.obj
__aeabi_l2d                                       e:/env-windows-v2.0.0/env-windows/tools/gnu_gcc/arm_gcc/mingw/bin/../lib/gcc/arm-none-eabi/10.3.1/thumb/v6-m/nofp\libgcc.a(_floatdidf.o)
                                                  e:/env-windows-v2.0.0/env-windows/tools/gnu_gcc/arm_gcc/mingw/bin/../lib/gcc/arm-none-eabi/10.3.1/../../../../arm-none-eabi/lib/thumb/v6-m/nofp\libg.a(lib_a-strtod.o)
__aeabi_ldiv0                                     e:/env-windows-v2.0.0/env-windows/tools/gnu_gcc/arm_gcc/mingw/bin/../lib/gcc/arm-none-eabi/10.3.1/thumb/v6-m/nofp\libgcc.a(_dvmd_tls.o)
                                                  e:/env-windows-v2.0.0/env-windows/tools/gnu_gcc/arm_gcc/mingw/bin/../lib/gcc/arm-none-eabi/10.3.1/thumb/v6-m/nofp\libgcc.a(_aeabi_uldivmod.o)
__aeabi_lmul                                      e:/env-windows-v2.0.0/env-windows/tools/gnu_gcc/arm_gcc/mingw/bin/../lib/gcc/arm-none-eabi/10.3.1/thumb/v6-m/nofp\libgcc.a(_muldi3.o)
                                                  e:/env-windows-v2.0.0/env-windows/tools/gnu_gcc/arm_gcc/mingw/bin/../lib/gcc/arm-none-eabi/10.3.1/../../../../arm-none-eabi/lib/thumb/v6-m/nofp\libg.a(lib_a-strtoull.o)
                                                  e:/env-windows-v2.0.0/env-windows/tools/gnu_gcc/arm_gcc/mingw/bin/../lib/gcc/arm-none-eabi/10.3.1/../../../../arm-none-eabi/lib/thumb/v6-m/nofp\libg.a(lib_a-strtoll.o)
__aeabi_ui2d                                      e:/env-windows-v2.0.0/env-windows/tools/gnu_gcc/arm_gcc/mingw/bin/../lib/gcc/arm-none-eabi/10.3.1/thumb/v6-m/nofp\libgcc.a(floatunsidf.o)
                                                  e:/env-windows-v2.0.0/env-windows/tools/gnu_gcc/arm_gcc/mingw/bin/../lib/gcc/arm-none-eabi/10.3.1/thumb/v6-m/nofp\libgcc.a(_floatdidf.o)
                                                  e:/env-windows-v2.0.0/env-windows/tools/gnu_gcc/arm_gcc/mingw/bin/../lib/gcc/arm-none-eabi/10.3.1/thumb/v6-m/nofp\libgcc.a(_fixunsdfdi.o)
                                                  e:/env-windows-v2.0.0/env-windows/tools/gnu_gcc/arm_gcc/mingw/bin/../lib/gcc/arm-none-eabi/10.3.1/../../../../arm-none-eabi/lib/thumb/v6-m/nofp\libg.a(lib_a-strtod.o)
__aeabi_uidiv                                     e:/env-windows-v2.0.0/env-windows/tools/gnu_gcc/arm_gcc/mingw/bin/../lib/gcc/arm-none-eabi/10.3.1/thumb/v6-m/nofp\libgcc.a(_udivsi3.o)
                                                  CMakeFiles/rtt_klibc.dir/rt-thread/src/klibc/rt_vsnprintf_tiny.c.obj
                                                  CMakeFiles/rtt_Kernel.dir/rt-thread/src/mempool.c.obj
                                                  CMakeFiles/rtt_Kernel.dir/rt-thread/src/ipc.c.obj
__aeabi_uidivmod                                  e:/env-windows-v2.0.0/env-windows/tools/gnu_gcc/arm_gcc/mingw/bin/../lib/gcc/arm-none-eabi/10.3.1/thumb/v6-m/nofp\libgcc.a(_udivsi3.o)
                                                  e:/env-windows-v2.0.0/env-windows/tools/gnu_gcc/arm_gcc/mingw/bin/../lib/gcc/arm-none-eabi/10.3.1/thumb/v6-m/nofp\libgcc.a(divdf3.o)
                                                  CMakeFiles/rtt_klibc.dir/rt-thread/src/klibc/rt_vsnprintf_tiny.c.obj
__aeabi_uldivmod                                  e:/env-windows-v2.0.0/env-windows/tools/gnu_gcc/arm_gcc/mingw/bin/../lib/gcc/arm-none-eabi/10.3.1/thumb/v6-m/nofp\libgcc.a(_aeabi_uldivmod.o)
                                                  e:/env-windows-v2.0.0/env-windows/tools/gnu_gcc/arm_gcc/mingw/bin/../lib/gcc/arm-none-eabi/10.3.1/../../../../arm-none-eabi/lib/thumb/v6-m/nofp\libg.a(lib_a-vfiprintf.o)
                                                  e:/env-windows-v2.0.0/env-windows/tools/gnu_gcc/arm_gcc/mingw/bin/../lib/gcc/arm-none-eabi/10.3.1/../../../../arm-none-eabi/lib/thumb/v6-m/nofp\libg.a(lib_a-strtoull.o)
                                                  e:/env-windows-v2.0.0/env-windows/tools/gnu_gcc/arm_gcc/mingw/bin/../lib/gcc/arm-none-eabi/10.3.1/../../../../arm-none-eabi/lib/thumb/v6-m/nofp\libg.a(lib_a-strtoll.o)
__any_on                                          e:/env-windows-v2.0.0/env-windows/tools/gnu_gcc/arm_gcc/mingw/bin/../lib/gcc/arm-none-eabi/10.3.1/../../../../arm-none-eabi/lib/thumb/v6-m/nofp\libg.a(lib_a-mprec.o)
                                                  e:/env-windows-v2.0.0/env-windows/tools/gnu_gcc/arm_gcc/mingw/bin/../lib/gcc/arm-none-eabi/10.3.1/../../../../arm-none-eabi/lib/thumb/v6-m/nofp\libg.a(lib_a-gdtoa-gethex.o)
__ascii_mbtowc                                    e:/env-windows-v2.0.0/env-windows/tools/gnu_gcc/arm_gcc/mingw/bin/../lib/gcc/arm-none-eabi/10.3.1/../../../../arm-none-eabi/lib/thumb/v6-m/nofp\libg.a(lib_a-mbtowc_r.o)
                                                  e:/env-windows-v2.0.0/env-windows/tools/gnu_gcc/arm_gcc/mingw/bin/../lib/gcc/arm-none-eabi/10.3.1/../../../../arm-none-eabi/lib/thumb/v6-m/nofp\libg.a(lib_a-locale.o)
__ascii_wctomb                                    e:/env-windows-v2.0.0/env-windows/tools/gnu_gcc/arm_gcc/mingw/bin/../lib/gcc/arm-none-eabi/10.3.1/../../../../arm-none-eabi/lib/thumb/v6-m/nofp\libg.a(lib_a-wctomb_r.o)
                                                  e:/env-windows-v2.0.0/env-windows/tools/gnu_gcc/arm_gcc/mingw/bin/../lib/gcc/arm-none-eabi/10.3.1/../../../../arm-none-eabi/lib/thumb/v6-m/nofp\libg.a(lib_a-locale.o)
__assert                                          e:/env-windows-v2.0.0/env-windows/tools/gnu_gcc/arm_gcc/mingw/bin/../lib/gcc/arm-none-eabi/10.3.1/../../../../arm-none-eabi/lib/thumb/v6-m/nofp\libg.a(lib_a-assert.o)
__assert_func                                     e:/env-windows-v2.0.0/env-windows/tools/gnu_gcc/arm_gcc/mingw/bin/../lib/gcc/arm-none-eabi/10.3.1/../../../../arm-none-eabi/lib/thumb/v6-m/nofp\libg.a(lib_a-assert.o)
                                                  e:/env-windows-v2.0.0/env-windows/tools/gnu_gcc/arm_gcc/mingw/bin/../lib/gcc/arm-none-eabi/10.3.1/../../../../arm-none-eabi/lib/thumb/v6-m/nofp\libg.a(lib_a-mprec.o)
                                                  e:/env-windows-v2.0.0/env-windows/tools/gnu_gcc/arm_gcc/mingw/bin/../lib/gcc/arm-none-eabi/10.3.1/../../../../arm-none-eabi/lib/thumb/v6-m/nofp\libg.a(lib_a-gdtoa-gethex.o)
__b2d                                             e:/env-windows-v2.0.0/env-windows/tools/gnu_gcc/arm_gcc/mingw/bin/../lib/gcc/arm-none-eabi/10.3.1/../../../../arm-none-eabi/lib/thumb/v6-m/nofp\libg.a(lib_a-mprec.o)
__bss_end__                                       CMakeFiles/rtt_Drivers.dir/driver/board.c.obj
__clzdi2                                          e:/env-windows-v2.0.0/env-windows/tools/gnu_gcc/arm_gcc/mingw/bin/../lib/gcc/arm-none-eabi/10.3.1/thumb/v6-m/nofp\libgcc.a(_clzdi2.o)
                                                  e:/env-windows-v2.0.0/env-windows/tools/gnu_gcc/arm_gcc/mingw/bin/../lib/gcc/arm-none-eabi/10.3.1/thumb/v6-m/nofp\libgcc.a(_udivmoddi4.o)
__clzsi2                                          e:/env-windows-v2.0.0/env-windows/tools/gnu_gcc/arm_gcc/mingw/bin/../lib/gcc/arm-none-eabi/10.3.1/thumb/v6-m/nofp\libgcc.a(_clzsi2.o)
                                                  e:/env-windows-v2.0.0/env-windows/tools/gnu_gcc/arm_gcc/mingw/bin/../lib/gcc/arm-none-eabi/10.3.1/thumb/v6-m/nofp\libgcc.a(_clzdi2.o)
                                                  e:/env-windows-v2.0.0/env-windows/tools/gnu_gcc/arm_gcc/mingw/bin/../lib/gcc/arm-none-eabi/10.3.1/thumb/v6-m/nofp\libgcc.a(floatunsidf.o)
                                                  e:/env-windows-v2.0.0/env-windows/tools/gnu_gcc/arm_gcc/mingw/bin/../lib/gcc/arm-none-eabi/10.3.1/thumb/v6-m/nofp\libgcc.a(floatsidf.o)
                                                  e:/env-windows-v2.0.0/env-windows/tools/gnu_gcc/arm_gcc/mingw/bin/../lib/gcc/arm-none-eabi/10.3.1/thumb/v6-m/nofp\libgcc.a(subdf3.o)
                                                  e:/env-windows-v2.0.0/env-windows/tools/gnu_gcc/arm_gcc/mingw/bin/../lib/gcc/arm-none-eabi/10.3.1/thumb/v6-m/nofp\libgcc.a(muldf3.o)
                                                  e:/env-windows-v2.0.0/env-windows/tools/gnu_gcc/arm_gcc/mingw/bin/../lib/gcc/arm-none-eabi/10.3.1/thumb/v6-m/nofp\libgcc.a(divdf3.o)
                                                  e:/env-windows-v2.0.0/env-windows/tools/gnu_gcc/arm_gcc/mingw/bin/../lib/gcc/arm-none-eabi/10.3.1/thumb/v6-m/nofp\libgcc.a(adddf3.o)
__copybits                                        e:/env-windows-v2.0.0/env-windows/tools/gnu_gcc/arm_gcc/mingw/bin/../lib/gcc/arm-none-eabi/10.3.1/../../../../arm-none-eabi/lib/thumb/v6-m/nofp\libg.a(lib_a-mprec.o)
                                                  e:/env-windows-v2.0.0/env-windows/tools/gnu_gcc/arm_gcc/mingw/bin/../lib/gcc/arm-none-eabi/10.3.1/../../../../arm-none-eabi/lib/thumb/v6-m/nofp\libg.a(lib_a-strtod.o)
__d2b                                             e:/env-windows-v2.0.0/env-windows/tools/gnu_gcc/arm_gcc/mingw/bin/../lib/gcc/arm-none-eabi/10.3.1/../../../../arm-none-eabi/lib/thumb/v6-m/nofp\libg.a(lib_a-mprec.o)
                                                  e:/env-windows-v2.0.0/env-windows/tools/gnu_gcc/arm_gcc/mingw/bin/../lib/gcc/arm-none-eabi/10.3.1/../../../../arm-none-eabi/lib/thumb/v6-m/nofp\libg.a(lib_a-strtod.o)
__div0                                            CMakeFiles/rtt_libcpu.dir/rt-thread/libcpu/arm/common/div0.c.obj
__divsi3                                          e:/env-windows-v2.0.0/env-windows/tools/gnu_gcc/arm_gcc/mingw/bin/../lib/gcc/arm-none-eabi/10.3.1/thumb/v6-m/nofp\libgcc.a(_divsi3.o)
__env                                             CMakeFiles/rtthread.elf.dir/applications/syscalls.c.obj
__eqdf2                                           e:/env-windows-v2.0.0/env-windows/tools/gnu_gcc/arm_gcc/mingw/bin/../lib/gcc/arm-none-eabi/10.3.1/thumb/v6-m/nofp\libgcc.a(eqdf2.o)
                                                  e:/env-windows-v2.0.0/env-windows/tools/gnu_gcc/arm_gcc/mingw/bin/../lib/gcc/arm-none-eabi/10.3.1/thumb/v6-m/nofp\libgcc.a(_arm_cmpdf2.o)
__eqsf2                                           e:/env-windows-v2.0.0/env-windows/tools/gnu_gcc/arm_gcc/mingw/bin/../lib/gcc/arm-none-eabi/10.3.1/thumb/v6-m/nofp\libgcc.a(eqsf2.o)
                                                  e:/env-windows-v2.0.0/env-windows/tools/gnu_gcc/arm_gcc/mingw/bin/../lib/gcc/arm-none-eabi/10.3.1/thumb/v6-m/nofp\libgcc.a(_arm_cmpsf2.o)
__errno                                           e:/env-windows-v2.0.0/env-windows/tools/gnu_gcc/arm_gcc/mingw/bin/../lib/gcc/arm-none-eabi/10.3.1/../../../../arm-none-eabi/lib/thumb/v6-m/nofp\libg.a(lib_a-errno.o)
                                                  e:/env-windows-v2.0.0/env-windows/tools/gnu_gcc/arm_gcc/mingw/bin/../lib/gcc/arm-none-eabi/10.3.1/../../../../arm-none-eabi/lib/thumb/v6-m/nofp\libg.a(lib_a-callocr.o)
                                                  CMakeFiles/rtthread.elf.dir/applications/syscalls.c.obj
                                                  CMakeFiles/rtthread.elf.dir/applications/sysmem.c.obj
__fixdfdi                                         e:/env-windows-v2.0.0/env-windows/tools/gnu_gcc/arm_gcc/mingw/bin/../lib/gcc/arm-none-eabi/10.3.1/thumb/v6-m/nofp\libgcc.a(_fixdfdi.o)
__fixunsdfdi                                      e:/env-windows-v2.0.0/env-windows/tools/gnu_gcc/arm_gcc/mingw/bin/../lib/gcc/arm-none-eabi/10.3.1/thumb/v6-m/nofp\libgcc.a(_fixunsdfdi.o)
__fixunsdfsi                                      e:/env-windows-v2.0.0/env-windows/tools/gnu_gcc/arm_gcc/mingw/bin/../lib/gcc/arm-none-eabi/10.3.1/thumb/v6-m/nofp\libgcc.a(_fixunsdfsi.o)
__floatdidf                                       e:/env-windows-v2.0.0/env-windows/tools/gnu_gcc/arm_gcc/mingw/bin/../lib/gcc/arm-none-eabi/10.3.1/thumb/v6-m/nofp\libgcc.a(_floatdidf.o)
__fp_lock_all                                     e:/env-windows-v2.0.0/env-windows/tools/gnu_gcc/arm_gcc/mingw/bin/../lib/gcc/arm-none-eabi/10.3.1/../../../../arm-none-eabi/lib/thumb/v6-m/nofp\libg.a(lib_a-findfp.o)
__fp_unlock_all                                   e:/env-windows-v2.0.0/env-windows/tools/gnu_gcc/arm_gcc/mingw/bin/../lib/gcc/arm-none-eabi/10.3.1/../../../../arm-none-eabi/lib/thumb/v6-m/nofp\libg.a(lib_a-findfp.o)
__fputwc                                          e:/env-windows-v2.0.0/env-windows/tools/gnu_gcc/arm_gcc/mingw/bin/../lib/gcc/arm-none-eabi/10.3.1/../../../../arm-none-eabi/lib/thumb/v6-m/nofp\libg.a(lib_a-fputwc.o)
__gedf2                                           e:/env-windows-v2.0.0/env-windows/tools/gnu_gcc/arm_gcc/mingw/bin/../lib/gcc/arm-none-eabi/10.3.1/thumb/v6-m/nofp\libgcc.a(gedf2.o)
                                                  e:/env-windows-v2.0.0/env-windows/tools/gnu_gcc/arm_gcc/mingw/bin/../lib/gcc/arm-none-eabi/10.3.1/thumb/v6-m/nofp\libgcc.a(_arm_cmpdf2.o)
__gesf2                                           e:/env-windows-v2.0.0/env-windows/tools/gnu_gcc/arm_gcc/mingw/bin/../lib/gcc/arm-none-eabi/10.3.1/thumb/v6-m/nofp\libgcc.a(gesf2.o)
                                                  e:/env-windows-v2.0.0/env-windows/tools/gnu_gcc/arm_gcc/mingw/bin/../lib/gcc/arm-none-eabi/10.3.1/thumb/v6-m/nofp\libgcc.a(_arm_cmpsf2.o)
__gethex                                          e:/env-windows-v2.0.0/env-windows/tools/gnu_gcc/arm_gcc/mingw/bin/../lib/gcc/arm-none-eabi/10.3.1/../../../../arm-none-eabi/lib/thumb/v6-m/nofp\libg.a(lib_a-gdtoa-gethex.o)
                                                  e:/env-windows-v2.0.0/env-windows/tools/gnu_gcc/arm_gcc/mingw/bin/../lib/gcc/arm-none-eabi/10.3.1/../../../../arm-none-eabi/lib/thumb/v6-m/nofp\libg.a(lib_a-strtod.o)
__global_locale                                   e:/env-windows-v2.0.0/env-windows/tools/gnu_gcc/arm_gcc/mingw/bin/../lib/gcc/arm-none-eabi/10.3.1/../../../../arm-none-eabi/lib/thumb/v6-m/nofp\libg.a(lib_a-locale.o)
                                                  e:/env-windows-v2.0.0/env-windows/tools/gnu_gcc/arm_gcc/mingw/bin/../lib/gcc/arm-none-eabi/10.3.1/../../../../arm-none-eabi/lib/thumb/v6-m/nofp\libg.a(lib_a-wcrtomb.o)
                                                  e:/env-windows-v2.0.0/env-windows/tools/gnu_gcc/arm_gcc/mingw/bin/../lib/gcc/arm-none-eabi/10.3.1/../../../../arm-none-eabi/lib/thumb/v6-m/nofp\libg.a(lib_a-localeconv.o)
                                                  e:/env-windows-v2.0.0/env-windows/tools/gnu_gcc/arm_gcc/mingw/bin/../lib/gcc/arm-none-eabi/10.3.1/../../../../arm-none-eabi/lib/thumb/v6-m/nofp\libg.a(lib_a-wctomb_r.o)
                                                  e:/env-windows-v2.0.0/env-windows/tools/gnu_gcc/arm_gcc/mingw/bin/../lib/gcc/arm-none-eabi/10.3.1/../../../../arm-none-eabi/lib/thumb/v6-m/nofp\libg.a(lib_a-mbtowc_r.o)
                                                  e:/env-windows-v2.0.0/env-windows/tools/gnu_gcc/arm_gcc/mingw/bin/../lib/gcc/arm-none-eabi/10.3.1/../../../../arm-none-eabi/lib/thumb/v6-m/nofp\libg.a(lib_a-strtold.o)